Archive member included to satisfy reference by file (symbol)

./build/imx8qm/release/lib/libc.a(memcpy.o)
                              ./build/imx8qm/release/bl31/misc.o (memcpy)
./build/imx8qm/release/lib/libc.a(memmove.o)
                              ./build/imx8qm/release/bl31/xlat_tables_common.o (memmove)
./build/imx8qm/release/lib/libc.a(memset.o)
                              ./build/imx8qm/release/bl31/runtime_svc.o (memset)
./build/imx8qm/release/lib/libc.a(printf.o)
                              ./build/imx8qm/release/bl31/tf_log.o (vprintf)
./build/imx8qm/release/lib/libc.a(putchar.o)
                              ./build/imx8qm/release/bl31/tf_log.o (putchar)
./build/imx8qm/release/lib/libc.a(strchr.o)
                              ./build/imx8qm/release/bl31/misc.o (strchr)

Allocating common symbols
Common symbol       size              file

rt_svc_descs_indices
                    0x80              ./build/imx8qm/release/bl31/runtime_svc.o
psci_cpu_pd_nodes   0x60              ./build/imx8qm/release/bl31/psci_common.o
rdistif_base_addrs  0x30              ./build/imx8qm/release/bl31/plat_imx8_gic.o
ipc_handle          0x8               ./build/imx8qm/release/bl31/imx8qm_bl31_setup.o
psci_caps           0x4               ./build/imx8qm/release/bl31/psci_setup.o
psci_plat_pm_ops    0x8               ./build/imx8qm/release/bl31/psci_common.o
percpu_data         0x180             ./build/imx8qm/release/bl31/cpu_data_array.o
gicv3_driver_data   0x8               ./build/imx8qm/release/bl31/gicv3_main.o
psci_spd_pm         0x8               ./build/imx8qm/release/bl31/psci_common.o

Discarded input sections

 .text          0x0000000000000000        0x0 ./build/imx8qm/release/bl31/build_message.o
 .data          0x0000000000000000        0x0 ./build/imx8qm/release/bl31/build_message.o
 .bss           0x0000000000000000        0x0 ./build/imx8qm/release/bl31/build_message.o
 .text          0x0000000000000000        0x0 ./build/imx8qm/release/bl31/imx8qm_bl31_setup.o
 .data          0x0000000000000000        0x0 ./build/imx8qm/release/bl31/imx8qm_bl31_setup.o
 .bss           0x0000000000000000        0x0 ./build/imx8qm/release/bl31/imx8qm_bl31_setup.o
 .eh_frame      0x0000000000000000      0x110 ./build/imx8qm/release/bl31/imx8qm_bl31_setup.o
 .text          0x0000000000000000        0x0 ./build/imx8qm/release/bl31/imx8qm_psci.o
 .data          0x0000000000000000        0x0 ./build/imx8qm/release/bl31/imx8qm_psci.o
 .bss           0x0000000000000000        0x0 ./build/imx8qm/release/bl31/imx8qm_psci.o
 .eh_frame      0x0000000000000000      0x158 ./build/imx8qm/release/bl31/imx8qm_psci.o
 .text          0x0000000000000000        0x0 ./build/imx8qm/release/bl31/imx8_topology.o
 .data          0x0000000000000000        0x0 ./build/imx8qm/release/bl31/imx8_topology.o
 .bss           0x0000000000000000        0x0 ./build/imx8qm/release/bl31/imx8_topology.o
 .eh_frame      0x0000000000000000       0x40 ./build/imx8qm/release/bl31/imx8_topology.o
 .text          0x0000000000000000        0x0 ./build/imx8qm/release/bl31/imx8_psci.o
 .data          0x0000000000000000        0x0 ./build/imx8qm/release/bl31/imx8_psci.o
 .bss           0x0000000000000000        0x0 ./build/imx8qm/release/bl31/imx8_psci.o
 .eh_frame      0x0000000000000000       0xa0 ./build/imx8qm/release/bl31/imx8_psci.o
 .text          0x0000000000000000        0x0 ./build/imx8qm/release/bl31/cpufreq.o
 .data          0x0000000000000000        0x0 ./build/imx8qm/release/bl31/cpufreq.o
 .bss           0x0000000000000000        0x0 ./build/imx8qm/release/bl31/cpufreq.o
 .eh_frame      0x0000000000000000       0x38 ./build/imx8qm/release/bl31/cpufreq.o
 .text          0x0000000000000000        0x0 ./build/imx8qm/release/bl31/srtc.o
 .data          0x0000000000000000        0x0 ./build/imx8qm/release/bl31/srtc.o
 .bss           0x0000000000000000        0x0 ./build/imx8qm/release/bl31/srtc.o
 .eh_frame      0x0000000000000000       0x50 ./build/imx8qm/release/bl31/srtc.o
 .text          0x0000000000000000        0x0 ./build/imx8qm/release/bl31/misc.o
 .data          0x0000000000000000        0x0 ./build/imx8qm/release/bl31/misc.o
 .bss           0x0000000000000000        0x0 ./build/imx8qm/release/bl31/misc.o
 .eh_frame      0x0000000000000000       0xd8 ./build/imx8qm/release/bl31/misc.o
 .text          0x0000000000000000        0x0 ./build/imx8qm/release/bl31/imx8_sip_svc.o
 .data          0x0000000000000000        0x0 ./build/imx8qm/release/bl31/imx8_sip_svc.o
 .bss           0x0000000000000000        0x0 ./build/imx8qm/release/bl31/imx8_sip_svc.o
 .eh_frame      0x0000000000000000       0x90 ./build/imx8qm/release/bl31/imx8_sip_svc.o
 .text          0x0000000000000000        0x0 ./build/imx8qm/release/bl31/xlat_tables.o
 .data          0x0000000000000000        0x0 ./build/imx8qm/release/bl31/xlat_tables.o
 .bss           0x0000000000000000        0x0 ./build/imx8qm/release/bl31/xlat_tables.o
 .text.enable_mmu_el1
[...]
Memory Configuration

Name             Origin             Length             Attributes
RAM              0x0000000080000000 0x0000000000020000 xrw
*default*        0x0000000000000000 0xffffffffffffffff

Linker script and memory map

                0x0000000080000000                . = 0x80000000
                0x0000000000000001                ASSERT ((. == ALIGN (0x1000)), BL31_BASE address is not aligned on a page boundary.)

ro              0x0000000080000000     0x9000
                0x0000000080000000                __RO_START__ = .
 *bl31_entrypoint.o(.text*)
 .text.asm.bl31_entrypoint
                0x0000000080000000      0x1c0 ./build/imx8qm/release/bl31/bl31_entrypoint.o
                0x0000000080000000                bl31_entrypoint
 .text.asm.bl31_warm_entrypoint
                0x00000000800001c0       0x60 ./build/imx8qm/release/bl31/bl31_entrypoint.o
                0x00000000800001c0                bl31_warm_entrypoint
 *(.text*)
 .text.mx8_partition_resources
                0x0000000080000220      0x640 ./build/imx8qm/release/bl31/imx8qm_bl31_setup.o
                0x0000000080000220                mx8_partition_resources
 .text.bl31_early_platform_setup2
                0x0000000080000860       0xd4 ./build/imx8qm/release/bl31/imx8qm_bl31_setup.o
                0x0000000080000860                bl31_early_platform_setup2
 *fill*         0x0000000080000934        0x4 
 .text.bl31_plat_arch_setup
                0x0000000080000938       0xa4 ./build/imx8qm/release/bl31/imx8qm_bl31_setup.o
                0x0000000080000938                bl31_plat_arch_setup
 *fill*         0x00000000800009dc        0x4 
 .text.bl31_platform_setup
                0x00000000800009e0       0x14 ./build/imx8qm/release/bl31/imx8qm_bl31_setup.o
                0x00000000800009e0                bl31_platform_setup
 *fill*         0x00000000800009f4        0x4 
 .text.bl31_plat_get_next_image_ep_info
                0x00000000800009f8       0x28 ./build/imx8qm/release/bl31/imx8qm_bl31_setup.o
                0x00000000800009f8                bl31_plat_get_next_image_ep_info
 .text.plat_get_syscnt_freq2
                0x0000000080000a20        0xc ./build/imx8qm/release/bl31/imx8qm_bl31_setup.o
                0x0000000080000a20                plat_get_syscnt_freq2
 *fill*         0x0000000080000a2c        0x4 
 .text.bl31_plat_runtime_setup
                0x0000000080000a30        0x4 ./build/imx8qm/release/bl31/imx8qm_bl31_setup.o
                0x0000000080000a30                bl31_plat_runtime_setup
 *fill*         0x0000000080000a34        0x4 
 .text.imx_validate_ns_entrypoint
                0x0000000080000a38        0x8 ./build/imx8qm/release/bl31/imx8qm_psci.o
                0x0000000080000a38                imx_validate_ns_entrypoint
 .text.imx_pwr_domain_on
                0x0000000080000a40       0xe0 ./build/imx8qm/release/bl31/imx8qm_psci.o
                0x0000000080000a40                imx_pwr_domain_on
 .text.imx_pwr_domain_on_finish
                0x0000000080000b20       0x38 ./build/imx8qm/release/bl31/imx8qm_psci.o
                0x0000000080000b20                imx_pwr_domain_on_finish
 .text.imx_pwr_domain_off
                0x0000000080000b58       0x90 ./build/imx8qm/release/bl31/imx8qm_psci.o
                0x0000000080000b58                imx_pwr_domain_off
 .text.imx_domain_suspend
                0x0000000080000be8      0x304 ./build/imx8qm/release/bl31/imx8qm_psci.o
                0x0000000080000be8                imx_domain_suspend
 *fill*         0x0000000080000eec        0x4 
 .text.imx_domain_suspend_finish
                0x0000000080000ef0      0x2c0 ./build/imx8qm/release/bl31/imx8qm_psci.o
                0x0000000080000ef0                imx_domain_suspend_finish
 .text.plat_setup_psci_ops
                0x00000000800011b0       0xf4 ./build/imx8qm/release/bl31/imx8qm_psci.o
                0x00000000800011b0                plat_setup_psci_ops
 *fill*         0x00000000800012a4        0x4 
 .text.plat_get_power_domain_tree_desc
                0x00000000800012a8        0xc ./build/imx8qm/release/bl31/imx8_topology.o
                0x00000000800012a8                plat_get_power_domain_tree_desc
 *fill*         0x00000000800012b4        0x4 
 .text.plat_core_pos_by_mpidr
                0x00000000800012b8       0x38 ./build/imx8qm/release/bl31/imx8_topology.o
                0x00000000800012b8                plat_core_pos_by_mpidr
 .text.imx_system_off
                0x00000000800012f0       0x30 ./build/imx8qm/release/bl31/imx8_psci.o
                0x00000000800012f0                imx_system_off
 .text.imx_system_reset
                0x0000000080001320       0x30 ./build/imx8qm/release/bl31/imx8_psci.o
                0x0000000080001320                imx_system_reset
 .text.imx_system_reset2
                0x0000000080001350       0x9c ./build/imx8qm/release/bl31/imx8_psci.o
                0x0000000080001350                imx_system_reset2
 *fill*         0x00000000800013ec        0x4 
 .text.imx_validate_power_state
                0x00000000800013f0       0x44 ./build/imx8qm/release/bl31/imx8_psci.o
                0x00000000800013f0                imx_validate_power_state
 *fill*         0x0000000080001434        0x4 
 .text.imx_get_sys_suspend_power_state
                0x0000000080001438       0x14 ./build/imx8qm/release/bl31/imx8_psci.o
                0x0000000080001438                imx_get_sys_suspend_power_state
 *fill*         0x000000008000144c        0x4 
 .text.imx_pwr_domain_pwr_down_wfi
                0x0000000080001450        0x8 ./build/imx8qm/release/bl31/imx8_psci.o
                0x0000000080001450                imx_pwr_domain_pwr_down_wfi
 .text.imx_cpufreq_handler
                0x0000000080001458       0x4c ./build/imx8qm/release/bl31/cpufreq.o
                0x0000000080001458                imx_cpufreq_handler
 *fill*         0x00000000800014a4        0x4 
 .text.imx_srtc_handler
                0x00000000800014a8      0x184 ./build/imx8qm/release/bl31/srtc.o
                0x00000000800014a8                imx_srtc_handler
 *fill*         0x000000008000162c        0x4 
 .text.imx_is_wakeup_src_irqsteer
                0x0000000080001630        0xc ./build/imx8qm/release/bl31/misc.o
                0x0000000080001630                imx_is_wakeup_src_irqsteer
 *fill*         0x000000008000163c        0x4 
 .text.imx_wakeup_src_handler
                0x0000000080001640       0x38 ./build/imx8qm/release/bl31/misc.o
                0x0000000080001640                imx_wakeup_src_handler
 .text.imx_otp_handler
                0x0000000080001678       0x9c ./build/imx8qm/release/bl31/misc.o
                0x0000000080001678                imx_otp_handler
 *fill*         0x0000000080001714        0x4 
 .text.imx_misc_set_temp_handler
                0x0000000080001718       0x20 ./build/imx8qm/release/bl31/misc.o
                0x0000000080001718                imx_misc_set_temp_handler
 .text.imx_get_cpu_rev
                0x0000000080001738       0x6c ./build/imx8qm/release/bl31/misc.o
                0x0000000080001738                imx_get_cpu_rev
 *fill*         0x00000000800017a4        0x4 
 .text.imx_buildinfo_handler
                0x00000000800017a8       0x5c ./build/imx8qm/release/bl31/misc.o
                0x00000000800017a8                imx_buildinfo_handler
 *fill*         0x0000000080001804        0x4 
 .text.imx_svc_smc_handler
                0x0000000080001808      0x140 ./build/imx8qm/release/bl31/imx8_sip_svc.o
                0x0000000080001808                imx_svc_smc_handler
 .text.plat_svc_setup
                0x0000000080001948       0x20 ./build/imx8qm/release/bl31/imx8_sip_svc.o
 .text.xlat_arch_current_el
                0x0000000080001968        0xc ./build/imx8qm/release/bl31/xlat_tables.o
                0x0000000080001968                xlat_arch_current_el
 *fill*         0x0000000080001974        0x4 
 .text.xlat_arch_get_xn_desc
                0x0000000080001978       0x14 ./build/imx8qm/release/bl31/xlat_tables.o
                0x0000000080001978                xlat_arch_get_xn_desc
 *fill*         0x000000008000198c        0x4 
 .text.init_xlat_tables
                0x0000000080001990       0x74 ./build/imx8qm/release/bl31/xlat_tables.o
                0x0000000080001990                init_xlat_tables
 *fill*         0x0000000080001a04        0x4 
 .text.enable_mmu_el3
                0x0000000080001a08       0x80 ./build/imx8qm/release/bl31/xlat_tables.o
                0x0000000080001a08                enable_mmu_el3
 .text.enable_mmu_direct_el3
                0x0000000080001a88        0x4 ./build/imx8qm/release/bl31/xlat_tables.o
                0x0000000080001a88                enable_mmu_direct_el3
 *fill*         0x0000000080001a8c        0x4 
 .text.init_xlation_table_inner
                0x0000000080001a90      0x1f8 ./build/imx8qm/release/bl31/xlat_tables_common.o
 .text.print_mmap
                0x0000000080001c88        0x4 ./build/imx8qm/release/bl31/xlat_tables_common.o
                0x0000000080001c88                print_mmap
 *fill*         0x0000000080001c8c        0x4 
 .text.mmap_add_region
                0x0000000080001c90      0x10c ./build/imx8qm/release/bl31/xlat_tables_common.o
                0x0000000080001c90                mmap_add_region
 *fill*         0x0000000080001d9c        0x4 
 .text.mmap_add
                0x0000000080001da0       0x40 ./build/imx8qm/release/bl31/xlat_tables_common.o
                0x0000000080001da0                mmap_add
 .text.init_xlation_table
                0x0000000080001de0       0x94 ./build/imx8qm/release/bl31/xlat_tables_common.o
                0x0000000080001de0                init_xlation_table
 *fill*         0x0000000080001e74        0x4 
 .text.cci_init
                0x0000000080001e78       0x14 ./build/imx8qm/release/bl31/cci.o
                0x0000000080001e78                cci_init
 *fill*         0x0000000080001e8c        0x4 
 .text.cci_enable_snoop_dvm_reqs
                0x0000000080001e90       0x3c ./build/imx8qm/release/bl31/cci.o
                0x0000000080001e90                cci_enable_snoop_dvm_reqs
 *fill*         0x0000000080001ecc        0x4 
 .text.cci_disable_snoop_dvm_reqs
                0x0000000080001ed0       0x3c ./build/imx8qm/release/bl31/cci.o
                0x0000000080001ed0                cci_disable_snoop_dvm_reqs
 *fill*         0x0000000080001f0c        0x4 
 .text.gicd_read_igrpmodr
                0x0000000080001f10       0x14 ./build/imx8qm/release/bl31/gicv3_helpers.o
                0x0000000080001f10                gicd_read_igrpmodr
 *fill*         0x0000000080001f24        0x4 
 .text.gicd_write_igrpmodr
                0x0000000080001f28       0x14 ./build/imx8qm/release/bl31/gicv3_helpers.o
                0x0000000080001f28                gicd_write_igrpmodr
 *fill*         0x0000000080001f3c        0x4 
 .text.gicr_read_ipriorityr
                0x0000000080001f40       0x14 ./build/imx8qm/release/bl31/gicv3_helpers.o
                0x0000000080001f40                gicr_read_ipriorityr
 *fill*         0x0000000080001f54        0x4 
 .text.gicr_write_ipriorityr
                0x0000000080001f58       0x14 ./build/imx8qm/release/bl31/gicv3_helpers.o
                0x0000000080001f58                gicr_write_ipriorityr
 *fill*         0x0000000080001f6c        0x4 
 .text.gicv3_rdistif_mark_core_awake
                0x0000000080001f70       0x3c ./build/imx8qm/release/bl31/gicv3_helpers.o
                0x0000000080001f70                gicv3_rdistif_mark_core_awake
 *fill*         0x0000000080001fac        0x4 
 .text.gicv3_rdistif_mark_core_asleep
                0x0000000080001fb0       0x1c ./build/imx8qm/release/bl31/gicv3_helpers.o
                0x0000000080001fb0                gicv3_rdistif_mark_core_asleep
 *fill*         0x0000000080001fcc        0x4 
 .text.gicv3_rdistif_base_addrs_probe
                0x0000000080001fd0       0x58 ./build/imx8qm/release/bl31/gicv3_helpers.o
                0x0000000080001fd0                gicv3_rdistif_base_addrs_probe
 .text.gicv3_spis_config_defaults
                0x0000000080002028       0x94 ./build/imx8qm/release/bl31/gicv3_helpers.o
                0x0000000080002028                gicv3_spis_config_defaults
 *fill*         0x00000000800020bc        0x4 
 .text.gicv3_secure_spis_config_props
                0x00000000800020c0      0x130 ./build/imx8qm/release/bl31/gicv3_helpers.o
                0x00000000800020c0                gicv3_secure_spis_config_props
 .text.gicv3_ppi_sgi_config_defaults
                0x00000000800021f0       0x5c ./build/imx8qm/release/bl31/gicv3_helpers.o
                0x00000000800021f0                gicv3_ppi_sgi_config_defaults
 *fill*         0x000000008000224c        0x4 
 .text.gicv3_secure_ppi_sgi_config_props
                0x0000000080002250      0x10c ./build/imx8qm/release/bl31/gicv3_helpers.o
                0x0000000080002250                gicv3_secure_ppi_sgi_config_props
 *fill*         0x000000008000235c        0x4 
 .text.arm_gicv3_distif_pre_save
                0x0000000080002360       0x2c ./build/imx8qm/release/bl31/arm_gicv3_common.o
                0x0000000080002360                arm_gicv3_distif_pre_save
 *fill*         0x000000008000238c        0x4 
 .text.arm_gicv3_distif_post_restore
                0x0000000080002390       0x34 ./build/imx8qm/release/bl31/arm_gicv3_common.o
                0x0000000080002390                arm_gicv3_distif_post_restore
 *fill*         0x00000000800023c4        0x4 
 .text.gicv3_distif_pre_save
                0x00000000800023c8        0x4 ./build/imx8qm/release/bl31/gic500.o
                0x00000000800023c8                gicv3_distif_pre_save
 *fill*         0x00000000800023cc        0x4 
 .text.gicv3_distif_post_restore
                0x00000000800023d0        0x4 ./build/imx8qm/release/bl31/gic500.o
                0x00000000800023d0                gicv3_distif_post_restore
 *fill*         0x00000000800023d4        0x4 
 .text.gicv3_driver_init
                0x00000000800023d8       0x54 ./build/imx8qm/release/bl31/gicv3_main.o
                0x00000000800023d8                gicv3_driver_init
 *fill*         0x000000008000242c        0x4 
 .text.gicv3_distif_init
                0x0000000080002430       0x8c ./build/imx8qm/release/bl31/gicv3_main.o
                0x0000000080002430                gicv3_distif_init
 *fill*         0x00000000800024bc        0x4 
 .text.gicv3_rdistif_on
                0x00000000800024c0        0x4 ./build/imx8qm/release/bl31/gicv3_main.o
                0x00000000800024c0                gicv3_rdistif_on
 *fill*         0x00000000800024c4        0x4 
 .text.gicv3_rdistif_init
                0x00000000800024c8       0x88 ./build/imx8qm/release/bl31/gicv3_main.o
                0x00000000800024c8                gicv3_rdistif_init
 .text.gicv3_cpuif_enable
                0x0000000080002550       0x84 ./build/imx8qm/release/bl31/gicv3_main.o
                0x0000000080002550                gicv3_cpuif_enable
 *fill*         0x00000000800025d4        0x4 
 .text.gicv3_cpuif_disable
                0x00000000800025d8       0x3c ./build/imx8qm/release/bl31/gicv3_main.o
                0x00000000800025d8                gicv3_cpuif_disable
 *fill*         0x0000000080002614        0x4 
 .text.gicv3_get_pending_interrupt_type
                0x0000000080002618        0xc ./build/imx8qm/release/bl31/gicv3_main.o
                0x0000000080002618                gicv3_get_pending_interrupt_type
 *fill*         0x0000000080002624        0x4 
 .text.gicv3_rdistif_save
                0x0000000080002628      0x100 ./build/imx8qm/release/bl31/gicv3_main.o
                0x0000000080002628                gicv3_rdistif_save
 .text.gicv3_rdistif_init_restore
                0x0000000080002728      0x140 ./build/imx8qm/release/bl31/gicv3_main.o
                0x0000000080002728                gicv3_rdistif_init_restore
 .text.gicv3_distif_save
                0x0000000080002868      0x208 ./build/imx8qm/release/bl31/gicv3_main.o
                0x0000000080002868                gicv3_distif_save
 .text.gicv3_distif_init_restore
                0x0000000080002a70      0x238 ./build/imx8qm/release/bl31/gicv3_main.o
                0x0000000080002a70                gicv3_distif_init_restore
 .text.gicd_read_igroupr
                0x0000000080002ca8       0x14 ./build/imx8qm/release/bl31/gic_common.o
                0x0000000080002ca8                gicd_read_igroupr
 *fill*         0x0000000080002cbc        0x4 
 .text.gicd_read_isenabler
                0x0000000080002cc0       0x14 ./build/imx8qm/release/bl31/gic_common.o
                0x0000000080002cc0                gicd_read_isenabler
 *fill*         0x0000000080002cd4        0x4 
 .text.gicd_read_ispendr
                0x0000000080002cd8       0x14 ./build/imx8qm/release/bl31/gic_common.o
                0x0000000080002cd8                gicd_read_ispendr
 *fill*         0x0000000080002cec        0x4 
 .text.gicd_read_isactiver
                0x0000000080002cf0       0x14 ./build/imx8qm/release/bl31/gic_common.o
                0x0000000080002cf0                gicd_read_isactiver
 *fill*         0x0000000080002d04        0x4 
 .text.gicd_read_ipriorityr
                0x0000000080002d08       0x10 ./build/imx8qm/release/bl31/gic_common.o
                0x0000000080002d08                gicd_read_ipriorityr
 .text.gicd_read_icfgr
                0x0000000080002d18       0x14 ./build/imx8qm/release/bl31/gic_common.o
                0x0000000080002d18                gicd_read_icfgr
 *fill*         0x0000000080002d2c        0x4 
 .text.gicd_read_nsacr
                0x0000000080002d30       0x14 ./build/imx8qm/release/bl31/gic_common.o
                0x0000000080002d30                gicd_read_nsacr
 *fill*         0x0000000080002d44        0x4 
 .text.gicd_write_igroupr
                0x0000000080002d48       0x14 ./build/imx8qm/release/bl31/gic_common.o
                0x0000000080002d48                gicd_write_igroupr
 *fill*         0x0000000080002d5c        0x4 
 .text.gicd_write_isenabler
                0x0000000080002d60       0x14 ./build/imx8qm/release/bl31/gic_common.o
                0x0000000080002d60                gicd_write_isenabler
 *fill*         0x0000000080002d74        0x4 
 .text.gicd_write_ispendr
                0x0000000080002d78       0x14 ./build/imx8qm/release/bl31/gic_common.o
                0x0000000080002d78                gicd_write_ispendr
 *fill*         0x0000000080002d8c        0x4 
 .text.gicd_write_isactiver
                0x0000000080002d90       0x14 ./build/imx8qm/release/bl31/gic_common.o
                0x0000000080002d90                gicd_write_isactiver
 *fill*         0x0000000080002da4        0x4 
 .text.gicd_write_ipriorityr
                0x0000000080002da8       0x10 ./build/imx8qm/release/bl31/gic_common.o
                0x0000000080002da8                gicd_write_ipriorityr
 .text.gicd_write_icfgr
                0x0000000080002db8       0x14 ./build/imx8qm/release/bl31/gic_common.o
                0x0000000080002db8                gicd_write_icfgr
 *fill*         0x0000000080002dcc        0x4 
 .text.gicd_write_nsacr
                0x0000000080002dd0       0x14 ./build/imx8qm/release/bl31/gic_common.o
                0x0000000080002dd0                gicd_write_nsacr
 *fill*         0x0000000080002de4        0x4 
 .text.gicd_clr_igroupr
                0x0000000080002de8       0x24 ./build/imx8qm/release/bl31/gic_common.o
                0x0000000080002de8                gicd_clr_igroupr
 *fill*         0x0000000080002e0c        0x4 
 .text.gicd_set_isenabler
                0x0000000080002e10       0x1c ./build/imx8qm/release/bl31/gic_common.o
                0x0000000080002e10                gicd_set_isenabler
 *fill*         0x0000000080002e2c        0x4 
 .text.gicd_set_ipriorityr
                0x0000000080002e30       0x10 ./build/imx8qm/release/bl31/gic_common.o
                0x0000000080002e30                gicd_set_ipriorityr
 .text.gicd_set_icfgr
                0x0000000080002e40       0x34 ./build/imx8qm/release/bl31/gic_common.o
                0x0000000080002e40                gicd_set_icfgr
 *fill*         0x0000000080002e74        0x4 
 .text.plat_ic_get_pending_interrupt_type
                0x0000000080002e78       0x30 ./build/imx8qm/release/bl31/plat_gicv3.o
                0x0000000080002e78                plat_ic_get_pending_interrupt_type
 .text.plat_get_target_pwr_state
                0x0000000080002ea8       0x2c ./build/imx8qm/release/bl31/plat_psci_common.o
                0x0000000080002ea8                plat_get_target_pwr_state
 *fill*         0x0000000080002ed4        0x4 
 .text.plat_imx_mpidr_to_core_pos
                0x0000000080002ed8        0x4 ./build/imx8qm/release/bl31/plat_imx8_gic.o
 *fill*         0x0000000080002edc        0x4 
 .text.plat_gic_driver_init
                0x0000000080002ee0        0xc ./build/imx8qm/release/bl31/plat_imx8_gic.o
                0x0000000080002ee0                plat_gic_driver_init
 *fill*         0x0000000080002eec        0x4 
 .text.plat_gic_init
                0x0000000080002ef0       0x20 ./build/imx8qm/release/bl31/plat_imx8_gic.o
                0x0000000080002ef0                plat_gic_init
 .text.plat_gic_cpuif_enable
                0x0000000080002f10       0x14 ./build/imx8qm/release/bl31/plat_imx8_gic.o
                0x0000000080002f10                plat_gic_cpuif_enable
 *fill*         0x0000000080002f24        0x4 
 .text.plat_gic_cpuif_disable
                0x0000000080002f28       0x14 ./build/imx8qm/release/bl31/plat_imx8_gic.o
                0x0000000080002f28                plat_gic_cpuif_disable
 *fill*         0x0000000080002f3c        0x4 
 .text.plat_gic_pcpu_init
                0x0000000080002f40       0x14 ./build/imx8qm/release/bl31/plat_imx8_gic.o
                0x0000000080002f40                plat_gic_pcpu_init
 *fill*         0x0000000080002f54        0x4 
 .text.plat_gic_save
                0x0000000080002f58       0x50 ./build/imx8qm/release/bl31/plat_imx8_gic.o
                0x0000000080002f58                plat_gic_save
 .text.plat_gic_restore
                0x0000000080002fa8       0x48 ./build/imx8qm/release/bl31/plat_imx8_gic.o
                0x0000000080002fa8                plat_gic_restore
 .text.sc_ipc_open
                0x0000000080002ff0       0x6c ./build/imx8qm/release/bl31/ipc.o
                0x0000000080002ff0                sc_ipc_open
 *fill*         0x000000008000305c        0x4 
 .text.sc_ipc_read
                0x0000000080003060       0xa0 ./build/imx8qm/release/bl31/ipc.o
                0x0000000080003060                sc_ipc_read
 .text.sc_ipc_write
                0x0000000080003100       0x98 ./build/imx8qm/release/bl31/ipc.o
                0x0000000080003100                sc_ipc_write
 .text.sc_call_rpc
                0x0000000080003198       0x70 ./build/imx8qm/release/bl31/ipc.o
                0x0000000080003198                sc_call_rpc
 .text.MU_Resume
                0x0000000080003208       0x5c ./build/imx8qm/release/bl31/imx8_mu.o
                0x0000000080003208                MU_Resume
 *fill*         0x0000000080003264        0x4 
 .text.MU_EnableRxFullInt
                0x0000000080003268       0x28 ./build/imx8qm/release/bl31/imx8_mu.o
                0x0000000080003268                MU_EnableRxFullInt
 .text.MU_SendMessage
                0x0000000080003290       0x28 ./build/imx8qm/release/bl31/imx8_mu.o
                0x0000000080003290                MU_SendMessage
 .text.MU_ReceiveMsg
                0x00000000800032b8       0x30 ./build/imx8qm/release/bl31/imx8_mu.o
                0x00000000800032b8                MU_ReceiveMsg
 .text.MU_Init  0x00000000800032e8       0x14 ./build/imx8qm/release/bl31/imx8_mu.o
                0x00000000800032e8                MU_Init
 *fill*         0x00000000800032fc        0x4 
 .text.sc_pm_set_sys_power_mode
                0x0000000080003300       0x30 ./build/imx8qm/release/bl31/pm_rpc_clnt.o
                0x0000000080003300                sc_pm_set_sys_power_mode
 .text.sc_pm_set_resource_power_mode
                0x0000000080003330       0x34 ./build/imx8qm/release/bl31/pm_rpc_clnt.o
                0x0000000080003330                sc_pm_set_resource_power_mode
 *fill*         0x0000000080003364        0x4 
 .text.sc_pm_req_low_power_mode
                0x0000000080003368       0x34 ./build/imx8qm/release/bl31/pm_rpc_clnt.o
                0x0000000080003368                sc_pm_req_low_power_mode
 *fill*         0x000000008000339c        0x4 
 .text.sc_pm_req_cpu_low_power_mode
                0x00000000800033a0       0x38 ./build/imx8qm/release/bl31/pm_rpc_clnt.o
                0x00000000800033a0                sc_pm_req_cpu_low_power_mode
 .text.sc_pm_set_cpu_resume
                0x00000000800033d8       0x44 ./build/imx8qm/release/bl31/pm_rpc_clnt.o
                0x00000000800033d8                sc_pm_set_cpu_resume
 *fill*         0x000000008000341c        0x4 
 .text.sc_pm_req_sys_if_power_mode
                0x0000000080003420       0x3c ./build/imx8qm/release/bl31/pm_rpc_clnt.o
                0x0000000080003420                sc_pm_req_sys_if_power_mode
 *fill*         0x000000008000345c        0x4 
 .text.sc_pm_set_clock_rate
                0x0000000080003460       0x50 ./build/imx8qm/release/bl31/pm_rpc_clnt.o
                0x0000000080003460                sc_pm_set_clock_rate
 .text.sc_pm_clock_enable
                0x00000000800034b0       0x4c ./build/imx8qm/release/bl31/pm_rpc_clnt.o
                0x00000000800034b0                sc_pm_clock_enable
 *fill*         0x00000000800034fc        0x4 
 .text.sc_pm_reset
                0x0000000080003500       0x30 ./build/imx8qm/release/bl31/pm_rpc_clnt.o
                0x0000000080003500                sc_pm_reset
 .text.sc_pm_reboot
                0x0000000080003530       0x2c ./build/imx8qm/release/bl31/pm_rpc_clnt.o
                0x0000000080003530                sc_pm_reboot
 *fill*         0x000000008000355c        0x4 
 .text.sc_pm_cpu_start
                0x0000000080003560       0x44 ./build/imx8qm/release/bl31/pm_rpc_clnt.o
                0x0000000080003560                sc_pm_cpu_start
 *fill*         0x00000000800035a4        0x4 
 .text.sc_rm_partition_alloc
                0x00000000800035a8       0x80 ./build/imx8qm/release/bl31/rm_rpc_clnt.o
                0x00000000800035a8                sc_rm_partition_alloc
 .text.sc_rm_get_partition
                0x0000000080003628       0x44 ./build/imx8qm/release/bl31/rm_rpc_clnt.o
                0x0000000080003628                sc_rm_get_partition
 *fill*         0x000000008000366c        0x4 
 .text.sc_rm_set_parent
                0x0000000080003670       0x34 ./build/imx8qm/release/bl31/rm_rpc_clnt.o
                0x0000000080003670                sc_rm_set_parent
 *fill*         0x00000000800036a4        0x4 
 .text.sc_rm_move_all
                0x00000000800036a8       0x4c ./build/imx8qm/release/bl31/rm_rpc_clnt.o
                0x00000000800036a8                sc_rm_move_all
 *fill*         0x00000000800036f4        0x4 
 .text.sc_rm_assign_resource
                0x00000000800036f8       0x34 ./build/imx8qm/release/bl31/rm_rpc_clnt.o
                0x00000000800036f8                sc_rm_assign_resource
 *fill*         0x000000008000372c        0x4 
 .text.sc_rm_set_resource_movable
                0x0000000080003730       0x40 ./build/imx8qm/release/bl31/rm_rpc_clnt.o
                0x0000000080003730                sc_rm_set_resource_movable
 .text.sc_rm_set_peripheral_permissions
                0x0000000080003770       0x38 ./build/imx8qm/release/bl31/rm_rpc_clnt.o
                0x0000000080003770                sc_rm_set_peripheral_permissions
 .text.sc_rm_is_resource_owned
                0x00000000800037a8       0x38 ./build/imx8qm/release/bl31/rm_rpc_clnt.o
                0x00000000800037a8                sc_rm_is_resource_owned
 .text.sc_rm_memreg_alloc
                0x00000000800037e0       0x58 ./build/imx8qm/release/bl31/rm_rpc_clnt.o
                0x00000000800037e0                sc_rm_memreg_alloc
 .text.sc_rm_assign_memreg
                0x0000000080003838       0x34 ./build/imx8qm/release/bl31/rm_rpc_clnt.o
                0x0000000080003838                sc_rm_assign_memreg
 *fill*         0x000000008000386c        0x4 
 .text.sc_rm_is_memreg_owned
                0x0000000080003870       0x38 ./build/imx8qm/release/bl31/rm_rpc_clnt.o
                0x0000000080003870                sc_rm_is_memreg_owned
 .text.sc_rm_get_memreg_info
                0x00000000800038a8       0x60 ./build/imx8qm/release/bl31/rm_rpc_clnt.o
                0x00000000800038a8                sc_rm_get_memreg_info
 .text.sc_timer_set_wdog_timeout
                0x0000000080003908       0x30 ./build/imx8qm/release/bl31/timer_rpc_clnt.o
                0x0000000080003908                sc_timer_set_wdog_timeout
 .text.sc_timer_set_wdog_pre_timeout
                0x0000000080003938       0x30 ./build/imx8qm/release/bl31/timer_rpc_clnt.o
                0x0000000080003938                sc_timer_set_wdog_pre_timeout
 .text.sc_timer_start_wdog
                0x0000000080003968       0x38 ./build/imx8qm/release/bl31/timer_rpc_clnt.o
                0x0000000080003968                sc_timer_start_wdog
 .text.sc_timer_stop_wdog
                0x00000000800039a0       0x2c ./build/imx8qm/release/bl31/timer_rpc_clnt.o
                0x00000000800039a0                sc_timer_stop_wdog
 *fill*         0x00000000800039cc        0x4 
 .text.sc_timer_ping_wdog
                0x00000000800039d0       0x2c ./build/imx8qm/release/bl31/timer_rpc_clnt.o
                0x00000000800039d0                sc_timer_ping_wdog
 *fill*         0x00000000800039fc        0x4 
 .text.sc_timer_get_wdog_status
                0x0000000080003a00       0x6c ./build/imx8qm/release/bl31/timer_rpc_clnt.o
                0x0000000080003a00                sc_timer_get_wdog_status
 *fill*         0x0000000080003a6c        0x4 
 .text.sc_timer_set_wdog_action
                0x0000000080003a70       0x34 ./build/imx8qm/release/bl31/timer_rpc_clnt.o
                0x0000000080003a70                sc_timer_set_wdog_action
 *fill*         0x0000000080003aa4        0x4 
 .text.sc_timer_set_rtc_time
                0x0000000080003aa8       0x44 ./build/imx8qm/release/bl31/timer_rpc_clnt.o
                0x0000000080003aa8                sc_timer_set_rtc_time
 *fill*         0x0000000080003aec        0x4 
 .text.sc_misc_get_control
                0x0000000080003af0       0x50 ./build/imx8qm/release/bl31/misc_rpc_clnt.o
                0x0000000080003af0                sc_misc_get_control
 .text.sc_misc_otp_fuse_read
                0x0000000080003b40       0x48 ./build/imx8qm/release/bl31/misc_rpc_clnt.o
                0x0000000080003b40                sc_misc_otp_fuse_read
 .text.sc_misc_otp_fuse_write
                0x0000000080003b88       0x38 ./build/imx8qm/release/bl31/misc_rpc_clnt.o
                0x0000000080003b88                sc_misc_otp_fuse_write
 .text.sc_misc_set_temp
                0x0000000080003bc0       0x3c ./build/imx8qm/release/bl31/misc_rpc_clnt.o
                0x0000000080003bc0                sc_misc_set_temp
 *fill*         0x0000000080003bfc        0x4 
 .text.get_arm_std_svc_args
                0x0000000080003c00        0xc ./build/imx8qm/release/bl31/bl31_main.o
                0x0000000080003c00                get_arm_std_svc_args
 *fill*         0x0000000080003c0c        0x4 
 .text.bl31_prepare_next_image_entry
                0x0000000080003c10       0x60 ./build/imx8qm/release/bl31/bl31_main.o
                0x0000000080003c10                bl31_prepare_next_image_entry
 .text.bl31_main
                0x0000000080003c70       0x64 ./build/imx8qm/release/bl31/bl31_main.o
                0x0000000080003c70                bl31_main
 *fill*         0x0000000080003cd4        0x4 
 .text.get_scr_el3_from_routing_model
                0x0000000080003cd8       0x28 ./build/imx8qm/release/bl31/interrupt_mgmt.o
                0x0000000080003cd8                get_scr_el3_from_routing_model
 .text.get_interrupt_type_handler
                0x0000000080003d00       0x28 ./build/imx8qm/release/bl31/interrupt_mgmt.o
                0x0000000080003d00                get_interrupt_type_handler
 .text.cm_get_context
                0x0000000080003d28        0xc ./build/imx8qm/release/bl31/bl31_context_mgmt.o
                0x0000000080003d28                cm_get_context
 *fill*         0x0000000080003d34        0x4 
 .text.cm_get_context_by_index
                0x0000000080003d38       0x24 ./build/imx8qm/release/bl31/bl31_context_mgmt.o
                0x0000000080003d38                cm_get_context_by_index
 *fill*         0x0000000080003d5c        0x4 
 .text.cm_set_context_by_index
                0x0000000080003d60       0x28 ./build/imx8qm/release/bl31/bl31_context_mgmt.o
                0x0000000080003d60                cm_set_context_by_index
 .text.runtime_svc_init
                0x0000000080003d88      0x150 ./build/imx8qm/release/bl31/runtime_svc.o
                0x0000000080003d88                runtime_svc_init
 .text.arm_arch_svc_smc_handler
                0x0000000080003ed8       0xbc ./build/imx8qm/release/bl31/arm_arch_svc_setup.o
 *fill*         0x0000000080003f94        0x4 
 .text.std_svc_setup
                0x0000000080003f98       0x24 ./build/imx8qm/release/bl31/std_svc_setup.o
 *fill*         0x0000000080003fbc        0x4 
 .text.std_svc_smc_handler
                0x0000000080003fc0       0xc8 ./build/imx8qm/release/bl31/std_svc_setup.o
 .text.cm_init  0x0000000080004088        0x4 ./build/imx8qm/release/bl31/context_mgmt.o
                0x0000000080004088                cm_init
 *fill*         0x000000008000408c        0x4 
 .text.cm_setup_context
                0x0000000080004090      0x104 ./build/imx8qm/release/bl31/context_mgmt.o
                0x0000000080004090                cm_setup_context
 *fill*         0x0000000080004194        0x4 
 .text.cm_init_context_by_index
                0x0000000080004198       0x2c ./build/imx8qm/release/bl31/context_mgmt.o
                0x0000000080004198                cm_init_context_by_index
 *fill*         0x00000000800041c4        0x4 
 .text.cm_init_my_context
                0x00000000800041c8       0x2c ./build/imx8qm/release/bl31/context_mgmt.o
                0x00000000800041c8                cm_init_my_context
 *fill*         0x00000000800041f4        0x4 
 .text.cm_el1_sysregs_context_restore
                0x00000000800041f8       0xc0 ./build/imx8qm/release/bl31/context_mgmt.o
                0x00000000800041f8                cm_el1_sysregs_context_restore
 .text.cm_prepare_el3_exit
                0x00000000800042b8       0xe0 ./build/imx8qm/release/bl31/context_mgmt.o
                0x00000000800042b8                cm_prepare_el3_exit
 .text.psci_do_cpu_off
                0x0000000080004398       0xfc ./build/imx8qm/release/bl31/psci_off.o
                0x0000000080004398                psci_do_cpu_off
 *fill*         0x0000000080004494        0x4 
 .text.psci_cpu_on_start
                0x0000000080004498      0x188 ./build/imx8qm/release/bl31/psci_on.o
                0x0000000080004498                psci_cpu_on_start
 .text.psci_cpu_on_finish
                0x0000000080004620       0xdc ./build/imx8qm/release/bl31/psci_on.o
                0x0000000080004620                psci_cpu_on_finish
 *fill*         0x00000000800046fc        0x4 
 .text.psci_cpu_suspend_start
                0x0000000080004700      0x1cc ./build/imx8qm/release/bl31/psci_suspend.o
                0x0000000080004700                psci_cpu_suspend_start
 *fill*         0x00000000800048cc        0x4 
 .text.psci_cpu_suspend_finish
                0x00000000800048d0       0xc4 ./build/imx8qm/release/bl31/psci_suspend.o
                0x00000000800048d0                psci_cpu_suspend_finish
 *fill*         0x0000000080004994        0x4 
 .text.psci_validate_power_state
                0x0000000080004998       0x28 ./build/imx8qm/release/bl31/psci_common.o
                0x0000000080004998                psci_validate_power_state
 .text.psci_query_sys_suspend_pwrstate
                0x00000000800049c0       0x14 ./build/imx8qm/release/bl31/psci_common.o
                0x00000000800049c0                psci_query_sys_suspend_pwrstate
 *fill*         0x00000000800049d4        0x4 
 .text.psci_is_last_on_cpu
                0x00000000800049d8       0x60 ./build/imx8qm/release/bl31/psci_common.o
                0x00000000800049d8                psci_is_last_on_cpu
 .text.psci_init_req_local_pwr_states
                0x0000000080004a38       0x1c ./build/imx8qm/release/bl31/psci_common.o
                0x0000000080004a38                psci_init_req_local_pwr_states
 *fill*         0x0000000080004a54        0x4 
 .text.psci_get_target_local_pwr_states
                0x0000000080004a58       0x94 ./build/imx8qm/release/bl31/psci_common.o
                0x0000000080004a58                psci_get_target_local_pwr_states
 *fill*         0x0000000080004aec        0x4 
 .text.psci_get_parent_pwr_domain_nodes
                0x0000000080004af0       0x40 ./build/imx8qm/release/bl31/psci_common.o
                0x0000000080004af0                psci_get_parent_pwr_domain_nodes
 .text.psci_set_pwr_domains_to_run
                0x0000000080004b30       0x90 ./build/imx8qm/release/bl31/psci_common.o
                0x0000000080004b30                psci_set_pwr_domains_to_run
 .text.psci_do_state_coordination
                0x0000000080004bc0      0x16c ./build/imx8qm/release/bl31/psci_common.o
                0x0000000080004bc0                psci_do_state_coordination
 *fill*         0x0000000080004d2c        0x4 
 .text.psci_find_max_off_lvl
                0x0000000080004d30       0x3c ./build/imx8qm/release/bl31/psci_common.o
                0x0000000080004d30                psci_find_max_off_lvl
 *fill*         0x0000000080004d6c        0x4 
 .text.psci_find_target_suspend_lvl
                0x0000000080004d70       0x34 ./build/imx8qm/release/bl31/psci_common.o
                0x0000000080004d70                psci_find_target_suspend_lvl
 *fill*         0x0000000080004da4        0x4 
 .text.psci_acquire_pwr_domain_locks
                0x0000000080004da8       0x80 ./build/imx8qm/release/bl31/psci_common.o
                0x0000000080004da8                psci_acquire_pwr_domain_locks
 .text.psci_release_pwr_domain_locks
                0x0000000080004e28       0xa4 ./build/imx8qm/release/bl31/psci_common.o
                0x0000000080004e28                psci_release_pwr_domain_locks
 *fill*         0x0000000080004ecc        0x4 
 .text.psci_validate_mpidr
                0x0000000080004ed0       0x20 ./build/imx8qm/release/bl31/psci_common.o
                0x0000000080004ed0                psci_validate_mpidr
 .text.psci_validate_entry_point
                0x0000000080004ef0      0x110 ./build/imx8qm/release/bl31/psci_common.o
                0x0000000080004ef0                psci_validate_entry_point
 .text.psci_warmboot_entrypoint
                0x0000000080005000      0x11c ./build/imx8qm/release/bl31/psci_common.o
                0x0000000080005000                psci_warmboot_entrypoint
 *fill*         0x000000008000511c        0x4 
 .text.psci_spd_migrate_info
                0x0000000080005120       0x24 ./build/imx8qm/release/bl31/psci_common.o
                0x0000000080005120                psci_spd_migrate_info
 *fill*         0x0000000080005144        0x4 
 .text.psci_print_power_domain_map
                0x0000000080005148        0x4 ./build/imx8qm/release/bl31/psci_common.o
                0x0000000080005148                psci_print_power_domain_map
 *fill*         0x000000008000514c        0x4 
 .text.psci_do_pwrdown_sequence
                0x0000000080005150        0x4 ./build/imx8qm/release/bl31/psci_common.o
                0x0000000080005150                psci_do_pwrdown_sequence
 *fill*         0x0000000080005154        0x4 
 .text.psci_cpu_on
                0x0000000080005158       0x5c ./build/imx8qm/release/bl31/psci_main.o
                0x0000000080005158                psci_cpu_on
 *fill*         0x00000000800051b4        0x4 
 .text.psci_cpu_suspend
                0x00000000800051b8      0x11c ./build/imx8qm/release/bl31/psci_main.o
                0x00000000800051b8                psci_cpu_suspend
 *fill*         0x00000000800052d4        0x4 
 .text.psci_system_suspend
                0x00000000800052d8       0x68 ./build/imx8qm/release/bl31/psci_main.o
                0x00000000800052d8                psci_system_suspend
 .text.psci_affinity_info
                0x0000000080005340       0x58 ./build/imx8qm/release/bl31/psci_main.o
                0x0000000080005340                psci_affinity_info
 .text.psci_migrate
                0x0000000080005398       0x84 ./build/imx8qm/release/bl31/psci_main.o
                0x0000000080005398                psci_migrate
 *fill*         0x000000008000541c        0x4 
 .text.psci_node_hw_state
                0x0000000080005420       0x58 ./build/imx8qm/release/bl31/psci_main.o
                0x0000000080005420                psci_node_hw_state
 .text.psci_features
                0x0000000080005478       0x6c ./build/imx8qm/release/bl31/psci_main.o
                0x0000000080005478                psci_features
 *fill*         0x00000000800054e4        0x4 
 .text.psci_smc_handler
                0x00000000800054e8      0x32c ./build/imx8qm/release/bl31/psci_main.o
                0x00000000800054e8                psci_smc_handler
 *fill*         0x0000000080005814        0x4 
 .text.psci_setup
                0x0000000080005818      0x368 ./build/imx8qm/release/bl31/psci_setup.o
                0x0000000080005818                psci_setup
 .text.psci_arch_setup
                0x0000000080005b80       0x1c ./build/imx8qm/release/bl31/psci_setup.o
                0x0000000080005b80                psci_arch_setup
 *fill*         0x0000000080005b9c        0x4 
 .text.psci_system_off
                0x0000000080005ba0       0x38 ./build/imx8qm/release/bl31/psci_system_off.o
                0x0000000080005ba0                psci_system_off
 .text.psci_system_reset
                0x0000000080005bd8       0x38 ./build/imx8qm/release/bl31/psci_system_off.o
                0x0000000080005bd8                psci_system_reset
 .text.psci_system_reset2
                0x0000000080005c10       0x9c ./build/imx8qm/release/bl31/psci_system_off.o
                0x0000000080005c10                psci_system_reset2
 *fill*         0x0000000080005cac        0x4 
 .text.psci_mem_protect
                0x0000000080005cb0       0x64 ./build/imx8qm/release/bl31/psci_mem_protect.o
                0x0000000080005cb0                psci_mem_protect
 *fill*         0x0000000080005d14        0x4 
 .text.psci_mem_chk_range
                0x0000000080005d18       0x4c ./build/imx8qm/release/bl31/psci_mem_protect.o
                0x0000000080005d18                psci_mem_chk_range
 *fill*         0x0000000080005d64        0x4 
 .text.bakery_lock_get
                0x0000000080005d68       0xe0 ./build/imx8qm/release/bl31/bakery_lock_coherent.o
                0x0000000080005d68                bakery_lock_get
 .text.bakery_lock_release
                0x0000000080005e48       0x34 ./build/imx8qm/release/bl31/bakery_lock_coherent.o
                0x0000000080005e48                bakery_lock_release
 *fill*         0x0000000080005e7c        0x4 
 .text.spe_drain_buffers_hook
                0x0000000080005e80       0x28 ./build/imx8qm/release/bl31/spe.o
 .text.spe_enable
                0x0000000080005ea8       0x38 ./build/imx8qm/release/bl31/spe.o
                0x0000000080005ea8                spe_enable
 .text.disable_sve_hook
                0x0000000080005ee0       0x34 ./build/imx8qm/release/bl31/sve.o
 *fill*         0x0000000080005f14        0x4 
 .text.enable_sve_hook
                0x0000000080005f18       0x34 ./build/imx8qm/release/bl31/sve.o
 *fill*         0x0000000080005f4c        0x4 
 .text.sve_enable
                0x0000000080005f50       0x44 ./build/imx8qm/release/bl31/sve.o
                0x0000000080005f50                sve_enable
 *fill*         0x0000000080005f94        0x4 
 .text.print_entry_point_info
                0x0000000080005f98        0x4 ./build/imx8qm/release/bl31/bl_common.o
                0x0000000080005f98                print_entry_point_info
 *fill*         0x0000000080005f9c        0x4 
 .text.tf_log   0x0000000080005fa0       0xa0 ./build/imx8qm/release/bl31/tf_log.o
                0x0000000080005fa0                tf_log
 .text.plat_log_get_prefix
                0x0000000080006040       0x3c ./build/imx8qm/release/bl31/plat_log_common.o
                0x0000000080006040                plat_log_get_prefix
 *fill*         0x000000008000607c        0x4 
 .text.plat_ea_handler
                0x0000000080006080       0x40 ./build/imx8qm/release/bl31/plat_common.o
                0x0000000080006080                plat_ea_handler
 .text.asm.plat_is_my_cpu_primary
                0x00000000800060c0       0x14 ./build/imx8qm/release/bl31/imx8_helpers.o
                0x00000000800060c0                plat_is_my_cpu_primary
 .text.asm.plat_my_core_pos
                0x00000000800060d4       0x14 ./build/imx8qm/release/bl31/imx8_helpers.o
                0x00000000800060d4                plat_my_core_pos
 .text.asm.plat_reset_handler
                0x00000000800060e8       0x38 ./build/imx8qm/release/bl31/imx8_helpers.o
                0x00000000800060e8                plat_reset_handler
 .text.asm.plat_get_my_entrypoint
                0x0000000080006120       0x2c ./build/imx8qm/release/bl31/imx8_helpers.o
                0x0000000080006120                plat_get_my_entrypoint
 .text.asm.imx_mailbox_init
                0x000000008000614c        0xc ./build/imx8qm/release/bl31/imx8_helpers.o
                0x000000008000614c                imx_mailbox_init
 .text.asm.plat_secondary_cold_boot_setup
                0x0000000080006158        0x4 ./build/imx8qm/release/bl31/imx8_helpers.o
                0x0000000080006158                plat_secondary_cold_boot_setup
 .text.asm.plat_crash_console_init
                0x000000008000615c        0x4 ./build/imx8qm/release/bl31/imx8_helpers.o
                0x000000008000615c                plat_crash_console_init
 .text.asm.plat_crash_console_putc
                0x0000000080006160        0x4 ./build/imx8qm/release/bl31/imx8_helpers.o
                0x0000000080006160                plat_crash_console_putc
 .text.asm.platform_mem_init
                0x0000000080006164        0x4 ./build/imx8qm/release/bl31/imx8_helpers.o
                0x0000000080006164                platform_mem_init
 .text.asm.cortex_a53_disable_dcache
                0x0000000080006168       0x14 ./build/imx8qm/release/bl31/cortex_a53.o
 .text.asm.cortex_a53_disable_smp
                0x000000008000617c       0x18 ./build/imx8qm/release/bl31/cortex_a53.o
 .text.asm.errata_a53_855873_wa
                0x0000000080006194       0x1c ./build/imx8qm/release/bl31/cortex_a53.o
 .text.asm.check_errata_855873
                0x00000000800061b0        0x8 ./build/imx8qm/release/bl31/cortex_a53.o
 .text.asm.cortex_a53_reset_func
                0x00000000800061b8       0x28 ./build/imx8qm/release/bl31/cortex_a53.o
 .text.asm.cortex_a53_core_pwr_dwn
                0x00000000800061e0       0x18 ./build/imx8qm/release/bl31/cortex_a53.o
 .text.asm.cortex_a53_cluster_pwr_dwn
                0x00000000800061f8       0x24 ./build/imx8qm/release/bl31/cortex_a53.o
 .text.asm.cortex_a72_disable_dcache
                0x000000008000621c       0x14 ./build/imx8qm/release/bl31/cortex_a72.o
 .text.asm.cortex_a72_disable_l2_prefetch
                0x0000000080006230       0x20 ./build/imx8qm/release/bl31/cortex_a72.o
 .text.asm.cortex_a72_disable_hw_prefetcher
                0x0000000080006250       0x18 ./build/imx8qm/release/bl31/cortex_a72.o
 .text.asm.cortex_a72_disable_smp
                0x0000000080006268       0x10 ./build/imx8qm/release/bl31/cortex_a72.o
 .text.asm.cortex_a72_disable_ext_debug
                0x0000000080006278       0x14 ./build/imx8qm/release/bl31/cortex_a72.o
 .text.asm.errata_a72_859971_wa
                0x000000008000628c       0x1c ./build/imx8qm/release/bl31/cortex_a72.o
 .text.asm.check_errata_859971
                0x00000000800062a8        0x8 ./build/imx8qm/release/bl31/cortex_a72.o
 .text.asm.check_errata_cve_2017_5715
                0x00000000800062b0       0x20 ./build/imx8qm/release/bl31/cortex_a72.o
 .text.asm.cortex_a72_reset_func
                0x00000000800062d0       0x54 ./build/imx8qm/release/bl31/cortex_a72.o
 .text.asm.cortex_a72_core_pwr_dwn
                0x0000000080006324       0x24 ./build/imx8qm/release/bl31/cortex_a72.o
 .text.asm.cortex_a72_cluster_pwr_dwn
                0x0000000080006348       0x30 ./build/imx8qm/release/bl31/cortex_a72.o
 .text.asm.console_putc
                0x0000000080006378       0x68 ./build/imx8qm/release/bl31/console.o
                0x0000000080006378                console_putc
 .text.asm.console_flush
                0x00000000800063e0       0x60 ./build/imx8qm/release/bl31/console.o
                0x00000000800063e0                console_flush
 .text.asm.report_unhandled_exception
                0x0000000080006440        0x4 ./build/imx8qm/release/bl31/crash_reporting.o
                0x0000000080006440                report_unhandled_exception
                0x0000000080006440                report_unhandled_interrupt
 .text.asm.enter_lower_el_sync_ea
                0x0000000080006444       0x40 ./build/imx8qm/release/bl31/ea_delegate.o
                0x0000000080006444                enter_lower_el_sync_ea
 .text.asm.enter_lower_el_async_ea
                0x0000000080006484       0x18 ./build/imx8qm/release/bl31/ea_delegate.o
                0x0000000080006484                enter_lower_el_async_ea
 .text.asm.delegate_sync_ea
                0x000000008000649c        0x4 ./build/imx8qm/release/bl31/ea_delegate.o
 .text.asm.delegate_async_ea
                0x00000000800064a0        0x4 ./build/imx8qm/release/bl31/ea_delegate.o
 .text.asm.ea_proceed
                0x00000000800064a4       0x68 ./build/imx8qm/release/bl31/ea_delegate.o
 .text.asm.smc_handler
                0x000000008000650c       0xb8 ./build/imx8qm/release/bl31/runtime_exceptions.o
 *fill*         0x00000000800065c4        0x4 
 .text.asm.plat_get_my_stack
                0x00000000800065c8       0x20 ./build/imx8qm/release/bl31/platform_mp_stack.o
                0x00000000800065c8                plat_get_my_stack
 .text.asm.plat_set_my_stack
                0x00000000800065e8       0x10 ./build/imx8qm/release/bl31/platform_mp_stack.o
                0x00000000800065e8                plat_set_my_stack
 .text.asm.init_cpu_data_ptr
                0x00000000800065f8       0x14 ./build/imx8qm/release/bl31/cpu_data.o
                0x00000000800065f8                init_cpu_data_ptr
 .text.asm._cpu_data_by_index
                0x000000008000660c       0x14 ./build/imx8qm/release/bl31/cpu_data.o
                0x000000008000660c                _cpu_data_by_index
 .text.asm.reset_handler
                0x0000000080006620       0x20 ./build/imx8qm/release/bl31/cpu_helpers.o
                0x0000000080006620                reset_handler
 .text.asm.prepare_cpu_pwr_dwn
                0x0000000080006640       0x24 ./build/imx8qm/release/bl31/cpu_helpers.o
                0x0000000080006640                prepare_cpu_pwr_dwn
 .text.asm.init_cpu_ops
                0x0000000080006664       0x20 ./build/imx8qm/release/bl31/cpu_helpers.o
                0x0000000080006664                init_cpu_ops
 .text.asm.get_cpu_ops_ptr
                0x0000000080006684       0x3c ./build/imx8qm/release/bl31/cpu_helpers.o
                0x0000000080006684                get_cpu_ops_ptr
 .text.asm.cpu_get_rev_var
                0x00000000800066c0       0x10 ./build/imx8qm/release/bl31/cpu_helpers.o
                0x00000000800066c0                cpu_get_rev_var
 .text.asm.cpu_rev_var_ls
                0x00000000800066d0       0x14 ./build/imx8qm/release/bl31/cpu_helpers.o
                0x00000000800066d0                cpu_rev_var_ls
 .text.asm.cpu_rev_var_hs
                0x00000000800066e4       0x14 ./build/imx8qm/release/bl31/cpu_helpers.o
                0x00000000800066e4                cpu_rev_var_hs
 .text.asm.check_wa_cve_2017_5715
                0x00000000800066f8       0x20 ./build/imx8qm/release/bl31/cpu_helpers.o
                0x00000000800066f8                check_wa_cve_2017_5715
 .text.asm.spin_lock
                0x0000000080006718       0x20 ./build/imx8qm/release/bl31/spinlock.o
                0x0000000080006718                spin_lock
 .text.asm.spin_unlock
                0x0000000080006738        0x8 ./build/imx8qm/release/bl31/spinlock.o
                0x0000000080006738                spin_unlock
 .text.asm.psci_do_pwrdown_cache_maintenance
                0x0000000080006740       0x3c ./build/imx8qm/release/bl31/psci_helpers.o
                0x0000000080006740                psci_do_pwrdown_cache_maintenance
 .text.asm.psci_do_pwrup_cache_maintenance
                0x000000008000677c       0x34 ./build/imx8qm/release/bl31/psci_helpers.o
                0x000000008000677c                psci_do_pwrup_cache_maintenance
 .text.asm.psci_power_down_wfi
                0x00000000800067b0        0xc ./build/imx8qm/release/bl31/psci_helpers.o
                0x00000000800067b0                psci_power_down_wfi
 .text.asm.el1_sysregs_context_restore
                0x00000000800067bc       0xb4 ./build/imx8qm/release/bl31/context.o
                0x00000000800067bc                el1_sysregs_context_restore
 .text.asm.save_gp_registers
                0x0000000080006870       0x48 ./build/imx8qm/release/bl31/context.o
                0x0000000080006870                save_gp_registers
 .text.asm.restore_gp_registers
                0x00000000800068b8       0x48 ./build/imx8qm/release/bl31/context.o
                0x00000000800068b8                restore_gp_registers
 .text.asm.restore_gp_registers_eret
                0x0000000080006900        0xc ./build/imx8qm/release/bl31/context.o
                0x0000000080006900                restore_gp_registers_eret
 .text.asm.el3_exit
                0x000000008000690c       0x24 ./build/imx8qm/release/bl31/context.o
                0x000000008000690c                el3_exit
 .text.asm.asm_print_str
                0x0000000080006930       0x18 ./build/imx8qm/release/bl31/debug.o
                0x0000000080006930                asm_print_str
 .text.asm.asm_print_hex
                0x0000000080006948       0x30 ./build/imx8qm/release/bl31/debug.o
                0x0000000080006948                asm_print_hex
 .text.asm.do_panic
                0x0000000080006978       0x2c ./build/imx8qm/release/bl31/debug.o
                0x0000000080006978                do_panic
                0x0000000080006978                el3_panic
 .text.asm.flush_dcache_range
                0x00000000800069a4       0x38 ./build/imx8qm/release/bl31/cache_helpers.o
                0x00000000800069a4                flush_dcache_range
 .text.asm.clean_dcache_range
                0x00000000800069dc       0x38 ./build/imx8qm/release/bl31/cache_helpers.o
                0x00000000800069dc                clean_dcache_range
 .text.asm.inv_dcache_range
                0x0000000080006a14       0x38 ./build/imx8qm/release/bl31/cache_helpers.o
                0x0000000080006a14                inv_dcache_range
 .text.asm.do_dcsw_op
                0x0000000080006a4c       0xdc ./build/imx8qm/release/bl31/cache_helpers.o
 .text.asm.dcsw_op_level1
                0x0000000080006b28       0x10 ./build/imx8qm/release/bl31/cache_helpers.o
                0x0000000080006b28                dcsw_op_level1
 .text.asm.dcsw_op_level2
                0x0000000080006b38       0x10 ./build/imx8qm/release/bl31/cache_helpers.o
                0x0000000080006b38                dcsw_op_level2
 .text.asm.zeromem
                0x0000000080006b48        0x8 ./build/imx8qm/release/bl31/misc_helpers.o
                0x0000000080006b48                zeromem
 .text.asm.zeromem_dczva
                0x0000000080006b50       0xe8 ./build/imx8qm/release/bl31/misc_helpers.o
                0x0000000080006b50                zero_normalmem
 .text.asm.plat_crash_console_flush
                0x0000000080006c38        0x4 ./build/imx8qm/release/bl31/platform_helpers.o
                0x0000000080006c38                plat_crash_console_flush
 .text.asm.plat_disable_acp
                0x0000000080006c3c        0x4 ./build/imx8qm/release/bl31/platform_helpers.o
                0x0000000080006c3c                plat_disable_acp
 .text.asm.plat_panic_handler
                0x0000000080006c40        0x8 ./build/imx8qm/release/bl31/platform_helpers.o
                0x0000000080006c40                plat_panic_handler
 .text.asm.bl31_plat_enable_mmu
                0x0000000080006c48        0x4 ./build/imx8qm/release/bl31/platform_helpers.o
                0x0000000080006c48                bl31_plat_enable_mmu
 .text.asm.plat_handle_double_fault
                0x0000000080006c4c        0x4 ./build/imx8qm/release/bl31/platform_helpers.o
                0x0000000080006c4c                plat_handle_double_fault
 .text.asm.plat_handle_el3_ea
                0x0000000080006c50        0x4 ./build/imx8qm/release/bl31/platform_helpers.o
                0x0000000080006c50                plat_handle_el3_ea
 *fill*         0x0000000080006c54        0x4 
 .text.memcpy   0x0000000080006c58       0x20 ./build/imx8qm/release/lib/libc.a(memcpy.o)
                0x0000000080006c58                memcpy
 .text.memmove  0x0000000080006c78       0x50 ./build/imx8qm/release/lib/libc.a(memmove.o)
                0x0000000080006c78                memmove
 .text.memset   0x0000000080006cc8       0x20 ./build/imx8qm/release/lib/libc.a(memset.o)
                0x0000000080006cc8                memset
 .text.unsigned_num_print
                0x0000000080006ce8       0xdc ./build/imx8qm/release/lib/libc.a(printf.o)
 *fill*         0x0000000080006dc4        0x4 
 .text.vprintf  0x0000000080006dc8      0x4f4 ./build/imx8qm/release/lib/libc.a(printf.o)
                0x0000000080006dc8                vprintf
 *fill*         0x00000000800072bc        0x4 
 .text.putchar  0x00000000800072c0       0x2c ./build/imx8qm/release/lib/libc.a(putchar.o)
                0x00000000800072c0                putchar
 *fill*         0x00000000800072ec        0x4 
 .text.strchr   0x00000000800072f0       0x2c ./build/imx8qm/release/lib/libc.a(strchr.o)
                0x00000000800072f0                strchr
 *(.rodata*)
 *fill*         0x000000008000731c        0x4 
 .rodata.build_message
                0x0000000080007320       0x1e ./build/imx8qm/release/bl31/build_message.o
                0x0000000080007320                build_message
 *fill*         0x000000008000733e        0x2 
 .rodata.version_string
                0x0000000080007340       0x2e ./build/imx8qm/release/bl31/build_message.o
                0x0000000080007340                version_string
 *fill*         0x000000008000736e        0x2 
 .rodata.mx8_partition_resources.str1.8
                0x0000000080007370      0x1e4 ./build/imx8qm/release/bl31/imx8qm_bl31_setup.o
 *fill*         0x0000000080007554        0x4 
 .rodata.imx8qm_cci_map
                0x0000000080007558        0x8 ./build/imx8qm/release/bl31/imx8qm_bl31_setup.o
 .rodata.imx_mmap
                0x0000000080007560       0x40 ./build/imx8qm/release/bl31/imx8qm_bl31_setup.o
 .rodata.imx_pwr_domain_on.str1.8
                0x00000000800075a0       0x37 ./build/imx8qm/release/bl31/imx8qm_psci.o
 *fill*         0x00000000800075d7        0x1 
 .rodata.ap_core_index
                0x00000000800075d8       0x18 ./build/imx8qm/release/bl31/imx8qm_psci.o
 .rodata.imx_plat_psci_ops
                0x00000000800075f0       0xa0 ./build/imx8qm/release/bl31/imx8qm_psci.o
 .rodata.imx_power_domain_tree_desc
                0x0000000080007690        0x4 ./build/imx8qm/release/bl31/imx8_topology.o
                0x0000000080007690                imx_power_domain_tree_desc
 *fill*         0x0000000080007694        0x4 
 .rodata.imx_system_off.str1.8
                0x0000000080007698       0x14 ./build/imx8qm/release/bl31/imx8_psci.o
 *fill*         0x00000000800076ac        0x4 
 .rodata.imx_system_reset.str1.8
                0x00000000800076b0       0x17 ./build/imx8qm/release/bl31/imx8_psci.o
 *fill*         0x00000000800076c7        0x1 
 .rodata.imx_system_reset2.str1.8
                0x00000000800076c8       0x32 ./build/imx8qm/release/bl31/imx8_psci.o
 *fill*         0x00000000800076fa        0x6 
 .rodata.ap_cluster_index
                0x0000000080007700        0x8 ./build/imx8qm/release/bl31/cpufreq.o
 .rodata.plat_svc_setup.str1.8
                0x0000000080007708        0xf ./build/imx8qm/release/bl31/imx8_sip_svc.o
 *fill*         0x0000000080007717        0x1 
 .rodata.str1.8
                0x0000000080007718        0x8 ./build/imx8qm/release/bl31/imx8_sip_svc.o
 .rodata.CSWTCH.10
                0x0000000080007720       0x10 ./build/imx8qm/release/bl31/plat_gicv3.o
 .rodata.arm_gic_data
                0x0000000080007730       0x30 ./build/imx8qm/release/bl31/plat_imx8_gic.o
                0x0000000080007730                arm_gic_data
 .rodata.g01s_interrupt_props
                0x0000000080007760        0x4 ./build/imx8qm/release/bl31/plat_imx8_gic.o
 *fill*         0x0000000080007764        0x4 
 .rodata.bl31_prepare_next_image_entry.str1.8
                0x0000000080007768       0x4f ./build/imx8qm/release/bl31/bl31_main.o
 *fill*         0x00000000800077b7        0x1 
 .rodata.bl31_main.str1.8
                0x00000000800077b8        0xb ./build/imx8qm/release/bl31/bl31_main.o
 *fill*         0x00000000800077c3        0x5 
 .rodata.psci_args.2704
                0x00000000800077c8       0x10 ./build/imx8qm/release/bl31/bl31_main.o
 .rodata.runtime_svc_init.str1.8
                0x00000000800077d8       0x50 ./build/imx8qm/release/bl31/runtime_svc.o
 .rodata.str1.8
                0x0000000080007828        0xd ./build/imx8qm/release/bl31/arm_arch_svc_setup.o
 *fill*         0x0000000080007835        0x3 
 .rodata.str1.8
                0x0000000080007838        0x8 ./build/imx8qm/release/bl31/std_svc_setup.o
 .rodata.psci_warmboot_entrypoint.str1.8
                0x0000000080007840       0x20 ./build/imx8qm/release/bl31/psci_common.o
 .rodata.psci_cpu_suspend.str1.8
                0x0000000080007860       0x33 ./build/imx8qm/release/bl31/psci_main.o
 *fill*         0x0000000080007893        0x5 
 .rodata.str1.8
                0x0000000080007898       0x4a ./build/imx8qm/release/bl31/plat_log_common.o
 *fill*         0x00000000800078e2        0x6 
 .rodata.plat_prefix_str
                0x00000000800078e8       0x28 ./build/imx8qm/release/bl31/plat_log_common.o
 .rodata.plat_ea_handler.str1.8
                0x0000000080007910       0x5f ./build/imx8qm/release/bl31/plat_common.o
 .rodata.panic_str
                0x000000008000796f       0x11 ./build/imx8qm/release/bl31/debug.o
 .rodata.vprintf.str1.8
                0x0000000080007980        0x8 ./build/imx8qm/release/lib/libc.a(printf.o)
                                          0x3 (size before relaxing)
                0x0000000080007988                . = ALIGN (0x8)
                0x0000000080007988                __RT_SVC_DESCS_START__ = .
 *(rt_svc_descs)
 rt_svc_descs   0x0000000080007988       0x20 ./build/imx8qm/release/bl31/imx8_sip_svc.o
 rt_svc_descs   0x00000000800079a8       0x20 ./build/imx8qm/release/bl31/arm_arch_svc_setup.o
 rt_svc_descs   0x00000000800079c8       0x20 ./build/imx8qm/release/bl31/std_svc_setup.o
                0x00000000800079e8                __RT_SVC_DESCS_END__ = .
                0x00000000800079e8                . = ALIGN (0x8)
                0x00000000800079e8                __CPU_OPS_START__ = .
 *(cpu_ops)
 cpu_ops        0x00000000800079e8       0x30 ./build/imx8qm/release/bl31/cortex_a53.o
 cpu_ops        0x0000000080007a18       0x30 ./build/imx8qm/release/bl31/cortex_a72.o
                0x0000000080007a48                __CPU_OPS_END__ = .
                0x0000000080007a48                . = ALIGN (0x8)
                0x0000000080007a48                __pubsub_psci_cpu_on_finish_start = .
 *(__pubsub_psci_cpu_on_finish)
                0x0000000080007a48                __pubsub_psci_cpu_on_finish_end = .
                0x0000000080007a48                __pubsub_psci_suspend_pwrdown_start_start = .
 *(__pubsub_psci_suspend_pwrdown_start)
                0x0000000080007a48                __pubsub_psci_suspend_pwrdown_start_end = .
                0x0000000080007a48                __pubsub_psci_suspend_pwrdown_finish_start = .
 *(__pubsub_psci_suspend_pwrdown_finish)
                0x0000000080007a48                __pubsub_psci_suspend_pwrdown_finish_end = .
                0x0000000080007a48                __pubsub_cm_entering_secure_world_start = .
 *(__pubsub_cm_entering_secure_world)
 __pubsub_cm_entering_secure_world
                0x0000000080007a48        0x8 ./build/imx8qm/release/bl31/spe.o
                0x0000000080007a48                __cb_func_spe_drain_buffers_hookcm_entering_secure_world
                0x0000000080007a50                __pubsub_cm_entering_secure_world_end = .
                0x0000000080007a50                __pubsub_cm_exited_secure_world_start = .
 *(__pubsub_cm_exited_secure_world)
                0x0000000080007a50                __pubsub_cm_exited_secure_world_end = .
                0x0000000080007a50                __pubsub_cm_entering_normal_world_start = .
 *(__pubsub_cm_entering_normal_world)
 __pubsub_cm_entering_normal_world
                0x0000000080007a50        0x8 ./build/imx8qm/release/bl31/sve.o
                0x0000000080007a50                __cb_func_enable_sve_hookcm_entering_normal_world
                0x0000000080007a58                __pubsub_cm_entering_normal_world_end = .
                0x0000000080007a58                __pubsub_cm_exited_normal_world_start = .
 *(__pubsub_cm_exited_normal_world)
 __pubsub_cm_exited_normal_world
                0x0000000080007a58        0x8 ./build/imx8qm/release/bl31/sve.o
                0x0000000080007a58                __cb_func_disable_sve_hookcm_exited_normal_world
                0x0000000080007a60                __pubsub_cm_exited_normal_world_end = .
 *(.vectors)
 *fill*         0x0000000080007a60      0x5a0 
 .vectors       0x0000000080008000      0x800 ./build/imx8qm/release/bl31/runtime_exceptions.o
                0x0000000080008000                sync_exception_sp_el0
                0x0000000080008000                runtime_exceptions
                0x0000000080008080                irq_sp_el0
                0x0000000080008100                fiq_sp_el0
                0x0000000080008180                serror_sp_el0
                0x0000000080008200                sync_exception_sp_elx
                0x0000000080008280                irq_sp_elx
                0x0000000080008300                fiq_sp_elx
                0x0000000080008380                serror_sp_elx
                0x0000000080008400                sync_exception_aarch64
                0x0000000080008480                irq_aarch64
                0x0000000080008500                fiq_aarch64
                0x0000000080008580                serror_aarch64
                0x0000000080008600                sync_exception_aarch32
                0x0000000080008680                irq_aarch32
                0x0000000080008700                fiq_aarch32
                0x0000000080008780                serror_aarch32
 .vectors       0x0000000080008800      0x800 ./build/imx8qm/release/bl31/wa_cve_2017_5715_mmu.o
                0x0000000080008800                wa_cve_2017_5715_mmu_vbar
                0x0000000080009000                __RO_END_UNALIGNED__ = .
                0x0000000080009000                . = ALIGN (0x1000)
                0x0000000080009000                __RO_END__ = .
                0x0000000000000001                ASSERT ((__CPU_OPS_END__ > __CPU_OPS_START__), cpu_ops not defined for this platform.)
                0x0000000080009000                __RW_START__ = .

.iplt           0x0000000080009000        0x0
 .iplt          0x0000000080009000        0x0 ./build/imx8qm/release/bl31/build_message.o

.rela.dyn       0x0000000080009000        0x0
 .rela.iplt     0x0000000080009000        0x0 ./build/imx8qm/release/bl31/build_message.o
 .rela.text.mx8_partition_resources
                0x0000000080009000        0x0 ./build/imx8qm/release/bl31/build_message.o
 .rela.text.bl31_early_platform_setup2
                0x0000000080009000        0x0 ./build/imx8qm/release/bl31/build_message.o
 .rela.text.bl31_plat_arch_setup
                0x0000000080009000        0x0 ./build/imx8qm/release/bl31/build_message.o
 .rela.text.imx_pwr_domain_on
                0x0000000080009000        0x0 ./build/imx8qm/release/bl31/build_message.o
 .rela.text.imx_pwr_domain_off
                0x0000000080009000        0x0 ./build/imx8qm/release/bl31/build_message.o
 .rela.text.imx_domain_suspend
                0x0000000080009000        0x0 ./build/imx8qm/release/bl31/build_message.o
 .rela.text.imx_domain_suspend_finish
                0x0000000080009000        0x0 ./build/imx8qm/release/bl31/build_message.o
 .rela.text.plat_setup_psci_ops
                0x0000000080009000        0x0 ./build/imx8qm/release/bl31/build_message.o
 .rela.text.imx_system_off
                0x0000000080009000        0x0 ./build/imx8qm/release/bl31/build_message.o
 .rela.text.imx_system_reset
                0x0000000080009000        0x0 ./build/imx8qm/release/bl31/build_message.o
 .rela.text.imx_system_reset2
                0x0000000080009000        0x0 ./build/imx8qm/release/bl31/build_message.o
 .rela.text.imx_cpufreq_handler
                0x0000000080009000        0x0 ./build/imx8qm/release/bl31/build_message.o
 .rela.text.imx_srtc_handler
                0x0000000080009000        0x0 ./build/imx8qm/release/bl31/build_message.o
 .rela.text.imx_otp_handler
                0x0000000080009000        0x0 ./build/imx8qm/release/bl31/build_message.o
 .rela.text.imx_misc_set_temp_handler
                0x0000000080009000        0x0 ./build/imx8qm/release/bl31/build_message.o
 .rela.text.imx_get_cpu_rev
                0x0000000080009000        0x0 ./build/imx8qm/release/bl31/build_message.o
 .rela.text.arm_gicv3_distif_pre_save
                0x0000000080009000        0x0 ./build/imx8qm/release/bl31/build_message.o
 .rela.text.arm_gicv3_distif_post_restore
                0x0000000080009000        0x0 ./build/imx8qm/release/bl31/build_message.o
 .rela.text.gicv3_driver_init
                0x0000000080009000        0x0 ./build/imx8qm/release/bl31/build_message.o
 .rela.text.gicv3_distif_init
                0x0000000080009000        0x0 ./build/imx8qm/release/bl31/build_message.o
 .rela.text.gicv3_rdistif_init
                0x0000000080009000        0x0 ./build/imx8qm/release/bl31/build_message.o
 .rela.text.gicv3_cpuif_enable
                0x0000000080009000        0x0 ./build/imx8qm/release/bl31/build_message.o
 .rela.text.gicv3_cpuif_disable
                0x0000000080009000        0x0 ./build/imx8qm/release/bl31/build_message.o
 .rela.text.gicv3_rdistif_save
                0x0000000080009000        0x0 ./build/imx8qm/release/bl31/build_message.o
 .rela.text.gicv3_rdistif_init_restore
                0x0000000080009000        0x0 ./build/imx8qm/release/bl31/build_message.o
 .rela.text.gicv3_distif_save
                0x0000000080009000        0x0 ./build/imx8qm/release/bl31/build_message.o
 .rela.text.gicv3_distif_init_restore
                0x0000000080009000        0x0 ./build/imx8qm/release/bl31/build_message.o
 .rela.rodata.arm_gic_data
                0x0000000080009000        0x0 ./build/imx8qm/release/bl31/build_message.o
 .rela.text.runtime_svc_init
                0x0000000080009000        0x0 ./build/imx8qm/release/bl31/build_message.o
 .rela.text.cm_el1_sysregs_context_restore
                0x0000000080009000        0x0 ./build/imx8qm/release/bl31/build_message.o
 .rela.text.psci_do_cpu_off
                0x0000000080009000        0x0 ./build/imx8qm/release/bl31/build_message.o
 .rela.text.psci_cpu_on_start
                0x0000000080009000        0x0 ./build/imx8qm/release/bl31/build_message.o
 .rela.text.psci_cpu_on_finish
                0x0000000080009000        0x0 ./build/imx8qm/release/bl31/build_message.o
 .rela.text.psci_cpu_suspend_start
                0x0000000080009000        0x0 ./build/imx8qm/release/bl31/build_message.o
 .rela.text.psci_cpu_suspend_finish
                0x0000000080009000        0x0 ./build/imx8qm/release/bl31/build_message.o
 .rela.text.psci_validate_power_state
                0x0000000080009000        0x0 ./build/imx8qm/release/bl31/build_message.o
 .rela.text.psci_query_sys_suspend_pwrstate
                0x0000000080009000        0x0 ./build/imx8qm/release/bl31/build_message.o
 .rela.text.psci_get_target_local_pwr_states
                0x0000000080009000        0x0 ./build/imx8qm/release/bl31/build_message.o
 .rela.text.psci_get_parent_pwr_domain_nodes
                0x0000000080009000        0x0 ./build/imx8qm/release/bl31/build_message.o
 .rela.text.psci_set_pwr_domains_to_run
                0x0000000080009000        0x0 ./build/imx8qm/release/bl31/build_message.o
 .rela.text.psci_do_state_coordination
                0x0000000080009000        0x0 ./build/imx8qm/release/bl31/build_message.o
 .rela.text.psci_acquire_pwr_domain_locks
                0x0000000080009000        0x0 ./build/imx8qm/release/bl31/build_message.o
 .rela.text.psci_release_pwr_domain_locks
                0x0000000080009000        0x0 ./build/imx8qm/release/bl31/build_message.o
 .rela.text.psci_validate_entry_point
                0x0000000080009000        0x0 ./build/imx8qm/release/bl31/build_message.o
 .rela.text.psci_warmboot_entrypoint
                0x0000000080009000        0x0 ./build/imx8qm/release/bl31/build_message.o
 .rela.text.psci_spd_migrate_info
                0x0000000080009000        0x0 ./build/imx8qm/release/bl31/build_message.o
 .rela.text.psci_cpu_suspend
                0x0000000080009000        0x0 ./build/imx8qm/release/bl31/build_message.o
 .rela.text.psci_migrate
                0x0000000080009000        0x0 ./build/imx8qm/release/bl31/build_message.o
 .rela.text.psci_node_hw_state
                0x0000000080009000        0x0 ./build/imx8qm/release/bl31/build_message.o
 .rela.text.psci_features
                0x0000000080009000        0x0 ./build/imx8qm/release/bl31/build_message.o
 .rela.text.psci_smc_handler
                0x0000000080009000        0x0 ./build/imx8qm/release/bl31/build_message.o
 .rela.text.psci_setup
                0x0000000080009000        0x0 ./build/imx8qm/release/bl31/build_message.o
 .rela.text.psci_system_off
                0x0000000080009000        0x0 ./build/imx8qm/release/bl31/build_message.o
 .rela.text.psci_system_reset
                0x0000000080009000        0x0 ./build/imx8qm/release/bl31/build_message.o
 .rela.text.psci_system_reset2
                0x0000000080009000        0x0 ./build/imx8qm/release/bl31/build_message.o
 .rela.text.psci_mem_protect
                0x0000000080009000        0x0 ./build/imx8qm/release/bl31/build_message.o
 .rela.text.psci_mem_chk_range
                0x0000000080009000        0x0 ./build/imx8qm/release/bl31/build_message.o
 .rela.text.asm.bl31_entrypoint
                0x0000000080009000        0x0 ./build/imx8qm/release/bl31/build_message.o
 .rela.text.asm.smc_handler
                0x0000000080009000        0x0 ./build/imx8qm/release/bl31/build_message.o
 .rela.text.asm._cpu_data_by_index
                0x0000000080009000        0x0 ./build/imx8qm/release/bl31/build_message.o
 .rela.text.asm.get_cpu_ops_ptr
                0x0000000080009000        0x0 ./build/imx8qm/release/bl31/build_message.o

.data           0x0000000080009000       0x41
                0x0000000080009000                __DATA_START__ = .
 *(.data*)
 .data.ns_access_allowed
                0x0000000080009000        0x6 ./build/imx8qm/release/bl31/imx8qm_bl31_setup.o
                0x0000000080009000                ns_access_allowed
 *fill*         0x0000000080009006        0x2 
 .data.secure_rsrcs
                0x0000000080009008       0x1e ./build/imx8qm/release/bl31/imx8qm_bl31_setup.o
                0x0000000080009008                secure_rsrcs
 *fill*         0x0000000080009026        0x2 
 .data.next_image_type
                0x0000000080009028        0x4 ./build/imx8qm/release/bl31/bl31_main.o
 .data.max_log_level
                0x000000008000902c        0x4 ./build/imx8qm/release/bl31/tf_log.o
 .data.mailbox_base
                0x0000000080009030        0x8 ./build/imx8qm/release/bl31/imx8_helpers.o
 .data.console_list
                0x0000000080009038        0x8 ./build/imx8qm/release/bl31/console.o
                0x0000000080009038                console_list
 .data.console_state
                0x0000000080009040        0x1 ./build/imx8qm/release/bl31/console.o
                0x0000000080009041                __DATA_END__ = .

.igot.plt       0x0000000080009048        0x0
 .igot.plt      0x0000000080009048        0x0 ./build/imx8qm/release/bl31/build_message.o

stacks          0x0000000080009080     0x1800
                0x0000000080009080                __STACKS_START__ = .
 *(tzfw_normal_stacks)
 tzfw_normal_stacks
                0x0000000080009080     0x1800 ./build/imx8qm/release/bl31/platform_mp_stack.o
                0x000000008000a880                __STACKS_END__ = .

.bss            0x000000008000a880     0x3c34
                0x000000008000a880                __BSS_START__ = .
 *(.bss*)
 .bss.bl32_image_ep_info
                0x000000008000a880       0x58 ./build/imx8qm/release/bl31/imx8qm_bl31_setup.o
 .bss.bl33_image_ep_info
                0x000000008000a8d8       0x58 ./build/imx8qm/release/bl31/imx8qm_bl31_setup.o
 .bss.gpt_lpcg  0x000000008000a930        0x4 ./build/imx8qm/release/bl31/imx8qm_psci.o
 *fill*         0x000000008000a934        0x4 
 .bss.gpt_reg   0x000000008000a938        0x8 ./build/imx8qm/release/bl31/imx8qm_psci.o
 .bss.imx_gicv3_ctx
                0x000000008000a940     0x2930 ./build/imx8qm/release/bl31/imx8qm_psci.o
 .bss.wakeup_src_irqsteer
                0x000000008000d270        0x1 ./build/imx8qm/release/bl31/misc.o
 *fill*         0x000000008000d271        0xf 
 .bss.base_xlation_table
                0x000000008000d280       0x20 ./build/imx8qm/release/bl31/xlat_tables.o
 .bss.tcr_ps_bits
                0x000000008000d2a0        0x8 ./build/imx8qm/release/bl31/xlat_tables.o
 .bss.ap1_mask  0x000000008000d2a8        0x8 ./build/imx8qm/release/bl31/xlat_tables_common.o
 .bss.execute_never_mask
                0x000000008000d2b0        0x8 ./build/imx8qm/release/bl31/xlat_tables_common.o
 .bss.mmap      0x000000008000d2b8      0x1a0 ./build/imx8qm/release/bl31/xlat_tables_common.o
 .bss.next_xlat
                0x000000008000d458        0x4 ./build/imx8qm/release/bl31/xlat_tables_common.o
 *fill*         0x000000008000d45c        0x4 
 .bss.xlat_max_pa
                0x000000008000d460        0x8 ./build/imx8qm/release/bl31/xlat_tables_common.o
 .bss.xlat_max_va
                0x000000008000d468        0x8 ./build/imx8qm/release/bl31/xlat_tables_common.o
 .bss.cci_base  0x000000008000d470        0x8 ./build/imx8qm/release/bl31/cci.o
 .bss.cci_slave_if_map
                0x000000008000d478        0x8 ./build/imx8qm/release/bl31/cci.o
 .bss.bl32_init
                0x000000008000d480        0x8 ./build/imx8qm/release/bl31/bl31_main.o
 .bss.intr_type_descs
                0x000000008000d488       0x48 ./build/imx8qm/release/bl31/interrupt_mgmt.o
 .bss.psci_req_local_pwr_states
                0x000000008000d4d0        0xc ./build/imx8qm/release/bl31/psci_common.o
 *fill*         0x000000008000d4dc        0x4 
 .bss.psci_ns_context
                0x000000008000d4e0      0xd20 ./build/imx8qm/release/bl31/psci_setup.o
 *(COMMON)
 COMMON         0x000000008000e200        0x8 ./build/imx8qm/release/bl31/imx8qm_bl31_setup.o
                0x000000008000e200                ipc_handle
 COMMON         0x000000008000e208        0x8 ./build/imx8qm/release/bl31/gicv3_main.o
                0x000000008000e208                gicv3_driver_data
 COMMON         0x000000008000e210       0x30 ./build/imx8qm/release/bl31/plat_imx8_gic.o
                0x000000008000e210                rdistif_base_addrs
 COMMON         0x000000008000e240       0x80 ./build/imx8qm/release/bl31/runtime_svc.o
                0x000000008000e240                rt_svc_descs_indices
 COMMON         0x000000008000e2c0      0x180 ./build/imx8qm/release/bl31/cpu_data_array.o
                0x000000008000e2c0                percpu_data
 COMMON         0x000000008000e440       0x70 ./build/imx8qm/release/bl31/psci_common.o
                0x000000008000e440                psci_cpu_pd_nodes
                0x000000008000e4a0                psci_plat_pm_ops
                0x000000008000e4a8                psci_spd_pm
 COMMON         0x000000008000e4b0        0x4 ./build/imx8qm/release/bl31/psci_setup.o
                0x000000008000e4b0                psci_caps
                0x000000008000e4b4                __BSS_END__ = .

xlat_table      0x000000008000f000     0x8000
 *(xlat_table)
 xlat_table     0x000000008000f000     0x8000 ./build/imx8qm/release/bl31/xlat_tables_common.o

coherent_ram    0x0000000080017000     0x1000
                0x0000000080017000                __COHERENT_RAM_START__ = .
 *(bakery_lock)
 bakery_lock    0x0000000080017000        0xc ./build/imx8qm/release/bl31/ipc.o
                0x0000000080017000                sc_ipc_bakery_lock
 *fill*         0x000000008001700c        0x4 
 bakery_lock    0x0000000080017010       0x48 ./build/imx8qm/release/bl31/psci_common.o
                0x0000000080017010                psci_locks
 *(tzfw_coherent_mem)
 tzfw_coherent_mem
                0x0000000080017058       0x60 ./build/imx8qm/release/bl31/psci_common.o
                0x0000000080017058                psci_non_cpu_pd_nodes
                0x00000000800170b8                __COHERENT_RAM_END_UNALIGNED__ = .
                0x0000000080018000                . = ALIGN (0x1000)
 *fill*         0x00000000800170b8      0xf48 
                0x0000000080018000                __COHERENT_RAM_END__ = .
                0x0000000080018000                __RW_END__ = .
                0x0000000080018000                __BL31_END__ = .
                0x0000000000003c34                __BSS_SIZE__ = SIZEOF (.bss)
                0x00000000000000b8                __COHERENT_RAM_UNALIGNED_SIZE__ = (__COHERENT_RAM_END_UNALIGNED__ - __COHERENT_RAM_START__)
                0x0000000000000001                ASSERT ((. <= 0x80020000), BL31 image has exceeded its limit.)
LOAD ./build/imx8qm/release/bl31/build_message.o
LOAD ./build/imx8qm/release/bl31/imx8qm_bl31_setup.o
LOAD ./build/imx8qm/release/bl31/imx8qm_psci.o
LOAD ./build/imx8qm/release/bl31/imx8_topology.o
LOAD ./build/imx8qm/release/bl31/imx8_psci.o
LOAD ./build/imx8qm/release/bl31/cpufreq.o
LOAD ./build/imx8qm/release/bl31/srtc.o
LOAD ./build/imx8qm/release/bl31/misc.o
LOAD ./build/imx8qm/release/bl31/imx8_sip_svc.o
LOAD ./build/imx8qm/release/bl31/xlat_tables.o
LOAD ./build/imx8qm/release/bl31/xlat_tables_common.o
LOAD ./build/imx8qm/release/bl31/cci.o
LOAD ./build/imx8qm/release/bl31/gicv3_helpers.o
LOAD ./build/imx8qm/release/bl31/arm_gicv3_common.o
LOAD ./build/imx8qm/release/bl31/gic500.o
LOAD ./build/imx8qm/release/bl31/gicv3_main.o
LOAD ./build/imx8qm/release/bl31/gic_common.o
LOAD ./build/imx8qm/release/bl31/plat_gicv3.o
LOAD ./build/imx8qm/release/bl31/plat_psci_common.o
LOAD ./build/imx8qm/release/bl31/plat_imx8_gic.o
LOAD ./build/imx8qm/release/bl31/ipc.o
LOAD ./build/imx8qm/release/bl31/imx8_mu.o
LOAD ./build/imx8qm/release/bl31/pad_rpc_clnt.o
LOAD ./build/imx8qm/release/bl31/pm_rpc_clnt.o
LOAD ./build/imx8qm/release/bl31/rm_rpc_clnt.o
LOAD ./build/imx8qm/release/bl31/timer_rpc_clnt.o
LOAD ./build/imx8qm/release/bl31/misc_rpc_clnt.o
LOAD ./build/imx8qm/release/bl31/irq_rpc_clnt.o
LOAD ./build/imx8qm/release/bl31/seco_rpc_clnt.o
LOAD ./build/imx8qm/release/bl31/bl31_main.o
LOAD ./build/imx8qm/release/bl31/interrupt_mgmt.o
LOAD ./build/imx8qm/release/bl31/bl31_context_mgmt.o
LOAD ./build/imx8qm/release/bl31/runtime_svc.o
LOAD ./build/imx8qm/release/bl31/arm_arch_svc_setup.o
LOAD ./build/imx8qm/release/bl31/std_svc_setup.o
LOAD ./build/imx8qm/release/bl31/cpu_data_array.o
LOAD ./build/imx8qm/release/bl31/context_mgmt.o
LOAD ./build/imx8qm/release/bl31/errata_report.o
LOAD ./build/imx8qm/release/bl31/psci_off.o
LOAD ./build/imx8qm/release/bl31/psci_on.o
LOAD ./build/imx8qm/release/bl31/psci_suspend.o
LOAD ./build/imx8qm/release/bl31/psci_common.o
LOAD ./build/imx8qm/release/bl31/psci_main.o
LOAD ./build/imx8qm/release/bl31/psci_setup.o
LOAD ./build/imx8qm/release/bl31/psci_system_off.o
LOAD ./build/imx8qm/release/bl31/psci_mem_protect.o
LOAD ./build/imx8qm/release/bl31/bakery_lock_coherent.o
LOAD ./build/imx8qm/release/bl31/spe.o
LOAD ./build/imx8qm/release/bl31/sve.o
LOAD ./build/imx8qm/release/bl31/bl_common.o
LOAD ./build/imx8qm/release/bl31/tf_log.o
LOAD ./build/imx8qm/release/bl31/plat_bl_common.o
LOAD ./build/imx8qm/release/bl31/plat_log_common.o
LOAD ./build/imx8qm/release/bl31/plat_common.o
LOAD ./build/imx8qm/release/bl31/lpuart_console.o
LOAD ./build/imx8qm/release/bl31/imx8_helpers.o
LOAD ./build/imx8qm/release/bl31/cortex_a53.o
LOAD ./build/imx8qm/release/bl31/cortex_a72.o
LOAD ./build/imx8qm/release/bl31/console.o
LOAD ./build/imx8qm/release/bl31/bl31_entrypoint.o
LOAD ./build/imx8qm/release/bl31/crash_reporting.o
LOAD ./build/imx8qm/release/bl31/ea_delegate.o
LOAD ./build/imx8qm/release/bl31/runtime_exceptions.o
LOAD ./build/imx8qm/release/bl31/setjmp.o
LOAD ./build/imx8qm/release/bl31/dsu_helpers.o
LOAD ./build/imx8qm/release/bl31/platform_mp_stack.o
LOAD ./build/imx8qm/release/bl31/cpu_data.o
LOAD ./build/imx8qm/release/bl31/cpu_helpers.o
LOAD ./build/imx8qm/release/bl31/spinlock.o
LOAD ./build/imx8qm/release/bl31/psci_helpers.o
LOAD ./build/imx8qm/release/bl31/context.o
LOAD ./build/imx8qm/release/bl31/wa_cve_2017_5715_bpiall.o
LOAD ./build/imx8qm/release/bl31/wa_cve_2017_5715_mmu.o
LOAD ./build/imx8qm/release/bl31/debug.o
LOAD ./build/imx8qm/release/bl31/cache_helpers.o
LOAD ./build/imx8qm/release/bl31/misc_helpers.o
LOAD ./build/imx8qm/release/bl31/platform_helpers.o
LOAD ./build/imx8qm/release/lib/libc.a
OUTPUT(build/imx8qm/release/bl31/bl31.elf elf64-littleaarch64)

.debug_info     0x0000000000000000    0x256f3
 .debug_info    0x0000000000000000       0x83 ./build/imx8qm/release/bl31/build_message.o
 .debug_info    0x0000000000000083     0x123a ./build/imx8qm/release/bl31/imx8qm_bl31_setup.o
 .debug_info    0x00000000000012bd     0x18da ./build/imx8qm/release/bl31/imx8qm_psci.o
 .debug_info    0x0000000000002b97      0x1eb ./build/imx8qm/release/bl31/imx8_topology.o
 .debug_info    0x0000000000002d82      0x5fb ./build/imx8qm/release/bl31/imx8_psci.o
 .debug_info    0x000000000000337d      0x339 ./build/imx8qm/release/bl31/cpufreq.o
 .debug_info    0x00000000000036b6      0x656 ./build/imx8qm/release/bl31/srtc.o
 .debug_info    0x0000000000003d0c      0x784 ./build/imx8qm/release/bl31/misc.o
 .debug_info    0x0000000000004490      0x606 ./build/imx8qm/release/bl31/imx8_sip_svc.o
 .debug_info    0x0000000000004a96      0x8be ./build/imx8qm/release/bl31/xlat_tables.o
 .debug_info    0x0000000000005354      0x773 ./build/imx8qm/release/bl31/xlat_tables_common.o
 .debug_info    0x0000000000005ac7      0x2f8 ./build/imx8qm/release/bl31/cci.o
 .debug_info    0x0000000000005dbf     0x2df7 ./build/imx8qm/release/bl31/gicv3_helpers.o
 .debug_info    0x0000000000008bb6      0x505 ./build/imx8qm/release/bl31/arm_gicv3_common.o
 .debug_info    0x00000000000090bb      0x259 ./build/imx8qm/release/bl31/gic500.o
 .debug_info    0x0000000000009314     0x44d1 ./build/imx8qm/release/bl31/gicv3_main.o
 .debug_info    0x000000000000d7e5     0x197e ./build/imx8qm/release/bl31/gic_common.o
 .debug_info    0x000000000000f163      0xa71 ./build/imx8qm/release/bl31/plat_gicv3.o
 .debug_info    0x000000000000fbd4      0x1fb ./build/imx8qm/release/bl31/plat_psci_common.o
 .debug_info    0x000000000000fdcf      0x81f ./build/imx8qm/release/bl31/plat_imx8_gic.o
 .debug_info    0x00000000000105ee      0x657 ./build/imx8qm/release/bl31/ipc.o
 .debug_info    0x0000000000010c45      0x5ed ./build/imx8qm/release/bl31/imx8_mu.o
 .debug_info    0x0000000000011232     0x14b2 ./build/imx8qm/release/bl31/pm_rpc_clnt.o
 .debug_info    0x00000000000126e4     0x1809 ./build/imx8qm/release/bl31/rm_rpc_clnt.o
 .debug_info    0x0000000000013eed      0xdc9 ./build/imx8qm/release/bl31/timer_rpc_clnt.o
 .debug_info    0x0000000000014cb6     0x18e9 ./build/imx8qm/release/bl31/misc_rpc_clnt.o
 .debug_info    0x000000000001659f      0x750 ./build/imx8qm/release/bl31/bl31_main.o
 .debug_info    0x0000000000016cef      0x7c9 ./build/imx8qm/release/bl31/interrupt_mgmt.o
 .debug_info    0x00000000000174b8      0x461 ./build/imx8qm/release/bl31/bl31_context_mgmt.o
 .debug_info    0x0000000000017919      0x6cb ./build/imx8qm/release/bl31/runtime_svc.o
 .debug_info    0x0000000000017fe4      0x511 ./build/imx8qm/release/bl31/arm_arch_svc_setup.o
 .debug_info    0x00000000000184f5      0x889 ./build/imx8qm/release/bl31/std_svc_setup.o
 .debug_info    0x0000000000018d7e      0x22e ./build/imx8qm/release/bl31/cpu_data_array.o
 .debug_info    0x0000000000018fac     0x137f ./build/imx8qm/release/bl31/context_mgmt.o
 .debug_info    0x000000000001a32b      0xbe3 ./build/imx8qm/release/bl31/psci_off.o
 .debug_info    0x000000000001af0e     0x102d ./build/imx8qm/release/bl31/psci_on.o
 .debug_info    0x000000000001bf3b     0x11ad ./build/imx8qm/release/bl31/psci_suspend.o
 .debug_info    0x000000000001d0e8     0x21b6 ./build/imx8qm/release/bl31/psci_common.o
 .debug_info    0x000000000001f29e     0x1873 ./build/imx8qm/release/bl31/psci_main.o
 .debug_info    0x0000000000020b11     0x1181 ./build/imx8qm/release/bl31/psci_setup.o
 .debug_info    0x0000000000021c92      0x8e9 ./build/imx8qm/release/bl31/psci_system_off.o
 .debug_info    0x000000000002257b      0x893 ./build/imx8qm/release/bl31/psci_mem_protect.o
 .debug_info    0x0000000000022e0e      0x4fd ./build/imx8qm/release/bl31/bakery_lock_coherent.o
 .debug_info    0x000000000002330b      0x55c ./build/imx8qm/release/bl31/spe.o
 .debug_info    0x0000000000023867      0x6a2 ./build/imx8qm/release/bl31/sve.o
 .debug_info    0x0000000000023f09      0x834 ./build/imx8qm/release/bl31/bl_common.o
 .debug_info    0x000000000002473d      0x27b ./build/imx8qm/release/bl31/tf_log.o
 .debug_info    0x00000000000249b8       0xef ./build/imx8qm/release/bl31/plat_log_common.o
 .debug_info    0x0000000000024aa7      0x33c ./build/imx8qm/release/bl31/plat_common.o
 .debug_info    0x0000000000024de3       0xdc ./build/imx8qm/release/lib/libc.a(memcpy.o)
 .debug_info    0x0000000000024ebf      0x124 ./build/imx8qm/release/lib/libc.a(memmove.o)
 .debug_info    0x0000000000024fe3       0xc7 ./build/imx8qm/release/lib/libc.a(memset.o)
 .debug_info    0x00000000000250aa      0x4bb ./build/imx8qm/release/lib/libc.a(printf.o)
 .debug_info    0x0000000000025565       0xe3 ./build/imx8qm/release/lib/libc.a(putchar.o)
 .debug_info    0x0000000000025648       0xab ./build/imx8qm/release/lib/libc.a(strchr.o)

.debug_abbrev   0x0000000000000000     0x7c29
 .debug_abbrev  0x0000000000000000       0x45 ./build/imx8qm/release/bl31/build_message.o
 .debug_abbrev  0x0000000000000045      0x305 ./build/imx8qm/release/bl31/imx8qm_bl31_setup.o
 .debug_abbrev  0x000000000000034a      0x3f6 ./build/imx8qm/release/bl31/imx8qm_psci.o
 .debug_abbrev  0x0000000000000740       0xf7 ./build/imx8qm/release/bl31/imx8_topology.o
 .debug_abbrev  0x0000000000000837      0x24b ./build/imx8qm/release/bl31/imx8_psci.o
 .debug_abbrev  0x0000000000000a82      0x15f ./build/imx8qm/release/bl31/cpufreq.o
 .debug_abbrev  0x0000000000000be1      0x2b5 ./build/imx8qm/release/bl31/srtc.o
 .debug_abbrev  0x0000000000000e96      0x2c4 ./build/imx8qm/release/bl31/misc.o
 .debug_abbrev  0x000000000000115a      0x214 ./build/imx8qm/release/bl31/imx8_sip_svc.o
 .debug_abbrev  0x000000000000136e      0x28e ./build/imx8qm/release/bl31/xlat_tables.o
 .debug_abbrev  0x00000000000015fc      0x2de ./build/imx8qm/release/bl31/xlat_tables_common.o
 .debug_abbrev  0x00000000000018da      0x156 ./build/imx8qm/release/bl31/cci.o
 .debug_abbrev  0x0000000000001a30      0x41e ./build/imx8qm/release/bl31/gicv3_helpers.o
 .debug_abbrev  0x0000000000001e4e      0x1fb ./build/imx8qm/release/bl31/arm_gicv3_common.o
 .debug_abbrev  0x0000000000002049      0x124 ./build/imx8qm/release/bl31/gic500.o
 .debug_abbrev  0x000000000000216d      0x518 ./build/imx8qm/release/bl31/gicv3_main.o
 .debug_abbrev  0x0000000000002685      0x2ba ./build/imx8qm/release/bl31/gic_common.o
 .debug_abbrev  0x000000000000293f      0x2eb ./build/imx8qm/release/bl31/plat_gicv3.o
 .debug_abbrev  0x0000000000002c2a       0xe7 ./build/imx8qm/release/bl31/plat_psci_common.o
 .debug_abbrev  0x0000000000002d11      0x250 ./build/imx8qm/release/bl31/plat_imx8_gic.o
 .debug_abbrev  0x0000000000002f61      0x1f8 ./build/imx8qm/release/bl31/ipc.o
 .debug_abbrev  0x0000000000003159      0x19e ./build/imx8qm/release/bl31/imx8_mu.o
 .debug_abbrev  0x00000000000032f7      0x1f0 ./build/imx8qm/release/bl31/pm_rpc_clnt.o
 .debug_abbrev  0x00000000000034e7      0x1f0 ./build/imx8qm/release/bl31/rm_rpc_clnt.o
 .debug_abbrev  0x00000000000036d7      0x1c5 ./build/imx8qm/release/bl31/timer_rpc_clnt.o
 .debug_abbrev  0x000000000000389c      0x1fd ./build/imx8qm/release/bl31/misc_rpc_clnt.o