Archive member included to satisfy reference by file (symbol)

build-optee/imx8qm/release/lib/libc.a(memcpy.o)
                              build-optee/imx8qm/release/bl31/misc.o (memcpy)
build-optee/imx8qm/release/lib/libc.a(memmove.o)
                              build-optee/imx8qm/release/bl31/xlat_tables_common.o (memmove)
build-optee/imx8qm/release/lib/libc.a(memset.o)
                              build-optee/imx8qm/release/bl31/runtime_svc.o (memset)
build-optee/imx8qm/release/lib/libc.a(printf.o)
                              build-optee/imx8qm/release/bl31/tf_log.o (vprintf)
build-optee/imx8qm/release/lib/libc.a(putchar.o)
                              build-optee/imx8qm/release/bl31/tf_log.o (putchar)
build-optee/imx8qm/release/lib/libc.a(strchr.o)
                              build-optee/imx8qm/release/bl31/misc.o (strchr)

Allocating common symbols
Common symbol       size              file

rt_svc_descs_indices
                    0x80              build-optee/imx8qm/release/bl31/runtime_svc.o
psci_cpu_pd_nodes   0x60              build-optee/imx8qm/release/bl31/psci_common.o
rdistif_base_addrs  0x30              build-optee/imx8qm/release/bl31/plat_imx8_gic.o
ipc_handle          0x8               build-optee/imx8qm/release/bl31/imx8qm_bl31_setup.o
psci_caps           0x4               build-optee/imx8qm/release/bl31/psci_setup.o
optee_vector_table  0x8               build-optee/imx8qm/release/bl31/opteed_main.o
psci_plat_pm_ops    0x8               build-optee/imx8qm/release/bl31/psci_common.o
opteed_rw           0x4               build-optee/imx8qm/release/bl31/opteed_main.o
percpu_data         0x180             build-optee/imx8qm/release/bl31/cpu_data_array.o
opteed_sp_context   0xde0             build-optee/imx8qm/release/bl31/opteed_main.o
gicv3_driver_data   0x8               build-optee/imx8qm/release/bl31/gicv3_main.o
psci_spd_pm         0x8               build-optee/imx8qm/release/bl31/psci_common.o

Discarded input sections

 .text          0x0000000000000000        0x0 build-optee/imx8qm/release/bl31/build_message.o
 .data          0x0000000000000000        0x0 build-optee/imx8qm/release/bl31/build_message.o
 .bss           0x0000000000000000        0x0 build-optee/imx8qm/release/bl31/build_message.o
 .text          0x0000000000000000        0x0 build-optee/imx8qm/release/bl31/imx8qm_bl31_setup.o
 .data          0x0000000000000000        0x0 build-optee/imx8qm/release/bl31/imx8qm_bl31_setup.o
 .bss           0x0000000000000000        0x0 build-optee/imx8qm/release/bl31/imx8qm_bl31_setup.o
 .eh_frame      0x0000000000000000      0x110 build-optee/imx8qm/release/bl31/imx8qm_bl31_setup.o
 .text          0x0000000000000000        0x0 build-optee/imx8qm/release/bl31/imx8qm_psci.o
 .data          0x0000000000000000        0x0 build-optee/imx8qm/release/bl31/imx8qm_psci.o
 .bss           0x0000000000000000        0x0 build-optee/imx8qm/release/bl31/imx8qm_psci.o
 .eh_frame      0x0000000000000000      0x158 build-optee/imx8qm/release/bl31/imx8qm_psci.o
 .text          0x0000000000000000        0x0 build-optee/imx8qm/release/bl31/imx8_topology.o
 .data          0x0000000000000000        0x0 build-optee/imx8qm/release/bl31/imx8_topology.o
 .bss           0x0000000000000000        0x0 build-optee/imx8qm/release/bl31/imx8_topology.o
 .eh_frame      0x0000000000000000       0x40 build-optee/imx8qm/release/bl31/imx8_topology.o
 .text          0x0000000000000000        0x0 build-optee/imx8qm/release/bl31/imx8_psci.o
 .data          0x0000000000000000        0x0 build-optee/imx8qm/release/bl31/imx8_psci.o
 .bss           0x0000000000000000        0x0 build-optee/imx8qm/release/bl31/imx8_psci.o
 .eh_frame      0x0000000000000000       0xa0 build-optee/imx8qm/release/bl31/imx8_psci.o
 .text          0x0000000000000000        0x0 build-optee/imx8qm/release/bl31/cpufreq.o
 .data          0x0000000000000000        0x0 build-optee/imx8qm/release/bl31/cpufreq.o
 .bss           0x0000000000000000        0x0 build-optee/imx8qm/release/bl31/cpufreq.o
 .eh_frame      0x0000000000000000       0x38 build-optee/imx8qm/release/bl31/cpufreq.o
 .text          0x0000000000000000        0x0 build-optee/imx8qm/release/bl31/srtc.o
 .data          0x0000000000000000        0x0 build-optee/imx8qm/release/bl31/srtc.o
 .bss           0x0000000000000000        0x0 build-optee/imx8qm/release/bl31/srtc.o
 .eh_frame      0x0000000000000000       0x50 build-optee/imx8qm/release/bl31/srtc.o
 .text          0x0000000000000000        0x0 build-optee/imx8qm/release/bl31/misc.o
 .data          0x0000000000000000        0x0 build-optee/imx8qm/release/bl31/misc.o
 .bss           0x0000000000000000        0x0 build-optee/imx8qm/release/bl31/misc.o
 .eh_frame      0x0000000000000000       0xd8 build-optee/imx8qm/release/bl31/misc.o
 .text          0x0000000000000000        0x0 build-optee/imx8qm/release/bl31/imx8_sip_svc.o
 .data          0x0000000000000000        0x0 build-optee/imx8qm/release/bl31/imx8_sip_svc.o
[...]
Memory Configuration

Name             Origin             Length             Attributes
RAM              0x0000000080000000 0x0000000000020000 xrw
*default*        0x0000000000000000 0xffffffffffffffff

Linker script and memory map

                0x0000000080000000                . = 0x80000000
                0x0000000000000001                ASSERT ((. == ALIGN (0x1000)), BL31_BASE address is not aligned on a page boundary.)

ro              0x0000000080000000     0xa000
                0x0000000080000000                __RO_START__ = .
 *bl31_entrypoint.o(.text*)
 .text.asm.bl31_entrypoint
                0x0000000080000000      0x1c0 build-optee/imx8qm/release/bl31/bl31_entrypoint.o
                0x0000000080000000                bl31_entrypoint
 .text.asm.bl31_warm_entrypoint
                0x00000000800001c0       0x60 build-optee/imx8qm/release/bl31/bl31_entrypoint.o
                0x00000000800001c0                bl31_warm_entrypoint
 *(.text*)
 .text.mx8_partition_resources
                0x0000000080000220      0x83c build-optee/imx8qm/release/bl31/imx8qm_bl31_setup.o
                0x0000000080000220                mx8_partition_resources
 *fill*         0x0000000080000a5c        0x4 
 .text.bl31_early_platform_setup2
                0x0000000080000a60      0x2c4 build-optee/imx8qm/release/bl31/imx8qm_bl31_setup.o
                0x0000000080000a60                bl31_early_platform_setup2
 *fill*         0x0000000080000d24        0x4 
 .text.bl31_plat_arch_setup
                0x0000000080000d28       0xb8 build-optee/imx8qm/release/bl31/imx8qm_bl31_setup.o
                0x0000000080000d28                bl31_plat_arch_setup
 .text.bl31_platform_setup
                0x0000000080000de0       0x14 build-optee/imx8qm/release/bl31/imx8qm_bl31_setup.o
                0x0000000080000de0                bl31_platform_setup
 *fill*         0x0000000080000df4        0x4 
 .text.bl31_plat_get_next_image_ep_info
                0x0000000080000df8       0x28 build-optee/imx8qm/release/bl31/imx8qm_bl31_setup.o
                0x0000000080000df8                bl31_plat_get_next_image_ep_info
 .text.plat_get_syscnt_freq2
                0x0000000080000e20        0xc build-optee/imx8qm/release/bl31/imx8qm_bl31_setup.o
                0x0000000080000e20                plat_get_syscnt_freq2
 *fill*         0x0000000080000e2c        0x4 
 .text.bl31_plat_runtime_setup
                0x0000000080000e30        0x4 build-optee/imx8qm/release/bl31/imx8qm_bl31_setup.o
                0x0000000080000e30                bl31_plat_runtime_setup
 *fill*         0x0000000080000e34        0x4 
 .text.imx_validate_ns_entrypoint
                0x0000000080000e38        0x8 build-optee/imx8qm/release/bl31/imx8qm_psci.o
                0x0000000080000e38                imx_validate_ns_entrypoint
 .text.imx_pwr_domain_on
                0x0000000080000e40       0xe0 build-optee/imx8qm/release/bl31/imx8qm_psci.o
                0x0000000080000e40                imx_pwr_domain_on
 .text.imx_pwr_domain_on_finish
                0x0000000080000f20       0x38 build-optee/imx8qm/release/bl31/imx8qm_psci.o
                0x0000000080000f20                imx_pwr_domain_on_finish
 .text.imx_pwr_domain_off
                0x0000000080000f58       0x90 build-optee/imx8qm/release/bl31/imx8qm_psci.o
                0x0000000080000f58                imx_pwr_domain_off
 .text.imx_domain_suspend
                0x0000000080000fe8      0x304 build-optee/imx8qm/release/bl31/imx8qm_psci.o
                0x0000000080000fe8                imx_domain_suspend
 *fill*         0x00000000800012ec        0x4 
 .text.imx_domain_suspend_finish
                0x00000000800012f0      0x2c0 build-optee/imx8qm/release/bl31/imx8qm_psci.o
                0x00000000800012f0                imx_domain_suspend_finish
 .text.plat_setup_psci_ops
                0x00000000800015b0       0xf4 build-optee/imx8qm/release/bl31/imx8qm_psci.o
                0x00000000800015b0                plat_setup_psci_ops
 *fill*         0x00000000800016a4        0x4 
 .text.plat_get_power_domain_tree_desc
                0x00000000800016a8        0xc build-optee/imx8qm/release/bl31/imx8_topology.o
                0x00000000800016a8                plat_get_power_domain_tree_desc
 *fill*         0x00000000800016b4        0x4 
 .text.plat_core_pos_by_mpidr
                0x00000000800016b8       0x38 build-optee/imx8qm/release/bl31/imx8_topology.o
                0x00000000800016b8                plat_core_pos_by_mpidr
 .text.imx_system_off
                0x00000000800016f0       0x30 build-optee/imx8qm/release/bl31/imx8_psci.o
                0x00000000800016f0                imx_system_off
 .text.imx_system_reset
                0x0000000080001720       0x30 build-optee/imx8qm/release/bl31/imx8_psci.o
                0x0000000080001720                imx_system_reset
 .text.imx_system_reset2
                0x0000000080001750       0x9c build-optee/imx8qm/release/bl31/imx8_psci.o
                0x0000000080001750                imx_system_reset2
 *fill*         0x00000000800017ec        0x4 
 .text.imx_validate_power_state
                0x00000000800017f0       0x44 build-optee/imx8qm/release/bl31/imx8_psci.o
                0x00000000800017f0                imx_validate_power_state
 *fill*         0x0000000080001834        0x4 
 .text.imx_get_sys_suspend_power_state
                0x0000000080001838       0x14 build-optee/imx8qm/release/bl31/imx8_psci.o
                0x0000000080001838                imx_get_sys_suspend_power_state
 *fill*         0x000000008000184c        0x4 
 .text.imx_pwr_domain_pwr_down_wfi
                0x0000000080001850        0x8 build-optee/imx8qm/release/bl31/imx8_psci.o
                0x0000000080001850                imx_pwr_domain_pwr_down_wfi
 .text.imx_cpufreq_handler
                0x0000000080001858       0x4c build-optee/imx8qm/release/bl31/cpufreq.o
                0x0000000080001858                imx_cpufreq_handler
 *fill*         0x00000000800018a4        0x4 
 .text.imx_srtc_handler
                0x00000000800018a8      0x184 build-optee/imx8qm/release/bl31/srtc.o
                0x00000000800018a8                imx_srtc_handler
 *fill*         0x0000000080001a2c        0x4 
 .text.imx_is_wakeup_src_irqsteer
                0x0000000080001a30        0xc build-optee/imx8qm/release/bl31/misc.o
                0x0000000080001a30                imx_is_wakeup_src_irqsteer
 *fill*         0x0000000080001a3c        0x4 
 .text.imx_wakeup_src_handler
                0x0000000080001a40       0x38 build-optee/imx8qm/release/bl31/misc.o
                0x0000000080001a40                imx_wakeup_src_handler
 .text.imx_otp_handler
                0x0000000080001a78       0x9c build-optee/imx8qm/release/bl31/misc.o
                0x0000000080001a78                imx_otp_handler
 *fill*         0x0000000080001b14        0x4 
 .text.imx_misc_set_temp_handler
                0x0000000080001b18       0x20 build-optee/imx8qm/release/bl31/misc.o
                0x0000000080001b18                imx_misc_set_temp_handler
 .text.imx_get_cpu_rev
                0x0000000080001b38       0x6c build-optee/imx8qm/release/bl31/misc.o
                0x0000000080001b38                imx_get_cpu_rev
 *fill*         0x0000000080001ba4        0x4 
 .text.imx_buildinfo_handler
                0x0000000080001ba8       0x5c build-optee/imx8qm/release/bl31/misc.o
                0x0000000080001ba8                imx_buildinfo_handler
 *fill*         0x0000000080001c04        0x4 
 .text.imx_svc_smc_handler
                0x0000000080001c08      0x140 build-optee/imx8qm/release/bl31/imx8_sip_svc.o
                0x0000000080001c08                imx_svc_smc_handler
 .text.plat_svc_setup
                0x0000000080001d48       0x20 build-optee/imx8qm/release/bl31/imx8_sip_svc.o
 .text.xlat_arch_current_el
                0x0000000080001d68        0xc build-optee/imx8qm/release/bl31/xlat_tables.o
                0x0000000080001d68                xlat_arch_current_el
 *fill*         0x0000000080001d74        0x4 
 .text.xlat_arch_get_xn_desc
                0x0000000080001d78       0x14 build-optee/imx8qm/release/bl31/xlat_tables.o
                0x0000000080001d78                xlat_arch_get_xn_desc
 *fill*         0x0000000080001d8c        0x4 
 .text.init_xlat_tables
                0x0000000080001d90       0x74 build-optee/imx8qm/release/bl31/xlat_tables.o
                0x0000000080001d90                init_xlat_tables
 *fill*         0x0000000080001e04        0x4 
 .text.enable_mmu_el3
                0x0000000080001e08       0x80 build-optee/imx8qm/release/bl31/xlat_tables.o
                0x0000000080001e08                enable_mmu_el3
 .text.enable_mmu_direct_el3
                0x0000000080001e88        0x4 build-optee/imx8qm/release/bl31/xlat_tables.o
                0x0000000080001e88                enable_mmu_direct_el3
 *fill*         0x0000000080001e8c        0x4 
 .text.init_xlation_table_inner
                0x0000000080001e90      0x1f8 build-optee/imx8qm/release/bl31/xlat_tables_common.o
 .text.print_mmap
                0x0000000080002088        0x4 build-optee/imx8qm/release/bl31/xlat_tables_common.o
                0x0000000080002088                print_mmap
 *fill*         0x000000008000208c        0x4 
 .text.mmap_add_region
                0x0000000080002090      0x10c build-optee/imx8qm/release/bl31/xlat_tables_common.o
                0x0000000080002090                mmap_add_region
 *fill*         0x000000008000219c        0x4 
 .text.mmap_add
                0x00000000800021a0       0x40 build-optee/imx8qm/release/bl31/xlat_tables_common.o
                0x00000000800021a0                mmap_add
 .text.init_xlation_table
                0x00000000800021e0       0x94 build-optee/imx8qm/release/bl31/xlat_tables_common.o
                0x00000000800021e0                init_xlation_table
 *fill*         0x0000000080002274        0x4 
 .text.cci_init
                0x0000000080002278       0x14 build-optee/imx8qm/release/bl31/cci.o
                0x0000000080002278                cci_init
 *fill*         0x000000008000228c        0x4 
 .text.cci_enable_snoop_dvm_reqs
                0x0000000080002290       0x3c build-optee/imx8qm/release/bl31/cci.o
                0x0000000080002290                cci_enable_snoop_dvm_reqs
 *fill*         0x00000000800022cc        0x4 
 .text.cci_disable_snoop_dvm_reqs
                0x00000000800022d0       0x3c build-optee/imx8qm/release/bl31/cci.o
                0x00000000800022d0                cci_disable_snoop_dvm_reqs
 *fill*         0x000000008000230c        0x4 
 .text.gicd_read_igrpmodr
                0x0000000080002310       0x14 build-optee/imx8qm/release/bl31/gicv3_helpers.o
                0x0000000080002310                gicd_read_igrpmodr
 *fill*         0x0000000080002324        0x4 
 .text.gicd_write_igrpmodr
                0x0000000080002328       0x14 build-optee/imx8qm/release/bl31/gicv3_helpers.o
                0x0000000080002328                gicd_write_igrpmodr
 *fill*         0x000000008000233c        0x4 
 .text.gicr_read_ipriorityr
                0x0000000080002340       0x14 build-optee/imx8qm/release/bl31/gicv3_helpers.o
                0x0000000080002340                gicr_read_ipriorityr
 *fill*         0x0000000080002354        0x4 
 .text.gicr_write_ipriorityr
                0x0000000080002358       0x14 build-optee/imx8qm/release/bl31/gicv3_helpers.o
                0x0000000080002358                gicr_write_ipriorityr
 *fill*         0x000000008000236c        0x4 
 .text.gicv3_rdistif_mark_core_awake
                0x0000000080002370       0x3c build-optee/imx8qm/release/bl31/gicv3_helpers.o
                0x0000000080002370                gicv3_rdistif_mark_core_awake
 *fill*         0x00000000800023ac        0x4 
 .text.gicv3_rdistif_mark_core_asleep
                0x00000000800023b0       0x1c build-optee/imx8qm/release/bl31/gicv3_helpers.o
                0x00000000800023b0                gicv3_rdistif_mark_core_asleep
 *fill*         0x00000000800023cc        0x4 
 .text.gicv3_rdistif_base_addrs_probe
                0x00000000800023d0       0x58 build-optee/imx8qm/release/bl31/gicv3_helpers.o
                0x00000000800023d0                gicv3_rdistif_base_addrs_probe
 .text.gicv3_spis_config_defaults
                0x0000000080002428       0x94 build-optee/imx8qm/release/bl31/gicv3_helpers.o
                0x0000000080002428                gicv3_spis_config_defaults
 *fill*         0x00000000800024bc        0x4 
 .text.gicv3_secure_spis_config_props
                0x00000000800024c0      0x130 build-optee/imx8qm/release/bl31/gicv3_helpers.o
                0x00000000800024c0                gicv3_secure_spis_config_props
 .text.gicv3_ppi_sgi_config_defaults
                0x00000000800025f0       0x5c build-optee/imx8qm/release/bl31/gicv3_helpers.o
                0x00000000800025f0                gicv3_ppi_sgi_config_defaults
 *fill*         0x000000008000264c        0x4 
 .text.gicv3_secure_ppi_sgi_config_props
                0x0000000080002650      0x10c build-optee/imx8qm/release/bl31/gicv3_helpers.o
                0x0000000080002650                gicv3_secure_ppi_sgi_config_props
 *fill*         0x000000008000275c        0x4 
 .text.arm_gicv3_distif_pre_save
                0x0000000080002760       0x2c build-optee/imx8qm/release/bl31/arm_gicv3_common.o
                0x0000000080002760                arm_gicv3_distif_pre_save
 *fill*         0x000000008000278c        0x4 
 .text.arm_gicv3_distif_post_restore
                0x0000000080002790       0x34 build-optee/imx8qm/release/bl31/arm_gicv3_common.o
                0x0000000080002790                arm_gicv3_distif_post_restore
 *fill*         0x00000000800027c4        0x4 
 .text.gicv3_distif_pre_save
                0x00000000800027c8        0x4 build-optee/imx8qm/release/bl31/gic500.o
                0x00000000800027c8                gicv3_distif_pre_save
 *fill*         0x00000000800027cc        0x4 
 .text.gicv3_distif_post_restore
                0x00000000800027d0        0x4 build-optee/imx8qm/release/bl31/gic500.o
                0x00000000800027d0                gicv3_distif_post_restore
 *fill*         0x00000000800027d4        0x4 
 .text.gicv3_driver_init
                0x00000000800027d8       0x54 build-optee/imx8qm/release/bl31/gicv3_main.o
                0x00000000800027d8                gicv3_driver_init
 *fill*         0x000000008000282c        0x4 
 .text.gicv3_distif_init
                0x0000000080002830       0x8c build-optee/imx8qm/release/bl31/gicv3_main.o
                0x0000000080002830                gicv3_distif_init
 *fill*         0x00000000800028bc        0x4 
 .text.gicv3_rdistif_on
                0x00000000800028c0        0x4 build-optee/imx8qm/release/bl31/gicv3_main.o
                0x00000000800028c0                gicv3_rdistif_on
 *fill*         0x00000000800028c4        0x4 
 .text.gicv3_rdistif_init
                0x00000000800028c8       0x88 build-optee/imx8qm/release/bl31/gicv3_main.o
                0x00000000800028c8                gicv3_rdistif_init
 .text.gicv3_cpuif_enable
                0x0000000080002950       0x84 build-optee/imx8qm/release/bl31/gicv3_main.o
                0x0000000080002950                gicv3_cpuif_enable
 *fill*         0x00000000800029d4        0x4 
 .text.gicv3_cpuif_disable
                0x00000000800029d8       0x3c build-optee/imx8qm/release/bl31/gicv3_main.o
                0x00000000800029d8                gicv3_cpuif_disable
 *fill*         0x0000000080002a14        0x4 
 .text.gicv3_get_pending_interrupt_type
                0x0000000080002a18        0xc build-optee/imx8qm/release/bl31/gicv3_main.o
                0x0000000080002a18                gicv3_get_pending_interrupt_type
 *fill*         0x0000000080002a24        0x4 
 .text.gicv3_rdistif_save
                0x0000000080002a28      0x100 build-optee/imx8qm/release/bl31/gicv3_main.o
                0x0000000080002a28                gicv3_rdistif_save
 .text.gicv3_rdistif_init_restore
                0x0000000080002b28      0x140 build-optee/imx8qm/release/bl31/gicv3_main.o
                0x0000000080002b28                gicv3_rdistif_init_restore
 .text.gicv3_distif_save
                0x0000000080002c68      0x208 build-optee/imx8qm/release/bl31/gicv3_main.o
                0x0000000080002c68                gicv3_distif_save
 .text.gicv3_distif_init_restore
                0x0000000080002e70      0x238 build-optee/imx8qm/release/bl31/gicv3_main.o
                0x0000000080002e70                gicv3_distif_init_restore
 .text.gicd_read_igroupr
                0x00000000800030a8       0x14 build-optee/imx8qm/release/bl31/gic_common.o
                0x00000000800030a8                gicd_read_igroupr
 *fill*         0x00000000800030bc        0x4 
 .text.gicd_read_isenabler
                0x00000000800030c0       0x14 build-optee/imx8qm/release/bl31/gic_common.o
                0x00000000800030c0                gicd_read_isenabler
 *fill*         0x00000000800030d4        0x4 
 .text.gicd_read_ispendr
                0x00000000800030d8       0x14 build-optee/imx8qm/release/bl31/gic_common.o
                0x00000000800030d8                gicd_read_ispendr
 *fill*         0x00000000800030ec        0x4 
 .text.gicd_read_isactiver
                0x00000000800030f0       0x14 build-optee/imx8qm/release/bl31/gic_common.o
                0x00000000800030f0                gicd_read_isactiver
 *fill*         0x0000000080003104        0x4 
 .text.gicd_read_ipriorityr
                0x0000000080003108       0x10 build-optee/imx8qm/release/bl31/gic_common.o
                0x0000000080003108                gicd_read_ipriorityr
 .text.gicd_read_icfgr
                0x0000000080003118       0x14 build-optee/imx8qm/release/bl31/gic_common.o
                0x0000000080003118                gicd_read_icfgr
 *fill*         0x000000008000312c        0x4 
 .text.gicd_read_nsacr
                0x0000000080003130       0x14 build-optee/imx8qm/release/bl31/gic_common.o
                0x0000000080003130                gicd_read_nsacr
 *fill*         0x0000000080003144        0x4 
 .text.gicd_write_igroupr
                0x0000000080003148       0x14 build-optee/imx8qm/release/bl31/gic_common.o
                0x0000000080003148                gicd_write_igroupr
 *fill*         0x000000008000315c        0x4 
 .text.gicd_write_isenabler
                0x0000000080003160       0x14 build-optee/imx8qm/release/bl31/gic_common.o
                0x0000000080003160                gicd_write_isenabler
 *fill*         0x0000000080003174        0x4 
 .text.gicd_write_ispendr
                0x0000000080003178       0x14 build-optee/imx8qm/release/bl31/gic_common.o
                0x0000000080003178                gicd_write_ispendr
 *fill*         0x000000008000318c        0x4 
 .text.gicd_write_isactiver
                0x0000000080003190       0x14 build-optee/imx8qm/release/bl31/gic_common.o
                0x0000000080003190                gicd_write_isactiver
 *fill*         0x00000000800031a4        0x4 
 .text.gicd_write_ipriorityr
                0x00000000800031a8       0x10 build-optee/imx8qm/release/bl31/gic_common.o
                0x00000000800031a8                gicd_write_ipriorityr
 .text.gicd_write_icfgr
                0x00000000800031b8       0x14 build-optee/imx8qm/release/bl31/gic_common.o
                0x00000000800031b8                gicd_write_icfgr
 *fill*         0x00000000800031cc        0x4 
 .text.gicd_write_nsacr
                0x00000000800031d0       0x14 build-optee/imx8qm/release/bl31/gic_common.o
                0x00000000800031d0                gicd_write_nsacr
 *fill*         0x00000000800031e4        0x4 
 .text.gicd_clr_igroupr
                0x00000000800031e8       0x24 build-optee/imx8qm/release/bl31/gic_common.o
                0x00000000800031e8                gicd_clr_igroupr
 *fill*         0x000000008000320c        0x4 
 .text.gicd_set_isenabler
                0x0000000080003210       0x1c build-optee/imx8qm/release/bl31/gic_common.o
                0x0000000080003210                gicd_set_isenabler
 *fill*         0x000000008000322c        0x4 
 .text.gicd_set_ipriorityr
                0x0000000080003230       0x10 build-optee/imx8qm/release/bl31/gic_common.o
                0x0000000080003230                gicd_set_ipriorityr
 .text.gicd_set_icfgr
                0x0000000080003240       0x34 build-optee/imx8qm/release/bl31/gic_common.o
                0x0000000080003240                gicd_set_icfgr
 *fill*         0x0000000080003274        0x4 
 .text.plat_ic_get_pending_interrupt_type
                0x0000000080003278       0x30 build-optee/imx8qm/release/bl31/plat_gicv3.o
                0x0000000080003278                plat_ic_get_pending_interrupt_type
 .text.plat_interrupt_type_to_line
                0x00000000800032a8       0x4c build-optee/imx8qm/release/bl31/plat_gicv3.o
                0x00000000800032a8                plat_interrupt_type_to_line
 *fill*         0x00000000800032f4        0x4 
 .text.plat_get_target_pwr_state
                0x00000000800032f8       0x2c build-optee/imx8qm/release/bl31/plat_psci_common.o
                0x00000000800032f8                plat_get_target_pwr_state
 *fill*         0x0000000080003324        0x4 
 .text.plat_imx_mpidr_to_core_pos
                0x0000000080003328        0x4 build-optee/imx8qm/release/bl31/plat_imx8_gic.o
 *fill*         0x000000008000332c        0x4 
 .text.plat_gic_driver_init
                0x0000000080003330        0xc build-optee/imx8qm/release/bl31/plat_imx8_gic.o
                0x0000000080003330                plat_gic_driver_init
 *fill*         0x000000008000333c        0x4 
 .text.plat_gic_init
                0x0000000080003340       0x20 build-optee/imx8qm/release/bl31/plat_imx8_gic.o
                0x0000000080003340                plat_gic_init
 .text.plat_gic_cpuif_enable
                0x0000000080003360       0x14 build-optee/imx8qm/release/bl31/plat_imx8_gic.o
                0x0000000080003360                plat_gic_cpuif_enable
 *fill*         0x0000000080003374        0x4 
 .text.plat_gic_cpuif_disable
                0x0000000080003378       0x14 build-optee/imx8qm/release/bl31/plat_imx8_gic.o
                0x0000000080003378                plat_gic_cpuif_disable
 *fill*         0x000000008000338c        0x4 
 .text.plat_gic_pcpu_init
                0x0000000080003390       0x14 build-optee/imx8qm/release/bl31/plat_imx8_gic.o
                0x0000000080003390                plat_gic_pcpu_init
 *fill*         0x00000000800033a4        0x4 
 .text.plat_gic_save
                0x00000000800033a8       0x50 build-optee/imx8qm/release/bl31/plat_imx8_gic.o
                0x00000000800033a8                plat_gic_save
 .text.plat_gic_restore
                0x00000000800033f8       0x48 build-optee/imx8qm/release/bl31/plat_imx8_gic.o
                0x00000000800033f8                plat_gic_restore
 .text.sc_ipc_open
                0x0000000080003440       0x6c build-optee/imx8qm/release/bl31/ipc.o
                0x0000000080003440                sc_ipc_open
 *fill*         0x00000000800034ac        0x4 
 .text.sc_ipc_read
                0x00000000800034b0       0xa0 build-optee/imx8qm/release/bl31/ipc.o
                0x00000000800034b0                sc_ipc_read
 .text.sc_ipc_write
                0x0000000080003550       0x98 build-optee/imx8qm/release/bl31/ipc.o
                0x0000000080003550                sc_ipc_write
 .text.sc_call_rpc
                0x00000000800035e8       0x70 build-optee/imx8qm/release/bl31/ipc.o
                0x00000000800035e8                sc_call_rpc
 .text.MU_Resume
                0x0000000080003658       0x5c build-optee/imx8qm/release/bl31/imx8_mu.o
                0x0000000080003658                MU_Resume
 *fill*         0x00000000800036b4        0x4 
 .text.MU_EnableRxFullInt
                0x00000000800036b8       0x28 build-optee/imx8qm/release/bl31/imx8_mu.o
                0x00000000800036b8                MU_EnableRxFullInt
 .text.MU_SendMessage
                0x00000000800036e0       0x28 build-optee/imx8qm/release/bl31/imx8_mu.o
                0x00000000800036e0                MU_SendMessage
 .text.MU_ReceiveMsg
                0x0000000080003708       0x30 build-optee/imx8qm/release/bl31/imx8_mu.o
                0x0000000080003708                MU_ReceiveMsg
 .text.MU_Init  0x0000000080003738       0x14 build-optee/imx8qm/release/bl31/imx8_mu.o
                0x0000000080003738                MU_Init
 *fill*         0x000000008000374c        0x4 
 .text.sc_pad_set
                0x0000000080003750       0x34 build-optee/imx8qm/release/bl31/pad_rpc_clnt.o
                0x0000000080003750                sc_pad_set
 *fill*         0x0000000080003784        0x4 
 .text.sc_pm_set_sys_power_mode
                0x0000000080003788       0x30 build-optee/imx8qm/release/bl31/pm_rpc_clnt.o
                0x0000000080003788                sc_pm_set_sys_power_mode
 .text.sc_pm_set_resource_power_mode
                0x00000000800037b8       0x34 build-optee/imx8qm/release/bl31/pm_rpc_clnt.o
                0x00000000800037b8                sc_pm_set_resource_power_mode
 *fill*         0x00000000800037ec        0x4 
 .text.sc_pm_req_low_power_mode
                0x00000000800037f0       0x34 build-optee/imx8qm/release/bl31/pm_rpc_clnt.o
                0x00000000800037f0                sc_pm_req_low_power_mode
 *fill*         0x0000000080003824        0x4 
 .text.sc_pm_req_cpu_low_power_mode
                0x0000000080003828       0x38 build-optee/imx8qm/release/bl31/pm_rpc_clnt.o
                0x0000000080003828                sc_pm_req_cpu_low_power_mode
 .text.sc_pm_set_cpu_resume
                0x0000000080003860       0x44 build-optee/imx8qm/release/bl31/pm_rpc_clnt.o
                0x0000000080003860                sc_pm_set_cpu_resume
 *fill*         0x00000000800038a4        0x4 
 .text.sc_pm_req_sys_if_power_mode
                0x00000000800038a8       0x3c build-optee/imx8qm/release/bl31/pm_rpc_clnt.o
                0x00000000800038a8                sc_pm_req_sys_if_power_mode
 *fill*         0x00000000800038e4        0x4 
 .text.sc_pm_set_clock_rate
                0x00000000800038e8       0x50 build-optee/imx8qm/release/bl31/pm_rpc_clnt.o
                0x00000000800038e8                sc_pm_set_clock_rate
 .text.sc_pm_get_clock_rate
                0x0000000080003938       0x4c build-optee/imx8qm/release/bl31/pm_rpc_clnt.o
                0x0000000080003938                sc_pm_get_clock_rate
 *fill*         0x0000000080003984        0x4 
 .text.sc_pm_clock_enable
                0x0000000080003988       0x4c build-optee/imx8qm/release/bl31/pm_rpc_clnt.o
                0x0000000080003988                sc_pm_clock_enable
 *fill*         0x00000000800039d4        0x4 
 .text.sc_pm_reset
                0x00000000800039d8       0x30 build-optee/imx8qm/release/bl31/pm_rpc_clnt.o
                0x00000000800039d8                sc_pm_reset
 .text.sc_pm_reboot
                0x0000000080003a08       0x2c build-optee/imx8qm/release/bl31/pm_rpc_clnt.o
                0x0000000080003a08                sc_pm_reboot
 *fill*         0x0000000080003a34        0x4 
 .text.sc_pm_cpu_start
                0x0000000080003a38       0x44 build-optee/imx8qm/release/bl31/pm_rpc_clnt.o
                0x0000000080003a38                sc_pm_cpu_start
 *fill*         0x0000000080003a7c        0x4 
 .text.sc_rm_partition_alloc
                0x0000000080003a80       0x80 build-optee/imx8qm/release/bl31/rm_rpc_clnt.o
                0x0000000080003a80                sc_rm_partition_alloc
 .text.sc_rm_get_partition
                0x0000000080003b00       0x44 build-optee/imx8qm/release/bl31/rm_rpc_clnt.o
                0x0000000080003b00                sc_rm_get_partition
 *fill*         0x0000000080003b44        0x4 
 .text.sc_rm_set_parent
                0x0000000080003b48       0x34 build-optee/imx8qm/release/bl31/rm_rpc_clnt.o
                0x0000000080003b48                sc_rm_set_parent
 *fill*         0x0000000080003b7c        0x4 
 .text.sc_rm_move_all
                0x0000000080003b80       0x4c build-optee/imx8qm/release/bl31/rm_rpc_clnt.o
                0x0000000080003b80                sc_rm_move_all
 *fill*         0x0000000080003bcc        0x4 
 .text.sc_rm_assign_resource
                0x0000000080003bd0       0x34 build-optee/imx8qm/release/bl31/rm_rpc_clnt.o
                0x0000000080003bd0                sc_rm_assign_resource
 *fill*         0x0000000080003c04        0x4 
 .text.sc_rm_set_resource_movable
                0x0000000080003c08       0x40 build-optee/imx8qm/release/bl31/rm_rpc_clnt.o
                0x0000000080003c08                sc_rm_set_resource_movable
 .text.sc_rm_set_peripheral_permissions
                0x0000000080003c48       0x38 build-optee/imx8qm/release/bl31/rm_rpc_clnt.o
                0x0000000080003c48                sc_rm_set_peripheral_permissions
 .text.sc_rm_is_resource_owned
                0x0000000080003c80       0x38 build-optee/imx8qm/release/bl31/rm_rpc_clnt.o
                0x0000000080003c80                sc_rm_is_resource_owned
 .text.sc_rm_memreg_alloc
                0x0000000080003cb8       0x58 build-optee/imx8qm/release/bl31/rm_rpc_clnt.o
                0x0000000080003cb8                sc_rm_memreg_alloc
 .text.sc_rm_assign_memreg
                0x0000000080003d10       0x34 build-optee/imx8qm/release/bl31/rm_rpc_clnt.o
                0x0000000080003d10                sc_rm_assign_memreg
 *fill*         0x0000000080003d44        0x4 
 .text.sc_rm_is_memreg_owned
                0x0000000080003d48       0x38 build-optee/imx8qm/release/bl31/rm_rpc_clnt.o
                0x0000000080003d48                sc_rm_is_memreg_owned
 .text.sc_rm_get_memreg_info
                0x0000000080003d80       0x60 build-optee/imx8qm/release/bl31/rm_rpc_clnt.o
                0x0000000080003d80                sc_rm_get_memreg_info
 .text.sc_timer_set_wdog_timeout
                0x0000000080003de0       0x30 build-optee/imx8qm/release/bl31/timer_rpc_clnt.o
                0x0000000080003de0                sc_timer_set_wdog_timeout
 .text.sc_timer_set_wdog_pre_timeout
                0x0000000080003e10       0x30 build-optee/imx8qm/release/bl31/timer_rpc_clnt.o
                0x0000000080003e10                sc_timer_set_wdog_pre_timeout
 .text.sc_timer_start_wdog
                0x0000000080003e40       0x38 build-optee/imx8qm/release/bl31/timer_rpc_clnt.o
                0x0000000080003e40                sc_timer_start_wdog
 .text.sc_timer_stop_wdog
                0x0000000080003e78       0x2c build-optee/imx8qm/release/bl31/timer_rpc_clnt.o
                0x0000000080003e78                sc_timer_stop_wdog
 *fill*         0x0000000080003ea4        0x4 
 .text.sc_timer_ping_wdog
                0x0000000080003ea8       0x2c build-optee/imx8qm/release/bl31/timer_rpc_clnt.o
                0x0000000080003ea8                sc_timer_ping_wdog
 *fill*         0x0000000080003ed4        0x4 
 .text.sc_timer_get_wdog_status
                0x0000000080003ed8       0x6c build-optee/imx8qm/release/bl31/timer_rpc_clnt.o
                0x0000000080003ed8                sc_timer_get_wdog_status
 *fill*         0x0000000080003f44        0x4 
 .text.sc_timer_set_wdog_action
                0x0000000080003f48       0x34 build-optee/imx8qm/release/bl31/timer_rpc_clnt.o
                0x0000000080003f48                sc_timer_set_wdog_action
 *fill*         0x0000000080003f7c        0x4 
 .text.sc_timer_set_rtc_time
                0x0000000080003f80       0x44 build-optee/imx8qm/release/bl31/timer_rpc_clnt.o
                0x0000000080003f80                sc_timer_set_rtc_time
 *fill*         0x0000000080003fc4        0x4 
 .text.sc_misc_get_control
                0x0000000080003fc8       0x50 build-optee/imx8qm/release/bl31/misc_rpc_clnt.o
                0x0000000080003fc8                sc_misc_get_control
 .text.sc_misc_otp_fuse_read
                0x0000000080004018       0x48 build-optee/imx8qm/release/bl31/misc_rpc_clnt.o
                0x0000000080004018                sc_misc_otp_fuse_read
 .text.sc_misc_otp_fuse_write
                0x0000000080004060       0x38 build-optee/imx8qm/release/bl31/misc_rpc_clnt.o
                0x0000000080004060                sc_misc_otp_fuse_write
 .text.sc_misc_set_temp
                0x0000000080004098       0x3c build-optee/imx8qm/release/bl31/misc_rpc_clnt.o
                0x0000000080004098                sc_misc_set_temp
 *fill*         0x00000000800040d4        0x4 
 .text.get_arm_std_svc_args
                0x00000000800040d8        0xc build-optee/imx8qm/release/bl31/bl31_main.o
                0x00000000800040d8                get_arm_std_svc_args
 *fill*         0x00000000800040e4        0x4 
 .text.bl31_prepare_next_image_entry
                0x00000000800040e8       0x60 build-optee/imx8qm/release/bl31/bl31_main.o
                0x00000000800040e8                bl31_prepare_next_image_entry
 .text.bl31_main
                0x0000000080004148       0x64 build-optee/imx8qm/release/bl31/bl31_main.o
                0x0000000080004148                bl31_main
 *fill*         0x00000000800041ac        0x4 
 .text.bl31_register_bl32_init
                0x00000000800041b0        0xc build-optee/imx8qm/release/bl31/bl31_main.o
                0x00000000800041b0                bl31_register_bl32_init
 *fill*         0x00000000800041bc        0x4 
 .text.set_scr_el3_from_rm
                0x00000000800041c0       0x8c build-optee/imx8qm/release/bl31/interrupt_mgmt.o
 *fill*         0x000000008000424c        0x4 
 .text.get_scr_el3_from_routing_model
                0x0000000080004250       0x28 build-optee/imx8qm/release/bl31/interrupt_mgmt.o
                0x0000000080004250                get_scr_el3_from_routing_model
 .text.set_routing_model
                0x0000000080004278       0xac build-optee/imx8qm/release/bl31/interrupt_mgmt.o
                0x0000000080004278                set_routing_model
 *fill*         0x0000000080004324        0x4 
 .text.register_interrupt_type_handler
                0x0000000080004328       0x84 build-optee/imx8qm/release/bl31/interrupt_mgmt.o
                0x0000000080004328                register_interrupt_type_handler
 *fill*         0x00000000800043ac        0x4 
 .text.get_interrupt_type_handler
                0x00000000800043b0       0x28 build-optee/imx8qm/release/bl31/interrupt_mgmt.o
                0x00000000800043b0                get_interrupt_type_handler
 .text.cm_get_context
                0x00000000800043d8        0xc build-optee/imx8qm/release/bl31/bl31_context_mgmt.o
                0x00000000800043d8                cm_get_context
 *fill*         0x00000000800043e4        0x4 
 .text.cm_set_context
                0x00000000800043e8        0xc build-optee/imx8qm/release/bl31/bl31_context_mgmt.o
                0x00000000800043e8                cm_set_context
 *fill*         0x00000000800043f4        0x4 
 .text.cm_get_context_by_index
                0x00000000800043f8       0x24 build-optee/imx8qm/release/bl31/bl31_context_mgmt.o
                0x00000000800043f8                cm_get_context_by_index
 *fill*         0x000000008000441c        0x4 
 .text.cm_set_context_by_index
                0x0000000080004420       0x28 build-optee/imx8qm/release/bl31/bl31_context_mgmt.o
                0x0000000080004420                cm_set_context_by_index
 .text.runtime_svc_init
                0x0000000080004448      0x150 build-optee/imx8qm/release/bl31/runtime_svc.o
                0x0000000080004448                runtime_svc_init
 .text.arm_arch_svc_smc_handler
                0x0000000080004598       0xbc build-optee/imx8qm/release/bl31/arm_arch_svc_setup.o
 *fill*         0x0000000080004654        0x4 
 .text.std_svc_setup
                0x0000000080004658       0x24 build-optee/imx8qm/release/bl31/std_svc_setup.o
 *fill*         0x000000008000467c        0x4 
 .text.std_svc_smc_handler
                0x0000000080004680       0xc8 build-optee/imx8qm/release/bl31/std_svc_setup.o
 .text.cm_init  0x0000000080004748        0x4 build-optee/imx8qm/release/bl31/context_mgmt.o
                0x0000000080004748                cm_init
 *fill*         0x000000008000474c        0x4 
 .text.cm_setup_context
                0x0000000080004750      0x104 build-optee/imx8qm/release/bl31/context_mgmt.o
                0x0000000080004750                cm_setup_context
 *fill*         0x0000000080004854        0x4 
 .text.cm_init_context_by_index
                0x0000000080004858       0x2c build-optee/imx8qm/release/bl31/context_mgmt.o
                0x0000000080004858                cm_init_context_by_index
 *fill*         0x0000000080004884        0x4 
 .text.cm_init_my_context
                0x0000000080004888       0x2c build-optee/imx8qm/release/bl31/context_mgmt.o
                0x0000000080004888                cm_init_my_context
 *fill*         0x00000000800048b4        0x4 
 .text.cm_el1_sysregs_context_save
                0x00000000800048b8       0xc0 build-optee/imx8qm/release/bl31/context_mgmt.o
                0x00000000800048b8                cm_el1_sysregs_context_save
 .text.cm_el1_sysregs_context_restore
                0x0000000080004978       0xc0 build-optee/imx8qm/release/bl31/context_mgmt.o
                0x0000000080004978                cm_el1_sysregs_context_restore
 .text.cm_prepare_el3_exit
                0x0000000080004a38       0xe0 build-optee/imx8qm/release/bl31/context_mgmt.o
                0x0000000080004a38                cm_prepare_el3_exit
 .text.cm_set_elr_el3
                0x0000000080004b18       0x24 build-optee/imx8qm/release/bl31/context_mgmt.o
                0x0000000080004b18                cm_set_elr_el3
 *fill*         0x0000000080004b3c        0x4 
 .text.cm_write_scr_el3_bit
                0x0000000080004b40       0x40 build-optee/imx8qm/release/bl31/context_mgmt.o
                0x0000000080004b40                cm_write_scr_el3_bit
 .text.cm_set_next_eret_context
                0x0000000080004b80       0x20 build-optee/imx8qm/release/bl31/context_mgmt.o
                0x0000000080004b80                cm_set_next_eret_context
 .text.psci_do_cpu_off
                0x0000000080004ba0       0xfc build-optee/imx8qm/release/bl31/psci_off.o
                0x0000000080004ba0                psci_do_cpu_off
 *fill*         0x0000000080004c9c        0x4 
 .text.psci_cpu_on_start
                0x0000000080004ca0      0x188 build-optee/imx8qm/release/bl31/psci_on.o
                0x0000000080004ca0                psci_cpu_on_start
 .text.psci_cpu_on_finish
                0x0000000080004e28       0xdc build-optee/imx8qm/release/bl31/psci_on.o
                0x0000000080004e28                psci_cpu_on_finish
 *fill*         0x0000000080004f04        0x4 
 .text.psci_cpu_suspend_start
                0x0000000080004f08      0x1cc build-optee/imx8qm/release/bl31/psci_suspend.o
                0x0000000080004f08                psci_cpu_suspend_start
 *fill*         0x00000000800050d4        0x4 
 .text.psci_cpu_suspend_finish
                0x00000000800050d8       0xc4 build-optee/imx8qm/release/bl31/psci_suspend.o
                0x00000000800050d8                psci_cpu_suspend_finish
 *fill*         0x000000008000519c        0x4 
 .text.psci_validate_power_state
                0x00000000800051a0       0x28 build-optee/imx8qm/release/bl31/psci_common.o
                0x00000000800051a0                psci_validate_power_state
 .text.psci_query_sys_suspend_pwrstate
                0x00000000800051c8       0x14 build-optee/imx8qm/release/bl31/psci_common.o
                0x00000000800051c8                psci_query_sys_suspend_pwrstate
 *fill*         0x00000000800051dc        0x4 
 .text.psci_is_last_on_cpu
                0x00000000800051e0       0x60 build-optee/imx8qm/release/bl31/psci_common.o
                0x00000000800051e0                psci_is_last_on_cpu
 .text.psci_init_req_local_pwr_states
                0x0000000080005240       0x1c build-optee/imx8qm/release/bl31/psci_common.o
                0x0000000080005240                psci_init_req_local_pwr_states
 *fill*         0x000000008000525c        0x4 
 .text.psci_get_target_local_pwr_states
                0x0000000080005260       0x94 build-optee/imx8qm/release/bl31/psci_common.o
                0x0000000080005260                psci_get_target_local_pwr_states
 *fill*         0x00000000800052f4        0x4 
 .text.psci_get_parent_pwr_domain_nodes
                0x00000000800052f8       0x40 build-optee/imx8qm/release/bl31/psci_common.o
                0x00000000800052f8                psci_get_parent_pwr_domain_nodes
 .text.psci_set_pwr_domains_to_run
                0x0000000080005338       0x90 build-optee/imx8qm/release/bl31/psci_common.o
                0x0000000080005338                psci_set_pwr_domains_to_run
 .text.psci_do_state_coordination
                0x00000000800053c8      0x16c build-optee/imx8qm/release/bl31/psci_common.o
                0x00000000800053c8                psci_do_state_coordination
 *fill*         0x0000000080005534        0x4 
 .text.psci_find_max_off_lvl
                0x0000000080005538       0x3c build-optee/imx8qm/release/bl31/psci_common.o
                0x0000000080005538                psci_find_max_off_lvl
 *fill*         0x0000000080005574        0x4 
 .text.psci_find_target_suspend_lvl
                0x0000000080005578       0x34 build-optee/imx8qm/release/bl31/psci_common.o
                0x0000000080005578                psci_find_target_suspend_lvl
 *fill*         0x00000000800055ac        0x4 
 .text.psci_acquire_pwr_domain_locks
                0x00000000800055b0       0x80 build-optee/imx8qm/release/bl31/psci_common.o
                0x00000000800055b0                psci_acquire_pwr_domain_locks
 .text.psci_release_pwr_domain_locks
                0x0000000080005630       0xa4 build-optee/imx8qm/release/bl31/psci_common.o
                0x0000000080005630                psci_release_pwr_domain_locks
 *fill*         0x00000000800056d4        0x4 
 .text.psci_validate_mpidr
                0x00000000800056d8       0x20 build-optee/imx8qm/release/bl31/psci_common.o
                0x00000000800056d8                psci_validate_mpidr
 .text.psci_validate_entry_point
                0x00000000800056f8      0x110 build-optee/imx8qm/release/bl31/psci_common.o
                0x00000000800056f8                psci_validate_entry_point
 .text.psci_warmboot_entrypoint
                0x0000000080005808      0x11c build-optee/imx8qm/release/bl31/psci_common.o
                0x0000000080005808                psci_warmboot_entrypoint
 *fill*         0x0000000080005924        0x4 
 .text.psci_register_spd_pm_hook
                0x0000000080005928       0x3c build-optee/imx8qm/release/bl31/psci_common.o
                0x0000000080005928                psci_register_spd_pm_hook
 *fill*         0x0000000080005964        0x4 
 .text.psci_spd_migrate_info
                0x0000000080005968       0x24 build-optee/imx8qm/release/bl31/psci_common.o
                0x0000000080005968                psci_spd_migrate_info
 *fill*         0x000000008000598c        0x4 
 .text.psci_print_power_domain_map
                0x0000000080005990        0x4 build-optee/imx8qm/release/bl31/psci_common.o
                0x0000000080005990                psci_print_power_domain_map
 *fill*         0x0000000080005994        0x4 
 .text.psci_do_pwrdown_sequence
                0x0000000080005998        0x4 build-optee/imx8qm/release/bl31/psci_common.o
                0x0000000080005998                psci_do_pwrdown_sequence
 *fill*         0x000000008000599c        0x4 
 .text.psci_cpu_on
                0x00000000800059a0       0x5c build-optee/imx8qm/release/bl31/psci_main.o
                0x00000000800059a0                psci_cpu_on
 *fill*         0x00000000800059fc        0x4 
 .text.psci_cpu_suspend
                0x0000000080005a00      0x11c build-optee/imx8qm/release/bl31/psci_main.o
                0x0000000080005a00                psci_cpu_suspend
 *fill*         0x0000000080005b1c        0x4 
 .text.psci_system_suspend
                0x0000000080005b20       0x68 build-optee/imx8qm/release/bl31/psci_main.o
                0x0000000080005b20                psci_system_suspend
 .text.psci_affinity_info
                0x0000000080005b88       0x58 build-optee/imx8qm/release/bl31/psci_main.o
                0x0000000080005b88                psci_affinity_info
 .text.psci_migrate
                0x0000000080005be0       0x84 build-optee/imx8qm/release/bl31/psci_main.o
                0x0000000080005be0                psci_migrate
 *fill*         0x0000000080005c64        0x4 
 .text.psci_node_hw_state
                0x0000000080005c68       0x58 build-optee/imx8qm/release/bl31/psci_main.o
                0x0000000080005c68                psci_node_hw_state
 .text.psci_features
                0x0000000080005cc0       0x6c build-optee/imx8qm/release/bl31/psci_main.o
                0x0000000080005cc0                psci_features
 *fill*         0x0000000080005d2c        0x4 
 .text.psci_smc_handler
                0x0000000080005d30      0x32c build-optee/imx8qm/release/bl31/psci_main.o
                0x0000000080005d30                psci_smc_handler
 *fill*         0x000000008000605c        0x4 
 .text.psci_setup
                0x0000000080006060      0x368 build-optee/imx8qm/release/bl31/psci_setup.o
                0x0000000080006060                psci_setup
 .text.psci_arch_setup
                0x00000000800063c8       0x1c build-optee/imx8qm/release/bl31/psci_setup.o
                0x00000000800063c8                psci_arch_setup
 *fill*         0x00000000800063e4        0x4 
 .text.psci_system_off
                0x00000000800063e8       0x38 build-optee/imx8qm/release/bl31/psci_system_off.o
                0x00000000800063e8                psci_system_off
 .text.psci_system_reset
                0x0000000080006420       0x38 build-optee/imx8qm/release/bl31/psci_system_off.o
                0x0000000080006420                psci_system_reset
 .text.psci_system_reset2
                0x0000000080006458       0x9c build-optee/imx8qm/release/bl31/psci_system_off.o
                0x0000000080006458                psci_system_reset2
 *fill*         0x00000000800064f4        0x4 
 .text.psci_mem_protect
                0x00000000800064f8       0x64 build-optee/imx8qm/release/bl31/psci_mem_protect.o
                0x00000000800064f8                psci_mem_protect
 *fill*         0x000000008000655c        0x4 
 .text.psci_mem_chk_range
                0x0000000080006560       0x4c build-optee/imx8qm/release/bl31/psci_mem_protect.o
                0x0000000080006560                psci_mem_chk_range
 *fill*         0x00000000800065ac        0x4 
 .text.bakery_lock_get
                0x00000000800065b0       0xe0 build-optee/imx8qm/release/bl31/bakery_lock_coherent.o
                0x00000000800065b0                bakery_lock_get
 .text.bakery_lock_release
                0x0000000080006690       0x34 build-optee/imx8qm/release/bl31/bakery_lock_coherent.o
                0x0000000080006690                bakery_lock_release
 *fill*         0x00000000800066c4        0x4 
 .text.spe_drain_buffers_hook
                0x00000000800066c8       0x28 build-optee/imx8qm/release/bl31/spe.o
 .text.spe_enable
                0x00000000800066f0       0x38 build-optee/imx8qm/release/bl31/spe.o
                0x00000000800066f0                spe_enable
 .text.disable_sve_hook
                0x0000000080006728       0x34 build-optee/imx8qm/release/bl31/sve.o
 *fill*         0x000000008000675c        0x4 
 .text.enable_sve_hook
                0x0000000080006760       0x34 build-optee/imx8qm/release/bl31/sve.o
 *fill*         0x0000000080006794        0x4 
 .text.sve_enable
                0x0000000080006798       0x44 build-optee/imx8qm/release/bl31/sve.o
                0x0000000080006798                sve_enable
 *fill*         0x00000000800067dc        0x4 
 .text.opteed_init_optee_ep_state
                0x00000000800067e0       0xa4 build-optee/imx8qm/release/bl31/opteed_common.o
                0x00000000800067e0                opteed_init_optee_ep_state
 *fill*         0x0000000080006884        0x4 
 .text.opteed_synchronous_sp_entry
                0x0000000080006888       0x30 build-optee/imx8qm/release/bl31/opteed_common.o
                0x0000000080006888                opteed_synchronous_sp_entry
 .text.opteed_synchronous_sp_exit
                0x00000000800068b8       0x28 build-optee/imx8qm/release/bl31/opteed_common.o
                0x00000000800068b8                opteed_synchronous_sp_exit
 .text.opteed_sel1_interrupt_handler
                0x00000000800068e0       0x78 build-optee/imx8qm/release/bl31/opteed_main.o
 .text.opteed_smc_handler
                0x0000000080006958      0x240 build-optee/imx8qm/release/bl31/opteed_main.o
 .text.opteed_setup
                0x0000000080006b98       0x98 build-optee/imx8qm/release/bl31/opteed_main.o
 .text.opteed_init
                0x0000000080006c30       0x40 build-optee/imx8qm/release/bl31/opteed_main.o
 .text.opteed_cpu_on_handler
                0x0000000080006c70        0x4 build-optee/imx8qm/release/bl31/opteed_pm.o
 *fill*         0x0000000080006c74        0x4 
 .text.opteed_cpu_migrate_info
                0x0000000080006c78        0x8 build-optee/imx8qm/release/bl31/opteed_pm.o
 .text.opteed_system_reset
                0x0000000080006c80       0x44 build-optee/imx8qm/release/bl31/opteed_pm.o
 *fill*         0x0000000080006cc4        0x4 
 .text.opteed_system_off
                0x0000000080006cc8       0x44 build-optee/imx8qm/release/bl31/opteed_pm.o
 *fill*         0x0000000080006d0c        0x4 
 .text.opteed_cpu_suspend_finish_handler
                0x0000000080006d10       0x88 build-optee/imx8qm/release/bl31/opteed_pm.o
 .text.opteed_cpu_suspend_handler
                0x0000000080006d98       0x88 build-optee/imx8qm/release/bl31/opteed_pm.o
 .text.opteed_cpu_off_handler
                0x0000000080006e20       0x74 build-optee/imx8qm/release/bl31/opteed_pm.o
 *fill*         0x0000000080006e94        0x4 
 .text.opteed_cpu_on_finish_handler
                0x0000000080006e98       0xa4 build-optee/imx8qm/release/bl31/opteed_pm.o
 *fill*         0x0000000080006f3c        0x4 
 .text.print_entry_point_info
                0x0000000080006f40        0x4 build-optee/imx8qm/release/bl31/bl_common.o
                0x0000000080006f40                print_entry_point_info
 *fill*         0x0000000080006f44        0x4 
 .text.tf_log   0x0000000080006f48       0xa0 build-optee/imx8qm/release/bl31/tf_log.o
                0x0000000080006f48                tf_log
 .text.plat_log_get_prefix
                0x0000000080006fe8       0x3c build-optee/imx8qm/release/bl31/plat_log_common.o
                0x0000000080006fe8                plat_log_get_prefix
 *fill*         0x0000000080007024        0x4 
 .text.plat_ea_handler
                0x0000000080007028       0x40 build-optee/imx8qm/release/bl31/plat_common.o
                0x0000000080007028                plat_ea_handler
 .text.asm.plat_is_my_cpu_primary
                0x0000000080007068       0x14 build-optee/imx8qm/release/bl31/imx8_helpers.o
                0x0000000080007068                plat_is_my_cpu_primary
 .text.asm.plat_my_core_pos
                0x000000008000707c       0x14 build-optee/imx8qm/release/bl31/imx8_helpers.o
                0x000000008000707c                plat_my_core_pos
 .text.asm.plat_reset_handler
                0x0000000080007090       0x38 build-optee/imx8qm/release/bl31/imx8_helpers.o
                0x0000000080007090                plat_reset_handler
 .text.asm.plat_get_my_entrypoint
                0x00000000800070c8       0x2c build-optee/imx8qm/release/bl31/imx8_helpers.o
                0x00000000800070c8                plat_get_my_entrypoint
 .text.asm.imx_mailbox_init
                0x00000000800070f4        0xc build-optee/imx8qm/release/bl31/imx8_helpers.o
                0x00000000800070f4                imx_mailbox_init
 .text.asm.plat_secondary_cold_boot_setup
                0x0000000080007100        0x4 build-optee/imx8qm/release/bl31/imx8_helpers.o
                0x0000000080007100                plat_secondary_cold_boot_setup
 .text.asm.plat_crash_console_init
                0x0000000080007104        0x4 build-optee/imx8qm/release/bl31/imx8_helpers.o
                0x0000000080007104                plat_crash_console_init
 .text.asm.plat_crash_console_putc
                0x0000000080007108        0x4 build-optee/imx8qm/release/bl31/imx8_helpers.o
                0x0000000080007108                plat_crash_console_putc
 .text.asm.platform_mem_init
                0x000000008000710c        0x4 build-optee/imx8qm/release/bl31/imx8_helpers.o
                0x000000008000710c                platform_mem_init
 .text.asm.cortex_a53_disable_dcache
                0x0000000080007110       0x14 build-optee/imx8qm/release/bl31/cortex_a53.o
 .text.asm.cortex_a53_disable_smp
                0x0000000080007124       0x18 build-optee/imx8qm/release/bl31/cortex_a53.o
 .text.asm.errata_a53_855873_wa
                0x000000008000713c       0x1c build-optee/imx8qm/release/bl31/cortex_a53.o
 .text.asm.check_errata_855873
                0x0000000080007158        0x8 build-optee/imx8qm/release/bl31/cortex_a53.o
 .text.asm.cortex_a53_reset_func
                0x0000000080007160       0x28 build-optee/imx8qm/release/bl31/cortex_a53.o
 .text.asm.cortex_a53_core_pwr_dwn
                0x0000000080007188       0x18 build-optee/imx8qm/release/bl31/cortex_a53.o
 .text.asm.cortex_a53_cluster_pwr_dwn
                0x00000000800071a0       0x24 build-optee/imx8qm/release/bl31/cortex_a53.o
 .text.asm.cortex_a72_disable_dcache
                0x00000000800071c4       0x14 build-optee/imx8qm/release/bl31/cortex_a72.o
 .text.asm.cortex_a72_disable_l2_prefetch
                0x00000000800071d8       0x20 build-optee/imx8qm/release/bl31/cortex_a72.o
 .text.asm.cortex_a72_disable_hw_prefetcher
                0x00000000800071f8       0x18 build-optee/imx8qm/release/bl31/cortex_a72.o
 .text.asm.cortex_a72_disable_smp
                0x0000000080007210       0x10 build-optee/imx8qm/release/bl31/cortex_a72.o
 .text.asm.cortex_a72_disable_ext_debug
                0x0000000080007220       0x14 build-optee/imx8qm/release/bl31/cortex_a72.o
 .text.asm.errata_a72_859971_wa
                0x0000000080007234       0x1c build-optee/imx8qm/release/bl31/cortex_a72.o
 .text.asm.check_errata_859971
                0x0000000080007250        0x8 build-optee/imx8qm/release/bl31/cortex_a72.o
 .text.asm.check_errata_cve_2017_5715
                0x0000000080007258       0x20 build-optee/imx8qm/release/bl31/cortex_a72.o
 .text.asm.cortex_a72_reset_func
                0x0000000080007278       0x54 build-optee/imx8qm/release/bl31/cortex_a72.o
 .text.asm.cortex_a72_core_pwr_dwn
                0x00000000800072cc       0x24 build-optee/imx8qm/release/bl31/cortex_a72.o
 .text.asm.cortex_a72_cluster_pwr_dwn
                0x00000000800072f0       0x30 build-optee/imx8qm/release/bl31/cortex_a72.o
 .text.asm.console_putc
                0x0000000080007320       0x68 build-optee/imx8qm/release/bl31/console.o
                0x0000000080007320                console_putc
 .text.asm.console_flush
                0x0000000080007388       0x60 build-optee/imx8qm/release/bl31/console.o
                0x0000000080007388                console_flush
 .text.asm.report_unhandled_exception
                0x00000000800073e8        0x4 build-optee/imx8qm/release/bl31/crash_reporting.o
                0x00000000800073e8                report_unhandled_exception
                0x00000000800073e8                report_unhandled_interrupt
 .text.asm.enter_lower_el_sync_ea
                0x00000000800073ec       0x40 build-optee/imx8qm/release/bl31/ea_delegate.o
                0x00000000800073ec                enter_lower_el_sync_ea
 .text.asm.enter_lower_el_async_ea
                0x000000008000742c       0x18 build-optee/imx8qm/release/bl31/ea_delegate.o
                0x000000008000742c                enter_lower_el_async_ea
 .text.asm.delegate_sync_ea
                0x0000000080007444        0x4 build-optee/imx8qm/release/bl31/ea_delegate.o
 .text.asm.delegate_async_ea
                0x0000000080007448        0x4 build-optee/imx8qm/release/bl31/ea_delegate.o
 .text.asm.ea_proceed
                0x000000008000744c       0x68 build-optee/imx8qm/release/bl31/ea_delegate.o
 .text.asm.smc_handler
                0x00000000800074b4       0xb8 build-optee/imx8qm/release/bl31/runtime_exceptions.o
 *fill*         0x000000008000756c        0x4 
 .text.asm.plat_get_my_stack
                0x0000000080007570       0x20 build-optee/imx8qm/release/bl31/platform_mp_stack.o
                0x0000000080007570                plat_get_my_stack
 .text.asm.plat_set_my_stack
                0x0000000080007590       0x10 build-optee/imx8qm/release/bl31/platform_mp_stack.o
                0x0000000080007590                plat_set_my_stack
 .text.asm.init_cpu_data_ptr
                0x00000000800075a0       0x14 build-optee/imx8qm/release/bl31/cpu_data.o
                0x00000000800075a0                init_cpu_data_ptr
 .text.asm._cpu_data_by_index
                0x00000000800075b4       0x14 build-optee/imx8qm/release/bl31/cpu_data.o
                0x00000000800075b4                _cpu_data_by_index
 .text.asm.reset_handler
                0x00000000800075c8       0x20 build-optee/imx8qm/release/bl31/cpu_helpers.o
                0x00000000800075c8                reset_handler
 .text.asm.prepare_cpu_pwr_dwn
                0x00000000800075e8       0x24 build-optee/imx8qm/release/bl31/cpu_helpers.o
                0x00000000800075e8                prepare_cpu_pwr_dwn
 .text.asm.init_cpu_ops
                0x000000008000760c       0x20 build-optee/imx8qm/release/bl31/cpu_helpers.o
                0x000000008000760c                init_cpu_ops
 .text.asm.get_cpu_ops_ptr
                0x000000008000762c       0x3c build-optee/imx8qm/release/bl31/cpu_helpers.o
                0x000000008000762c                get_cpu_ops_ptr
 .text.asm.cpu_get_rev_var
                0x0000000080007668       0x10 build-optee/imx8qm/release/bl31/cpu_helpers.o
                0x0000000080007668                cpu_get_rev_var
 .text.asm.cpu_rev_var_ls
                0x0000000080007678       0x14 build-optee/imx8qm/release/bl31/cpu_helpers.o
                0x0000000080007678                cpu_rev_var_ls
 .text.asm.cpu_rev_var_hs
                0x000000008000768c       0x14 build-optee/imx8qm/release/bl31/cpu_helpers.o
                0x000000008000768c                cpu_rev_var_hs
 .text.asm.check_wa_cve_2017_5715
                0x00000000800076a0       0x20 build-optee/imx8qm/release/bl31/cpu_helpers.o
                0x00000000800076a0                check_wa_cve_2017_5715
 .text.asm.spin_lock
                0x00000000800076c0       0x20 build-optee/imx8qm/release/bl31/spinlock.o
                0x00000000800076c0                spin_lock
 .text.asm.spin_unlock
                0x00000000800076e0        0x8 build-optee/imx8qm/release/bl31/spinlock.o
                0x00000000800076e0                spin_unlock
 .text.asm.psci_do_pwrdown_cache_maintenance
                0x00000000800076e8       0x3c build-optee/imx8qm/release/bl31/psci_helpers.o
                0x00000000800076e8                psci_do_pwrdown_cache_maintenance
 .text.asm.psci_do_pwrup_cache_maintenance
                0x0000000080007724       0x34 build-optee/imx8qm/release/bl31/psci_helpers.o
                0x0000000080007724                psci_do_pwrup_cache_maintenance
 .text.asm.psci_power_down_wfi
                0x0000000080007758        0xc build-optee/imx8qm/release/bl31/psci_helpers.o
                0x0000000080007758                psci_power_down_wfi
 .text.asm.el1_sysregs_context_save
                0x0000000080007764       0xb4 build-optee/imx8qm/release/bl31/context.o
                0x0000000080007764                el1_sysregs_context_save
 .text.asm.el1_sysregs_context_restore
                0x0000000080007818       0xb4 build-optee/imx8qm/release/bl31/context.o
                0x0000000080007818                el1_sysregs_context_restore
 .text.asm.save_gp_registers
                0x00000000800078cc       0x48 build-optee/imx8qm/release/bl31/context.o
                0x00000000800078cc                save_gp_registers
 .text.asm.restore_gp_registers
                0x0000000080007914       0x48 build-optee/imx8qm/release/bl31/context.o
                0x0000000080007914                restore_gp_registers
 .text.asm.restore_gp_registers_eret
                0x000000008000795c        0xc build-optee/imx8qm/release/bl31/context.o
                0x000000008000795c                restore_gp_registers_eret
 .text.asm.el3_exit
                0x0000000080007968       0x24 build-optee/imx8qm/release/bl31/context.o
                0x0000000080007968                el3_exit
 .text.asm.opteed_enter_sp
                0x000000008000798c       0x28 build-optee/imx8qm/release/bl31/opteed_helpers.o
                0x000000008000798c                opteed_enter_sp
 .text.asm.opteed_exit_sp
                0x00000000800079b4       0x24 build-optee/imx8qm/release/bl31/opteed_helpers.o
                0x00000000800079b4                opteed_exit_sp
 .text.asm.asm_print_str
                0x00000000800079d8       0x18 build-optee/imx8qm/release/bl31/debug.o
                0x00000000800079d8                asm_print_str
 .text.asm.asm_print_hex
                0x00000000800079f0       0x30 build-optee/imx8qm/release/bl31/debug.o
                0x00000000800079f0                asm_print_hex
 .text.asm.do_panic
                0x0000000080007a20       0x2c build-optee/imx8qm/release/bl31/debug.o
                0x0000000080007a20                do_panic
                0x0000000080007a20                el3_panic
 .text.asm.flush_dcache_range
                0x0000000080007a4c       0x38 build-optee/imx8qm/release/bl31/cache_helpers.o
                0x0000000080007a4c                flush_dcache_range
 .text.asm.clean_dcache_range
                0x0000000080007a84       0x38 build-optee/imx8qm/release/bl31/cache_helpers.o
                0x0000000080007a84                clean_dcache_range
 .text.asm.inv_dcache_range
                0x0000000080007abc       0x38 build-optee/imx8qm/release/bl31/cache_helpers.o
                0x0000000080007abc                inv_dcache_range
 .text.asm.do_dcsw_op
                0x0000000080007af4       0xdc build-optee/imx8qm/release/bl31/cache_helpers.o
 .text.asm.dcsw_op_level1
                0x0000000080007bd0       0x10 build-optee/imx8qm/release/bl31/cache_helpers.o
                0x0000000080007bd0                dcsw_op_level1
 .text.asm.dcsw_op_level2
                0x0000000080007be0       0x10 build-optee/imx8qm/release/bl31/cache_helpers.o
                0x0000000080007be0                dcsw_op_level2
 .text.asm.zeromem
                0x0000000080007bf0        0x8 build-optee/imx8qm/release/bl31/misc_helpers.o
                0x0000000080007bf0                zeromem
 .text.asm.zeromem_dczva
                0x0000000080007bf8       0xe8 build-optee/imx8qm/release/bl31/misc_helpers.o
                0x0000000080007bf8                zero_normalmem
 .text.asm.plat_crash_console_flush
                0x0000000080007ce0        0x4 build-optee/imx8qm/release/bl31/platform_helpers.o
                0x0000000080007ce0                plat_crash_console_flush
 .text.asm.plat_disable_acp
                0x0000000080007ce4        0x4 build-optee/imx8qm/release/bl31/platform_helpers.o
                0x0000000080007ce4                plat_disable_acp
 .text.asm.plat_panic_handler
                0x0000000080007ce8        0x8 build-optee/imx8qm/release/bl31/platform_helpers.o
                0x0000000080007ce8                plat_panic_handler
 .text.asm.bl31_plat_enable_mmu
                0x0000000080007cf0        0x4 build-optee/imx8qm/release/bl31/platform_helpers.o
                0x0000000080007cf0                bl31_plat_enable_mmu
 .text.asm.plat_handle_double_fault
                0x0000000080007cf4        0x4 build-optee/imx8qm/release/bl31/platform_helpers.o
                0x0000000080007cf4                plat_handle_double_fault
 .text.asm.plat_handle_el3_ea
                0x0000000080007cf8        0x4 build-optee/imx8qm/release/bl31/platform_helpers.o
                0x0000000080007cf8                plat_handle_el3_ea
 *fill*         0x0000000080007cfc        0x4 
 .text.memcpy   0x0000000080007d00       0x20 build-optee/imx8qm/release/lib/libc.a(memcpy.o)
                0x0000000080007d00                memcpy
 .text.memmove  0x0000000080007d20       0x50 build-optee/imx8qm/release/lib/libc.a(memmove.o)
                0x0000000080007d20                memmove
 .text.memset   0x0000000080007d70       0x20 build-optee/imx8qm/release/lib/libc.a(memset.o)
                0x0000000080007d70                memset
 .text.unsigned_num_print
                0x0000000080007d90       0xdc build-optee/imx8qm/release/lib/libc.a(printf.o)
 *fill*         0x0000000080007e6c        0x4 
 .text.vprintf  0x0000000080007e70      0x4f4 build-optee/imx8qm/release/lib/libc.a(printf.o)
                0x0000000080007e70                vprintf
 *fill*         0x0000000080008364        0x4 
 .text.putchar  0x0000000080008368       0x2c build-optee/imx8qm/release/lib/libc.a(putchar.o)
                0x0000000080008368                putchar
 *fill*         0x0000000080008394        0x4 
 .text.strchr   0x0000000080008398       0x2c build-optee/imx8qm/release/lib/libc.a(strchr.o)
                0x0000000080008398                strchr
 *(.rodata*)
 *fill*         0x00000000800083c4        0x4 
 .rodata.build_message
                0x00000000800083c8       0x1e build-optee/imx8qm/release/bl31/build_message.o
                0x00000000800083c8                build_message
 *fill*         0x00000000800083e6        0x2 
 .rodata.version_string
                0x00000000800083e8       0x2e build-optee/imx8qm/release/bl31/build_message.o
                0x00000000800083e8                version_string
 *fill*         0x0000000080008416        0x2 
 .rodata.mx8_partition_resources.str1.8
                0x0000000080008418      0x1e4 build-optee/imx8qm/release/bl31/imx8qm_bl31_setup.o
 *fill*         0x00000000800085fc        0x4 
 .rodata.imx8qm_cci_map
                0x0000000080008600        0x8 build-optee/imx8qm/release/bl31/imx8qm_bl31_setup.o
 .rodata.imx_mmap
                0x0000000080008608       0x40 build-optee/imx8qm/release/bl31/imx8qm_bl31_setup.o
 .rodata.imx_pwr_domain_on.str1.8
                0x0000000080008648       0x37 build-optee/imx8qm/release/bl31/imx8qm_psci.o
 *fill*         0x000000008000867f        0x1 
 .rodata.ap_core_index
                0x0000000080008680       0x18 build-optee/imx8qm/release/bl31/imx8qm_psci.o
 .rodata.imx_plat_psci_ops
                0x0000000080008698       0xa0 build-optee/imx8qm/release/bl31/imx8qm_psci.o
 .rodata.imx_power_domain_tree_desc
                0x0000000080008738        0x4 build-optee/imx8qm/release/bl31/imx8_topology.o
                0x0000000080008738                imx_power_domain_tree_desc
 *fill*         0x000000008000873c        0x4 
 .rodata.imx_system_off.str1.8
                0x0000000080008740       0x14 build-optee/imx8qm/release/bl31/imx8_psci.o
 *fill*         0x0000000080008754        0x4 
 .rodata.imx_system_reset.str1.8
                0x0000000080008758       0x17 build-optee/imx8qm/release/bl31/imx8_psci.o
 *fill*         0x000000008000876f        0x1 
 .rodata.imx_system_reset2.str1.8
                0x0000000080008770       0x32 build-optee/imx8qm/release/bl31/imx8_psci.o
 *fill*         0x00000000800087a2        0x6 
 .rodata.ap_cluster_index
                0x00000000800087a8        0x8 build-optee/imx8qm/release/bl31/cpufreq.o
 .rodata.plat_svc_setup.str1.8
                0x00000000800087b0        0xf build-optee/imx8qm/release/bl31/imx8_sip_svc.o
 *fill*         0x00000000800087bf        0x1 
 .rodata.str1.8
                0x00000000800087c0        0x8 build-optee/imx8qm/release/bl31/imx8_sip_svc.o
 .rodata.CSWTCH.10
                0x00000000800087c8       0x10 build-optee/imx8qm/release/bl31/plat_gicv3.o
 .rodata.arm_gic_data
                0x00000000800087d8       0x30 build-optee/imx8qm/release/bl31/plat_imx8_gic.o
                0x00000000800087d8                arm_gic_data
 .rodata.g01s_interrupt_props
                0x0000000080008808        0x4 build-optee/imx8qm/release/bl31/plat_imx8_gic.o
 *fill*         0x000000008000880c        0x4 
 .rodata.bl31_prepare_next_image_entry.str1.8
                0x0000000080008810       0x4f build-optee/imx8qm/release/bl31/bl31_main.o
 *fill*         0x000000008000885f        0x1 
 .rodata.bl31_main.str1.8
                0x0000000080008860        0xb build-optee/imx8qm/release/bl31/bl31_main.o
 *fill*         0x000000008000886b        0x5 
 .rodata.psci_args.2704
                0x0000000080008870       0x10 build-optee/imx8qm/release/bl31/bl31_main.o
 .rodata.runtime_svc_init.str1.8
                0x0000000080008880       0x50 build-optee/imx8qm/release/bl31/runtime_svc.o
 .rodata.str1.8
                0x00000000800088d0        0xd build-optee/imx8qm/release/bl31/arm_arch_svc_setup.o
 *fill*         0x00000000800088dd        0x3 
 .rodata.str1.8
                0x00000000800088e0        0x8 build-optee/imx8qm/release/bl31/std_svc_setup.o
 .rodata.psci_warmboot_entrypoint.str1.8
                0x00000000800088e8       0x20 build-optee/imx8qm/release/bl31/psci_common.o
 .rodata.psci_cpu_suspend.str1.8
                0x0000000080008908       0x33 build-optee/imx8qm/release/bl31/psci_main.o
 *fill*         0x000000008000893b        0x5 
 .rodata.str1.8
                0x0000000080008940       0x1c build-optee/imx8qm/release/bl31/opteed_main.o
 *fill*         0x000000008000895c        0x4 
 .rodata.opteed_pm
                0x0000000080008960       0x48 build-optee/imx8qm/release/bl31/opteed_pm.o
                0x0000000080008960                opteed_pm
 .rodata.str1.8
                0x00000000800089a8       0x4a build-optee/imx8qm/release/bl31/plat_log_common.o
 *fill*         0x00000000800089f2        0x6 
 .rodata.plat_prefix_str
                0x00000000800089f8       0x28 build-optee/imx8qm/release/bl31/plat_log_common.o
 .rodata.plat_ea_handler.str1.8
                0x0000000080008a20       0x5f build-optee/imx8qm/release/bl31/plat_common.o
 .rodata.panic_str
                0x0000000080008a7f       0x11 build-optee/imx8qm/release/bl31/debug.o
 .rodata.vprintf.str1.8
                0x0000000080008a90        0x8 build-optee/imx8qm/release/lib/libc.a(printf.o)
                                          0x3 (size before relaxing)
                0x0000000080008a98                . = ALIGN (0x8)
                0x0000000080008a98                __RT_SVC_DESCS_START__ = .
 *(rt_svc_descs)
 rt_svc_descs   0x0000000080008a98       0x20 build-optee/imx8qm/release/bl31/imx8_sip_svc.o
 rt_svc_descs   0x0000000080008ab8       0x20 build-optee/imx8qm/release/bl31/arm_arch_svc_setup.o
 rt_svc_descs   0x0000000080008ad8       0x20 build-optee/imx8qm/release/bl31/std_svc_setup.o
 rt_svc_descs   0x0000000080008af8       0x40 build-optee/imx8qm/release/bl31/opteed_main.o
                0x0000000080008b38                __RT_SVC_DESCS_END__ = .
                0x0000000080008b38                . = ALIGN (0x8)
                0x0000000080008b38                __CPU_OPS_START__ = .
 *(cpu_ops)
 cpu_ops        0x0000000080008b38       0x30 build-optee/imx8qm/release/bl31/cortex_a53.o
 cpu_ops        0x0000000080008b68       0x30 build-optee/imx8qm/release/bl31/cortex_a72.o
                0x0000000080008b98                __CPU_OPS_END__ = .
                0x0000000080008b98                . = ALIGN (0x8)
                0x0000000080008b98                __pubsub_psci_cpu_on_finish_start = .
 *(__pubsub_psci_cpu_on_finish)
                0x0000000080008b98                __pubsub_psci_cpu_on_finish_end = .
                0x0000000080008b98                __pubsub_psci_suspend_pwrdown_start_start = .
 *(__pubsub_psci_suspend_pwrdown_start)
                0x0000000080008b98                __pubsub_psci_suspend_pwrdown_start_end = .
                0x0000000080008b98                __pubsub_psci_suspend_pwrdown_finish_start = .
 *(__pubsub_psci_suspend_pwrdown_finish)
                0x0000000080008b98                __pubsub_psci_suspend_pwrdown_finish_end = .
                0x0000000080008b98                __pubsub_cm_entering_secure_world_start = .
 *(__pubsub_cm_entering_secure_world)
 __pubsub_cm_entering_secure_world
                0x0000000080008b98        0x8 build-optee/imx8qm/release/bl31/spe.o
                0x0000000080008b98                __cb_func_spe_drain_buffers_hookcm_entering_secure_world
                0x0000000080008ba0                __pubsub_cm_entering_secure_world_end = .
                0x0000000080008ba0                __pubsub_cm_exited_secure_world_start = .
 *(__pubsub_cm_exited_secure_world)
                0x0000000080008ba0                __pubsub_cm_exited_secure_world_end = .
                0x0000000080008ba0                __pubsub_cm_entering_normal_world_start = .
 *(__pubsub_cm_entering_normal_world)
 __pubsub_cm_entering_normal_world
                0x0000000080008ba0        0x8 build-optee/imx8qm/release/bl31/sve.o
                0x0000000080008ba0                __cb_func_enable_sve_hookcm_entering_normal_world
                0x0000000080008ba8                __pubsub_cm_entering_normal_world_end = .
                0x0000000080008ba8                __pubsub_cm_exited_normal_world_start = .
 *(__pubsub_cm_exited_normal_world)
 __pubsub_cm_exited_normal_world
                0x0000000080008ba8        0x8 build-optee/imx8qm/release/bl31/sve.o
                0x0000000080008ba8                __cb_func_disable_sve_hookcm_exited_normal_world
                0x0000000080008bb0                __pubsub_cm_exited_normal_world_end = .
 *(.vectors)
 *fill*         0x0000000080008bb0      0x450 
 .vectors       0x0000000080009000      0x800 build-optee/imx8qm/release/bl31/runtime_exceptions.o
                0x0000000080009000                sync_exception_sp_el0
                0x0000000080009000                runtime_exceptions
                0x0000000080009080                irq_sp_el0
                0x0000000080009100                fiq_sp_el0
                0x0000000080009180                serror_sp_el0
                0x0000000080009200                sync_exception_sp_elx
                0x0000000080009280                irq_sp_elx
                0x0000000080009300                fiq_sp_elx
                0x0000000080009380                serror_sp_elx
                0x0000000080009400                sync_exception_aarch64
                0x0000000080009480                irq_aarch64
                0x0000000080009500                fiq_aarch64
                0x0000000080009580                serror_aarch64
                0x0000000080009600                sync_exception_aarch32
                0x0000000080009680                irq_aarch32
                0x0000000080009700                fiq_aarch32
                0x0000000080009780                serror_aarch32
 .vectors       0x0000000080009800      0x800 build-optee/imx8qm/release/bl31/wa_cve_2017_5715_mmu.o
                0x0000000080009800                wa_cve_2017_5715_mmu_vbar
                0x000000008000a000                __RO_END_UNALIGNED__ = .
                0x000000008000a000                . = ALIGN (0x1000)
                0x000000008000a000                __RO_END__ = .
                0x0000000000000001                ASSERT ((__CPU_OPS_END__ > __CPU_OPS_START__), cpu_ops not defined for this platform.)
                0x000000008000a000                __RW_START__ = .

.iplt           0x000000008000a000        0x0
 .iplt          0x000000008000a000        0x0 build-optee/imx8qm/release/bl31/build_message.o

.rela.dyn       0x000000008000a000        0x0
 .rela.iplt     0x000000008000a000        0x0 build-optee/imx8qm/release/bl31/build_message.o
 .rela.text.mx8_partition_resources
                0x000000008000a000        0x0 build-optee/imx8qm/release/bl31/build_message.o
 .rela.text.bl31_early_platform_setup2
                0x000000008000a000        0x0 build-optee/imx8qm/release/bl31/build_message.o
 .rela.text.bl31_plat_arch_setup
                0x000000008000a000        0x0 build-optee/imx8qm/release/bl31/build_message.o
 .rela.text.imx_pwr_domain_on
                0x000000008000a000        0x0 build-optee/imx8qm/release/bl31/build_message.o
 .rela.text.imx_pwr_domain_off
                0x000000008000a000        0x0 build-optee/imx8qm/release/bl31/build_message.o
 .rela.text.imx_domain_suspend
                0x000000008000a000        0x0 build-optee/imx8qm/release/bl31/build_message.o
 .rela.text.imx_domain_suspend_finish
                0x000000008000a000        0x0 build-optee/imx8qm/release/bl31/build_message.o
 .rela.text.plat_setup_psci_ops
                0x000000008000a000        0x0 build-optee/imx8qm/release/bl31/build_message.o
 .rela.text.imx_system_off
                0x000000008000a000        0x0 build-optee/imx8qm/release/bl31/build_message.o
 .rela.text.imx_system_reset
                0x000000008000a000        0x0 build-optee/imx8qm/release/bl31/build_message.o
 .rela.text.imx_system_reset2
                0x000000008000a000        0x0 build-optee/imx8qm/release/bl31/build_message.o
 .rela.text.imx_cpufreq_handler
                0x000000008000a000        0x0 build-optee/imx8qm/release/bl31/build_message.o
 .rela.text.imx_srtc_handler
                0x000000008000a000        0x0 build-optee/imx8qm/release/bl31/build_message.o
 .rela.text.imx_otp_handler
                0x000000008000a000        0x0 build-optee/imx8qm/release/bl31/build_message.o
 .rela.text.imx_misc_set_temp_handler
                0x000000008000a000        0x0 build-optee/imx8qm/release/bl31/build_message.o
 .rela.text.imx_get_cpu_rev
                0x000000008000a000        0x0 build-optee/imx8qm/release/bl31/build_message.o
 .rela.text.arm_gicv3_distif_pre_save
                0x000000008000a000        0x0 build-optee/imx8qm/release/bl31/build_message.o
 .rela.text.arm_gicv3_distif_post_restore
                0x000000008000a000        0x0 build-optee/imx8qm/release/bl31/build_message.o
 .rela.text.gicv3_driver_init
                0x000000008000a000        0x0 build-optee/imx8qm/release/bl31/build_message.o
 .rela.text.gicv3_distif_init
                0x000000008000a000        0x0 build-optee/imx8qm/release/bl31/build_message.o
 .rela.text.gicv3_rdistif_init
                0x000000008000a000        0x0 build-optee/imx8qm/release/bl31/build_message.o
 .rela.text.gicv3_cpuif_enable
                0x000000008000a000        0x0 build-optee/imx8qm/release/bl31/build_message.o
 .rela.text.gicv3_cpuif_disable
                0x000000008000a000        0x0 build-optee/imx8qm/release/bl31/build_message.o
 .rela.text.gicv3_rdistif_save
                0x000000008000a000        0x0 build-optee/imx8qm/release/bl31/build_message.o
 .rela.text.gicv3_rdistif_init_restore
                0x000000008000a000        0x0 build-optee/imx8qm/release/bl31/build_message.o
 .rela.text.gicv3_distif_save
                0x000000008000a000        0x0 build-optee/imx8qm/release/bl31/build_message.o
 .rela.text.gicv3_distif_init_restore
                0x000000008000a000        0x0 build-optee/imx8qm/release/bl31/build_message.o
 .rela.rodata.arm_gic_data
                0x000000008000a000        0x0 build-optee/imx8qm/release/bl31/build_message.o
 .rela.text.runtime_svc_init
                0x000000008000a000        0x0 build-optee/imx8qm/release/bl31/build_message.o
 .rela.text.cm_el1_sysregs_context_save
                0x000000008000a000        0x0 build-optee/imx8qm/release/bl31/build_message.o
 .rela.text.cm_el1_sysregs_context_restore
                0x000000008000a000        0x0 build-optee/imx8qm/release/bl31/build_message.o
 .rela.text.psci_do_cpu_off
                0x000000008000a000        0x0 build-optee/imx8qm/release/bl31/build_message.o
 .rela.text.psci_cpu_on_start
                0x000000008000a000        0x0 build-optee/imx8qm/release/bl31/build_message.o
 .rela.text.psci_cpu_on_finish
                0x000000008000a000        0x0 build-optee/imx8qm/release/bl31/build_message.o
 .rela.text.psci_cpu_suspend_start
                0x000000008000a000        0x0 build-optee/imx8qm/release/bl31/build_message.o
 .rela.text.psci_cpu_suspend_finish
                0x000000008000a000        0x0 build-optee/imx8qm/release/bl31/build_message.o
 .rela.text.psci_validate_power_state
                0x000000008000a000        0x0 build-optee/imx8qm/release/bl31/build_message.o
 .rela.text.psci_query_sys_suspend_pwrstate
                0x000000008000a000        0x0 build-optee/imx8qm/release/bl31/build_message.o
 .rela.text.psci_get_target_local_pwr_states
                0x000000008000a000        0x0 build-optee/imx8qm/release/bl31/build_message.o
 .rela.text.psci_get_parent_pwr_domain_nodes
                0x000000008000a000        0x0 build-optee/imx8qm/release/bl31/build_message.o
 .rela.text.psci_set_pwr_domains_to_run
                0x000000008000a000        0x0 build-optee/imx8qm/release/bl31/build_message.o
 .rela.text.psci_do_state_coordination
                0x000000008000a000        0x0 build-optee/imx8qm/release/bl31/build_message.o
 .rela.text.psci_acquire_pwr_domain_locks
                0x000000008000a000        0x0 build-optee/imx8qm/release/bl31/build_message.o
 .rela.text.psci_release_pwr_domain_locks
                0x000000008000a000        0x0 build-optee/imx8qm/release/bl31/build_message.o
 .rela.text.psci_validate_entry_point
                0x000000008000a000        0x0 build-optee/imx8qm/release/bl31/build_message.o
 .rela.text.psci_warmboot_entrypoint
                0x000000008000a000        0x0 build-optee/imx8qm/release/bl31/build_message.o
 .rela.text.psci_register_spd_pm_hook
                0x000000008000a000        0x0 build-optee/imx8qm/release/bl31/build_message.o
 .rela.text.psci_spd_migrate_info
                0x000000008000a000        0x0 build-optee/imx8qm/release/bl31/build_message.o
 .rela.text.psci_cpu_suspend
                0x000000008000a000        0x0 build-optee/imx8qm/release/bl31/build_message.o
 .rela.text.psci_migrate
                0x000000008000a000        0x0 build-optee/imx8qm/release/bl31/build_message.o
 .rela.text.psci_node_hw_state
                0x000000008000a000        0x0 build-optee/imx8qm/release/bl31/build_message.o
 .rela.text.psci_features
                0x000000008000a000        0x0 build-optee/imx8qm/release/bl31/build_message.o
 .rela.text.psci_smc_handler
                0x000000008000a000        0x0 build-optee/imx8qm/release/bl31/build_message.o
 .rela.text.psci_setup
                0x000000008000a000        0x0 build-optee/imx8qm/release/bl31/build_message.o
 .rela.text.psci_system_off
                0x000000008000a000        0x0 build-optee/imx8qm/release/bl31/build_message.o
 .rela.text.psci_system_reset
                0x000000008000a000        0x0 build-optee/imx8qm/release/bl31/build_message.o
 .rela.text.psci_system_reset2
                0x000000008000a000        0x0 build-optee/imx8qm/release/bl31/build_message.o
 .rela.text.psci_mem_protect
                0x000000008000a000        0x0 build-optee/imx8qm/release/bl31/build_message.o
 .rela.text.psci_mem_chk_range
                0x000000008000a000        0x0 build-optee/imx8qm/release/bl31/build_message.o
 .rela.text.opteed_sel1_interrupt_handler
                0x000000008000a000        0x0 build-optee/imx8qm/release/bl31/build_message.o
 .rela.text.opteed_smc_handler
                0x000000008000a000        0x0 build-optee/imx8qm/release/bl31/build_message.o
 .rela.text.opteed_setup
                0x000000008000a000        0x0 build-optee/imx8qm/release/bl31/build_message.o
 .rela.text.opteed_init
                0x000000008000a000        0x0 build-optee/imx8qm/release/bl31/build_message.o
 .rela.text.opteed_system_reset
                0x000000008000a000        0x0 build-optee/imx8qm/release/bl31/build_message.o
 .rela.text.opteed_system_off
                0x000000008000a000        0x0 build-optee/imx8qm/release/bl31/build_message.o
 .rela.text.opteed_cpu_suspend_finish_handler
                0x000000008000a000        0x0 build-optee/imx8qm/release/bl31/build_message.o
 .rela.text.opteed_cpu_suspend_handler
                0x000000008000a000        0x0 build-optee/imx8qm/release/bl31/build_message.o
 .rela.text.opteed_cpu_off_handler
                0x000000008000a000        0x0 build-optee/imx8qm/release/bl31/build_message.o
 .rela.text.opteed_cpu_on_finish_handler
                0x000000008000a000        0x0 build-optee/imx8qm/release/bl31/build_message.o
 .rela.text.asm.bl31_entrypoint
                0x000000008000a000        0x0 build-optee/imx8qm/release/bl31/build_message.o
 .rela.text.asm.smc_handler
                0x000000008000a000        0x0 build-optee/imx8qm/release/bl31/build_message.o
 .rela.text.asm._cpu_data_by_index
                0x000000008000a000        0x0 build-optee/imx8qm/release/bl31/build_message.o
 .rela.text.asm.get_cpu_ops_ptr
                0x000000008000a000        0x0 build-optee/imx8qm/release/bl31/build_message.o

.data           0x000000008000a000       0x41
                0x000000008000a000                __DATA_START__ = .
 *(.data*)
 .data.ns_access_allowed
                0x000000008000a000        0x6 build-optee/imx8qm/release/bl31/imx8qm_bl31_setup.o
                0x000000008000a000                ns_access_allowed
 *fill*         0x000000008000a006        0x2 
 .data.secure_rsrcs
                0x000000008000a008       0x1e build-optee/imx8qm/release/bl31/imx8qm_bl31_setup.o
                0x000000008000a008                secure_rsrcs
 *fill*         0x000000008000a026        0x2 
 .data.next_image_type
                0x000000008000a028        0x4 build-optee/imx8qm/release/bl31/bl31_main.o
 .data.max_log_level
                0x000000008000a02c        0x4 build-optee/imx8qm/release/bl31/tf_log.o
 .data.mailbox_base
                0x000000008000a030        0x8 build-optee/imx8qm/release/bl31/imx8_helpers.o
 .data.console_list
                0x000000008000a038        0x8 build-optee/imx8qm/release/bl31/console.o
                0x000000008000a038                console_list
 .data.console_state
                0x000000008000a040        0x1 build-optee/imx8qm/release/bl31/console.o
                0x000000008000a041                __DATA_END__ = .

.igot.plt       0x000000008000a048        0x0
 .igot.plt      0x000000008000a048        0x0 build-optee/imx8qm/release/bl31/build_message.o

stacks          0x000000008000a080     0x1800
                0x000000008000a080                __STACKS_START__ = .
 *(tzfw_normal_stacks)
 tzfw_normal_stacks
                0x000000008000a080     0x1800 build-optee/imx8qm/release/bl31/platform_mp_stack.o
                0x000000008000b880                __STACKS_END__ = .

.bss            0x000000008000b880     0x4a30
                0x000000008000b880                __BSS_START__ = .
 *(.bss*)
 .bss.bl32_image_ep_info
                0x000000008000b880       0x58 build-optee/imx8qm/release/bl31/imx8qm_bl31_setup.o
 .bss.bl33_image_ep_info
                0x000000008000b8d8       0x58 build-optee/imx8qm/release/bl31/imx8qm_bl31_setup.o
 .bss.gpt_lpcg  0x000000008000b930        0x4 build-optee/imx8qm/release/bl31/imx8qm_psci.o
 *fill*         0x000000008000b934        0x4 
 .bss.gpt_reg   0x000000008000b938        0x8 build-optee/imx8qm/release/bl31/imx8qm_psci.o
 .bss.imx_gicv3_ctx
                0x000000008000b940     0x2930 build-optee/imx8qm/release/bl31/imx8qm_psci.o
 .bss.wakeup_src_irqsteer
                0x000000008000e270        0x1 build-optee/imx8qm/release/bl31/misc.o
 *fill*         0x000000008000e271        0xf 
 .bss.base_xlation_table
                0x000000008000e280       0x20 build-optee/imx8qm/release/bl31/xlat_tables.o
 .bss.tcr_ps_bits
                0x000000008000e2a0        0x8 build-optee/imx8qm/release/bl31/xlat_tables.o
 .bss.ap1_mask  0x000000008000e2a8        0x8 build-optee/imx8qm/release/bl31/xlat_tables_common.o
 .bss.execute_never_mask
                0x000000008000e2b0        0x8 build-optee/imx8qm/release/bl31/xlat_tables_common.o
 .bss.mmap      0x000000008000e2b8      0x1a0 build-optee/imx8qm/release/bl31/xlat_tables_common.o
 .bss.next_xlat
                0x000000008000e458        0x4 build-optee/imx8qm/release/bl31/xlat_tables_common.o
 *fill*         0x000000008000e45c        0x4 
 .bss.xlat_max_pa
                0x000000008000e460        0x8 build-optee/imx8qm/release/bl31/xlat_tables_common.o
 .bss.xlat_max_va
                0x000000008000e468        0x8 build-optee/imx8qm/release/bl31/xlat_tables_common.o
 .bss.cci_base  0x000000008000e470        0x8 build-optee/imx8qm/release/bl31/cci.o
 .bss.cci_slave_if_map
                0x000000008000e478        0x8 build-optee/imx8qm/release/bl31/cci.o
 .bss.bl32_init
                0x000000008000e480        0x8 build-optee/imx8qm/release/bl31/bl31_main.o
 .bss.intr_type_descs
                0x000000008000e488       0x48 build-optee/imx8qm/release/bl31/interrupt_mgmt.o
 .bss.psci_req_local_pwr_states
                0x000000008000e4d0        0xc build-optee/imx8qm/release/bl31/psci_common.o
 *fill*         0x000000008000e4dc        0x4 
 .bss.psci_ns_context
                0x000000008000e4e0      0xd20 build-optee/imx8qm/release/bl31/psci_setup.o
 *(COMMON)
 COMMON         0x000000008000f200        0x8 build-optee/imx8qm/release/bl31/imx8qm_bl31_setup.o
                0x000000008000f200                ipc_handle
 COMMON         0x000000008000f208        0x8 build-optee/imx8qm/release/bl31/gicv3_main.o
                0x000000008000f208                gicv3_driver_data
 COMMON         0x000000008000f210       0x30 build-optee/imx8qm/release/bl31/plat_imx8_gic.o
                0x000000008000f210                rdistif_base_addrs
 COMMON         0x000000008000f240       0x80 build-optee/imx8qm/release/bl31/runtime_svc.o
                0x000000008000f240                rt_svc_descs_indices
 COMMON         0x000000008000f2c0      0x180 build-optee/imx8qm/release/bl31/cpu_data_array.o
                0x000000008000f2c0                percpu_data
 COMMON         0x000000008000f440       0x70 build-optee/imx8qm/release/bl31/psci_common.o
                0x000000008000f440                psci_cpu_pd_nodes
                0x000000008000f4a0                psci_plat_pm_ops
                0x000000008000f4a8                psci_spd_pm
 COMMON         0x000000008000f4b0        0x4 build-optee/imx8qm/release/bl31/psci_setup.o
                0x000000008000f4b0                psci_caps
 *fill*         0x000000008000f4b4        0xc 
 COMMON         0x000000008000f4c0      0xdf0 build-optee/imx8qm/release/bl31/opteed_main.o
                0x000000008000f4c0                optee_vector_table
                0x000000008000f4c8                opteed_rw
                0x000000008000f4d0                opteed_sp_context
                0x00000000800102b0                __BSS_END__ = .

xlat_table      0x0000000080011000     0x8000
 *(xlat_table)
 xlat_table     0x0000000080011000     0x8000 build-optee/imx8qm/release/bl31/xlat_tables_common.o

coherent_ram    0x0000000080019000     0x1000
                0x0000000080019000                __COHERENT_RAM_START__ = .
 *(bakery_lock)
 bakery_lock    0x0000000080019000        0xc build-optee/imx8qm/release/bl31/ipc.o
                0x0000000080019000                sc_ipc_bakery_lock
 *fill*         0x000000008001900c        0x4 
 bakery_lock    0x0000000080019010       0x48 build-optee/imx8qm/release/bl31/psci_common.o
                0x0000000080019010                psci_locks
 *(tzfw_coherent_mem)
 tzfw_coherent_mem
                0x0000000080019058       0x60 build-optee/imx8qm/release/bl31/psci_common.o
                0x0000000080019058                psci_non_cpu_pd_nodes
                0x00000000800190b8                __COHERENT_RAM_END_UNALIGNED__ = .
                0x000000008001a000                . = ALIGN (0x1000)
 *fill*         0x00000000800190b8      0xf48 
                0x000000008001a000                __COHERENT_RAM_END__ = .
                0x000000008001a000                __RW_END__ = .
                0x000000008001a000                __BL31_END__ = .
                0x0000000000004a30                __BSS_SIZE__ = SIZEOF (.bss)
                0x00000000000000b8                __COHERENT_RAM_UNALIGNED_SIZE__ = (__COHERENT_RAM_END_UNALIGNED__ - __COHERENT_RAM_START__)
                0x0000000000000001                ASSERT ((. <= 0x80020000), BL31 image has exceeded its limit.)
LOAD build-optee/imx8qm/release/bl31/build_message.o
LOAD build-optee/imx8qm/release/bl31/imx8qm_bl31_setup.o
LOAD build-optee/imx8qm/release/bl31/imx8qm_psci.o
LOAD build-optee/imx8qm/release/bl31/imx8_topology.o
LOAD build-optee/imx8qm/release/bl31/imx8_psci.o
LOAD build-optee/imx8qm/release/bl31/cpufreq.o
LOAD build-optee/imx8qm/release/bl31/srtc.o
LOAD build-optee/imx8qm/release/bl31/misc.o
LOAD build-optee/imx8qm/release/bl31/imx8_sip_svc.o
LOAD build-optee/imx8qm/release/bl31/xlat_tables.o
LOAD build-optee/imx8qm/release/bl31/xlat_tables_common.o
LOAD build-optee/imx8qm/release/bl31/cci.o
LOAD build-optee/imx8qm/release/bl31/gicv3_helpers.o
LOAD build-optee/imx8qm/release/bl31/arm_gicv3_common.o
LOAD build-optee/imx8qm/release/bl31/gic500.o
LOAD build-optee/imx8qm/release/bl31/gicv3_main.o
LOAD build-optee/imx8qm/release/bl31/gic_common.o
LOAD build-optee/imx8qm/release/bl31/plat_gicv3.o
LOAD build-optee/imx8qm/release/bl31/plat_psci_common.o
LOAD build-optee/imx8qm/release/bl31/plat_imx8_gic.o
LOAD build-optee/imx8qm/release/bl31/ipc.o
LOAD build-optee/imx8qm/release/bl31/imx8_mu.o